<?xml version="1.0"?>
<link_info>
   <banner>TMS320C2000 Linker PC v15.12.3.LTS</banner>
   <copyright>Copyright (c) 1996-2015 Texas Instruments Incorporated</copyright>
   <link_time>0x5d202e8e</link_time>
   <link_errors>0x0</link_errors>
   <output_file>eqep_pos_speed_c28.out</output_file>
   <entry_point>
      <name>code_start</name>
      <address>0x13fff0</address>
   </entry_point>
   <input_file_list>
      <input_file id="fl-2">
         <path>.\</path>
         <kind>object</kind>
         <file>Example_EPwmSetup.obj</file>
         <name>Example_EPwmSetup.obj</name>
      </input_file>
      <input_file id="fl-3">
         <path>.\</path>
         <kind>object</kind>
         <file>Example_posspeed.obj</file>
         <name>Example_posspeed.obj</name>
      </input_file>
      <input_file id="fl-4">
         <path>.\</path>
         <kind>object</kind>
         <file>F28M35x_CodeStartBranch.obj</file>
         <name>F28M35x_CodeStartBranch.obj</name>
      </input_file>
      <input_file id="fl-5">
         <path>.\</path>
         <kind>object</kind>
         <file>F28M35x_CpuTimers.obj</file>
         <name>F28M35x_CpuTimers.obj</name>
      </input_file>
      <input_file id="fl-6">
         <path>.\</path>
         <kind>object</kind>
         <file>F28M35x_DefaultIsr.obj</file>
         <name>F28M35x_DefaultIsr.obj</name>
      </input_file>
      <input_file id="fl-7">
         <path>.\</path>
         <kind>object</kind>
         <file>F28M35x_EPwm.obj</file>
         <name>F28M35x_EPwm.obj</name>
      </input_file>
      <input_file id="fl-8">
         <path>.\</path>
         <kind>object</kind>
         <file>F28M35x_EQep.obj</file>
         <name>F28M35x_EQep.obj</name>
      </input_file>
      <input_file id="fl-9">
         <path>.\</path>
         <kind>object</kind>
         <file>F28M35x_GlobalVariableDefs.obj</file>
         <name>F28M35x_GlobalVariableDefs.obj</name>
      </input_file>
      <input_file id="fl-a">
         <path>.\</path>
         <kind>object</kind>
         <file>F28M35x_PieCtrl.obj</file>
         <name>F28M35x_PieCtrl.obj</name>
      </input_file>
      <input_file id="fl-b">
         <path>.\</path>
         <kind>object</kind>
         <file>F28M35x_PieVect.obj</file>
         <name>F28M35x_PieVect.obj</name>
      </input_file>
      <input_file id="fl-c">
         <path>.\</path>
         <kind>object</kind>
         <file>F28M35x_SysCtrl.obj</file>
         <name>F28M35x_SysCtrl.obj</name>
      </input_file>
      <input_file id="fl-d">
         <path>.\</path>
         <kind>object</kind>
         <file>eqep_pos_speed_c28.obj</file>
         <name>eqep_pos_speed_c28.obj</name>
      </input_file>
      <input_file id="fl-1a">
         <path>C:\ti\ccsv6\tools\compiler\c2000_15.12.3.LTS\lib\</path>
         <kind>archive</kind>
         <file>rts2800_ml.lib</file>
         <name>boot.obj</name>
      </input_file>
      <input_file id="fl-1b">
         <path>C:\ti\ccsv6\tools\compiler\c2000_15.12.3.LTS\lib\</path>
         <kind>archive</kind>
         <file>rts2800_ml.lib</file>
         <name>cpy_tbl.obj</name>
      </input_file>
      <input_file id="fl-1c">
         <path>C:\ti\ccsv6\tools\compiler\c2000_15.12.3.LTS\lib\</path>
         <kind>archive</kind>
         <file>rts2800_ml.lib</file>
         <name>cpy_utils.obj</name>
      </input_file>
      <input_file id="fl-1d">
         <path>C:\ti\ccsv6\tools\compiler\c2000_15.12.3.LTS\lib\</path>
         <kind>archive</kind>
         <file>rts2800_ml.lib</file>
         <name>e_sqrtf.obj</name>
      </input_file>
      <input_file id="fl-1e">
         <path>C:\ti\ccsv6\tools\compiler\c2000_15.12.3.LTS\lib\</path>
         <kind>archive</kind>
         <file>rts2800_ml.lib</file>
         <name>errno.obj</name>
      </input_file>
      <input_file id="fl-1f">
         <path>C:\ti\ccsv6\tools\compiler\c2000_15.12.3.LTS\lib\</path>
         <kind>archive</kind>
         <file>rts2800_ml.lib</file>
         <name>exit.obj</name>
      </input_file>
      <input_file id="fl-20">
         <path>C:\ti\ccsv6\tools\compiler\c2000_15.12.3.LTS\lib\</path>
         <kind>archive</kind>
         <file>rts2800_ml.lib</file>
         <name>fs_add.obj</name>
      </input_file>
      <input_file id="fl-21">
         <path>C:\ti\ccsv6\tools\compiler\c2000_15.12.3.LTS\lib\</path>
         <kind>archive</kind>
         <file>rts2800_ml.lib</file>
         <name>fs_cmp.obj</name>
      </input_file>
      <input_file id="fl-22">
         <path>C:\ti\ccsv6\tools\compiler\c2000_15.12.3.LTS\lib\</path>
         <kind>archive</kind>
         <file>rts2800_ml.lib</file>
         <name>fs_div.obj</name>
      </input_file>
      <input_file id="fl-23">
         <path>C:\ti\ccsv6\tools\compiler\c2000_15.12.3.LTS\lib\</path>
         <kind>archive</kind>
         <file>rts2800_ml.lib</file>
         <name>fs_mpy.obj</name>
      </input_file>
      <input_file id="fl-24">
         <path>C:\ti\ccsv6\tools\compiler\c2000_15.12.3.LTS\lib\</path>
         <kind>archive</kind>
         <file>rts2800_ml.lib</file>
         <name>fs_neg.obj</name>
      </input_file>
      <input_file id="fl-25">
         <path>C:\ti\ccsv6\tools\compiler\c2000_15.12.3.LTS\lib\</path>
         <kind>archive</kind>
         <file>rts2800_ml.lib</file>
         <name>fs_tol.obj</name>
      </input_file>
      <input_file id="fl-26">
         <path>C:\ti\ccsv6\tools\compiler\c2000_15.12.3.LTS\lib\</path>
         <kind>archive</kind>
         <file>rts2800_ml.lib</file>
         <name>fs_tou.obj</name>
      </input_file>
      <input_file id="fl-27">
         <path>C:\ti\ccsv6\tools\compiler\c2000_15.12.3.LTS\lib\</path>
         <kind>archive</kind>
         <file>rts2800_ml.lib</file>
         <name>memcpy.obj</name>
      </input_file>
      <input_file id="fl-28">
         <path>C:\ti\ccsv6\tools\compiler\c2000_15.12.3.LTS\lib\</path>
         <kind>archive</kind>
         <file>rts2800_ml.lib</file>
         <name>pre_init.obj</name>
      </input_file>
      <input_file id="fl-29">
         <path>C:\ti\ccsv6\tools\compiler\c2000_15.12.3.LTS\lib\</path>
         <kind>archive</kind>
         <file>rts2800_ml.lib</file>
         <name>s_tanf.obj</name>
      </input_file>
      <input_file id="fl-2a">
         <path>C:\ti\ccsv6\tools\compiler\c2000_15.12.3.LTS\lib\</path>
         <kind>archive</kind>
         <file>rts2800_ml.lib</file>
         <name>startup.obj</name>
      </input_file>
      <input_file id="fl-2b">
         <path>C:\ti\ccsv6\tools\compiler\c2000_15.12.3.LTS\lib\</path>
         <kind>archive</kind>
         <file>rts2800_ml.lib</file>
         <name>_lock.obj</name>
      </input_file>
      <input_file id="fl-2c">
         <path>C:\ti\ccsv6\tools\compiler\c2000_15.12.3.LTS\lib\</path>
         <kind>archive</kind>
         <file>rts2800_ml.lib</file>
         <name>args_main.obj</name>
      </input_file>
      <input_file id="fl-2d">
         <path>C:\ti\ccsv6\tools\compiler\c2000_15.12.3.LTS\lib\</path>
         <kind>archive</kind>
         <file>rts2800_ml.lib</file>
         <name>fd_add.obj</name>
      </input_file>
      <input_file id="fl-2e">
         <path>C:\ti\ccsv6\tools\compiler\c2000_15.12.3.LTS\lib\</path>
         <kind>archive</kind>
         <file>rts2800_ml.lib</file>
         <name>fd_div.obj</name>
      </input_file>
      <input_file id="fl-2f">
         <path>C:\ti\ccsv6\tools\compiler\c2000_15.12.3.LTS\lib\</path>
         <kind>archive</kind>
         <file>rts2800_ml.lib</file>
         <name>fd_mpy.obj</name>
      </input_file>
      <input_file id="fl-30">
         <path>C:\ti\ccsv6\tools\compiler\c2000_15.12.3.LTS\lib\</path>
         <kind>archive</kind>
         <file>rts2800_ml.lib</file>
         <name>fd_neg.obj</name>
      </input_file>
      <input_file id="fl-31">
         <path>C:\ti\ccsv6\tools\compiler\c2000_15.12.3.LTS\lib\</path>
         <kind>archive</kind>
         <file>rts2800_ml.lib</file>
         <name>fd_sub.obj</name>
      </input_file>
      <input_file id="fl-32">
         <path>C:\ti\ccsv6\tools\compiler\c2000_15.12.3.LTS\lib\</path>
         <kind>archive</kind>
         <file>rts2800_ml.lib</file>
         <name>fd_tofs.obj</name>
      </input_file>
      <input_file id="fl-33">
         <path>C:\ti\ccsv6\tools\compiler\c2000_15.12.3.LTS\lib\</path>
         <kind>archive</kind>
         <file>rts2800_ml.lib</file>
         <name>fd_tol.obj</name>
      </input_file>
      <input_file id="fl-34">
         <path>C:\ti\ccsv6\tools\compiler\c2000_15.12.3.LTS\lib\</path>
         <kind>archive</kind>
         <file>rts2800_ml.lib</file>
         <name>fs_tofd.obj</name>
      </input_file>
      <input_file id="fl-35">
         <path>C:\ti\ccsv6\tools\compiler\c2000_15.12.3.LTS\lib\</path>
         <kind>archive</kind>
         <file>rts2800_ml.lib</file>
         <name>fs_toi.obj</name>
      </input_file>
      <input_file id="fl-36">
         <path>C:\ti\ccsv6\tools\compiler\c2000_15.12.3.LTS\lib\</path>
         <kind>archive</kind>
         <file>rts2800_ml.lib</file>
         <name>k_rem_pio2.obj</name>
      </input_file>
      <input_file id="fl-37">
         <path>C:\ti\ccsv6\tools\compiler\c2000_15.12.3.LTS\lib\</path>
         <kind>archive</kind>
         <file>rts2800_ml.lib</file>
         <name>l_tofd.obj</name>
      </input_file>
      <input_file id="fl-38">
         <path>C:\ti\ccsv6\tools\compiler\c2000_15.12.3.LTS\lib\</path>
         <kind>archive</kind>
         <file>rts2800_ml.lib</file>
         <name>s_floor.obj</name>
      </input_file>
      <input_file id="fl-39">
         <path>C:\ti\ccsv6\tools\compiler\c2000_15.12.3.LTS\lib\</path>
         <kind>archive</kind>
         <file>rts2800_ml.lib</file>
         <name>s_scalbn.obj</name>
      </input_file>
      <input_file id="fl-3a">
         <path>C:\ti\ccsv6\tools\compiler\c2000_15.12.3.LTS\lib\</path>
         <kind>archive</kind>
         <file>rts2800_ml.lib</file>
         <name>fd_cmp.obj</name>
      </input_file>
      <input_file id="fl-3b">
         <path>C:\ti\ccsv6\tools\compiler\c2000_15.12.3.LTS\lib\</path>
         <kind>archive</kind>
         <file>rts2800_ml.lib</file>
         <name>i_div.obj</name>
      </input_file>
      <input_file id="fl-3c">
         <path>C:\ti\ccsv6\tools\compiler\c2000_15.12.3.LTS\lib\</path>
         <kind>archive</kind>
         <file>rts2800_ml.lib</file>
         <name>ll_aox.obj</name>
      </input_file>
      <input_file id="fl-3d">
         <path>C:\ti\ccsv6\tools\compiler\c2000_15.12.3.LTS\lib\</path>
         <kind>archive</kind>
         <file>rts2800_ml.lib</file>
         <name>s_copysign.obj</name>
      </input_file>
      <input_file id="fl-3e">
         <path>C:\ti\controlSUITE\libs\math\IQmath\v160\lib\</path>
         <kind>archive</kind>
         <file>IQmath.lib</file>
         <name>IQ24div.obj</name>
      </input_file>
      <input_file id="fl-3f">
         <path>C:\ti\controlSUITE\libs\math\IQmath\v160\lib\</path>
         <kind>archive</kind>
         <file>IQmath.lib</file>
         <name>IQmathTables.obj</name>
      </input_file>
   </input_file_list>
   <object_component_list>
      <object_component id="oc-d8">
         <name>PieVectTableFile</name>
         <uninitialized>true</uninitialized>
         <run_address>0xd00</run_address>
         <size>0x100</size>
         <input_file_ref idref="fl-9"/>
      </object_component>
      <object_component id="oc-c9">
         <name>DevEmuRegsFile</name>
         <uninitialized>true</uninitialized>
         <run_address>0x880</run_address>
         <size>0x42</size>
         <input_file_ref idref="fl-9"/>
      </object_component>
      <object_component id="oc-af">
         <name>CsmRegsFile</name>
         <uninitialized>true</uninitialized>
         <run_address>0xae0</run_address>
         <size>0x16</size>
         <input_file_ref idref="fl-9"/>
      </object_component>
      <object_component id="oc-ac">
         <name>AdcResultFile</name>
         <uninitialized>true</uninitialized>
         <run_address>0xb00</run_address>
         <size>0x10</size>
         <input_file_ref idref="fl-9"/>
      </object_component>
      <object_component id="oc-aa">
         <name>Adc1ResultFile</name>
         <uninitialized>true</uninitialized>
         <run_address>0xb00</run_address>
         <size>0x10</size>
         <input_file_ref idref="fl-9"/>
      </object_component>
      <object_component id="oc-ae">
         <name>Adc2ResultFile</name>
         <uninitialized>true</uninitialized>
         <run_address>0xb40</run_address>
         <size>0x10</size>
         <input_file_ref idref="fl-9"/>
      </object_component>
      <object_component id="oc-a7">
         <name>CpuTimer0RegsFile</name>
         <uninitialized>true</uninitialized>
         <run_address>0xc00</run_address>
         <size>0x8</size>
         <input_file_ref idref="fl-9"/>
      </object_component>
      <object_component id="oc-a5">
         <name>CpuTimer1RegsFile</name>
         <uninitialized>true</uninitialized>
         <run_address>0xc08</run_address>
         <size>0x8</size>
         <input_file_ref idref="fl-9"/>
      </object_component>
      <object_component id="oc-a6">
         <name>CpuTimer2RegsFile</name>
         <uninitialized>true</uninitialized>
         <run_address>0xc10</run_address>
         <size>0x8</size>
         <input_file_ref idref="fl-9"/>
      </object_component>
      <object_component id="oc-b0">
         <name>PieCtrlRegsFile</name>
         <uninitialized>true</uninitialized>
         <run_address>0xce0</run_address>
         <size>0x1a</size>
         <input_file_ref idref="fl-9"/>
      </object_component>
      <object_component id="oc-d9">
         <name>PieVectTableCopyFile</name>
         <uninitialized>true</uninitialized>
         <run_address>0xe00</run_address>
         <size>0x100</size>
         <input_file_ref idref="fl-9"/>
      </object_component>
      <object_component id="oc-d7">
         <name>DmaRegsFile</name>
         <uninitialized>true</uninitialized>
         <run_address>0x1000</run_address>
         <size>0xe0</size>
         <input_file_ref idref="fl-9"/>
      </object_component>
      <object_component id="oc-cd">
         <name>AnalogSysctrlRegsFile</name>
         <uninitialized>true</uninitialized>
         <run_address>0x1700</run_address>
         <size>0x78</size>
         <input_file_ref idref="fl-9"/>
      </object_component>
      <object_component id="oc-da">
         <name>FlashCtrlRegsFile</name>
         <uninitialized>true</uninitialized>
         <run_address>0x4000</run_address>
         <size>0x182</size>
         <input_file_ref idref="fl-9"/>
      </object_component>
      <object_component id="oc-c1">
         <name>FlashEccRegsFile</name>
         <uninitialized>true</uninitialized>
         <run_address>0x4300</run_address>
         <size>0x24</size>
         <input_file_ref idref="fl-9"/>
      </object_component>
      <object_component id="oc-a4">
         <name>M3PllRegsFile</name>
         <uninitialized>true</uninitialized>
         <run_address>0x4400</run_address>
         <size>0x8</size>
         <input_file_ref idref="fl-9"/>
      </object_component>
      <object_component id="oc-a8">
         <name>EpiRegsFile</name>
         <uninitialized>true</uninitialized>
         <run_address>0x4430</run_address>
         <size>0xc</size>
         <input_file_ref idref="fl-9"/>
      </object_component>
      <object_component id="oc-c5">
         <name>RAMRegsFile</name>
         <uninitialized>true</uninitialized>
         <run_address>0x4900</run_address>
         <size>0x3e</size>
         <input_file_ref idref="fl-9"/>
      </object_component>
      <object_component id="oc-c4">
         <name>RAMErrRegsFile</name>
         <uninitialized>true</uninitialized>
         <run_address>0x4a00</run_address>
         <size>0x3e</size>
         <input_file_ref idref="fl-9"/>
      </object_component>
      <object_component id="oc-c8">
         <name>CtoMIpcRegsFile</name>
         <uninitialized>true</uninitialized>
         <run_address>0x4e00</run_address>
         <size>0x40</size>
         <input_file_ref idref="fl-9"/>
      </object_component>
      <object_component id="oc-b1">
         <name>SysCtrlRegsFile</name>
         <uninitialized>true</uninitialized>
         <run_address>0x7010</run_address>
         <size>0x1d</size>
         <input_file_ref idref="fl-9"/>
      </object_component>
      <object_component id="oc-ad">
         <name>SpiaRegsFile</name>
         <uninitialized>true</uninitialized>
         <run_address>0x7040</run_address>
         <size>0x10</size>
         <input_file_ref idref="fl-9"/>
      </object_component>
      <object_component id="oc-a9">
         <name>SciaRegsFile</name>
         <uninitialized>true</uninitialized>
         <run_address>0x7050</run_address>
         <size>0x10</size>
         <input_file_ref idref="fl-9"/>
      </object_component>
      <object_component id="oc-9c">
         <name>NmiIntruptRegsFile</name>
         <uninitialized>true</uninitialized>
         <run_address>0x7060</run_address>
         <size>0x6</size>
         <input_file_ref idref="fl-9"/>
      </object_component>
      <object_component id="oc-ab">
         <name>XIntruptRegsFile</name>
         <uninitialized>true</uninitialized>
         <run_address>0x7070</run_address>
         <size>0x10</size>
         <input_file_ref idref="fl-9"/>
      </object_component>
      <object_component id="oc-cc">
         <name>AdcRegsFile</name>
         <uninitialized>true</uninitialized>
         <run_address>0x7100</run_address>
         <size>0x50</size>
         <input_file_ref idref="fl-9"/>
      </object_component>
      <object_component id="oc-cb">
         <name>Adc1RegsFile</name>
         <uninitialized>true</uninitialized>
         <run_address>0x7100</run_address>
         <size>0x50</size>
         <input_file_ref idref="fl-9"/>
      </object_component>
      <object_component id="oc-ca">
         <name>Adc2RegsFile</name>
         <uninitialized>true</uninitialized>
         <run_address>0x7180</run_address>
         <size>0x50</size>
         <input_file_ref idref="fl-9"/>
      </object_component>
      <object_component id="oc-bf">
         <name>I2caRegsFile</name>
         <uninitialized>true</uninitialized>
         <run_address>0x7900</run_address>
         <size>0x22</size>
         <input_file_ref idref="fl-9"/>
      </object_component>
      <object_component id="oc-c2">
         <name>McbspaRegsFile</name>
         <uninitialized>true</uninitialized>
         <run_address>0x5000</run_address>
         <size>0x24</size>
         <input_file_ref idref="fl-9"/>
      </object_component>
      <object_component id="oc-d3">
         <name>EPwm1RegsFile</name>
         <uninitialized>true</uninitialized>
         <run_address>0x5100</run_address>
         <size>0x80</size>
         <input_file_ref idref="fl-9"/>
      </object_component>
      <object_component id="oc-d6">
         <name>EPwm2RegsFile</name>
         <uninitialized>true</uninitialized>
         <run_address>0x5180</run_address>
         <size>0x80</size>
         <input_file_ref idref="fl-9"/>
      </object_component>
      <object_component id="oc-d1">
         <name>EPwm3RegsFile</name>
         <uninitialized>true</uninitialized>
         <run_address>0x5200</run_address>
         <size>0x80</size>
         <input_file_ref idref="fl-9"/>
      </object_component>
      <object_component id="oc-d5">
         <name>EPwm4RegsFile</name>
         <uninitialized>true</uninitialized>
         <run_address>0x5280</run_address>
         <size>0x80</size>
         <input_file_ref idref="fl-9"/>
      </object_component>
      <object_component id="oc-cf">
         <name>EPwm5RegsFile</name>
         <uninitialized>true</uninitialized>
         <run_address>0x5300</run_address>
         <size>0x80</size>
         <input_file_ref idref="fl-9"/>
      </object_component>
      <object_component id="oc-d0">
         <name>EPwm6RegsFile</name>
         <uninitialized>true</uninitialized>
         <run_address>0x5380</run_address>
         <size>0x80</size>
         <input_file_ref idref="fl-9"/>
      </object_component>
      <object_component id="oc-d2">
         <name>EPwm7RegsFile</name>
         <uninitialized>true</uninitialized>
         <run_address>0x5400</run_address>
         <size>0x80</size>
         <input_file_ref idref="fl-9"/>
      </object_component>
      <object_component id="oc-d4">
         <name>EPwm8RegsFile</name>
         <uninitialized>true</uninitialized>
         <run_address>0x5480</run_address>
         <size>0x80</size>
         <input_file_ref idref="fl-9"/>
      </object_component>
      <object_component id="oc-ce">
         <name>EPwm9RegsFile</name>
         <uninitialized>true</uninitialized>
         <run_address>0x5500</run_address>
         <size>0x80</size>
         <input_file_ref idref="fl-9"/>
      </object_component>
      <object_component id="oc-bb">
         <name>ECap1RegsFile</name>
         <uninitialized>true</uninitialized>
         <run_address>0x5a00</run_address>
         <size>0x20</size>
         <input_file_ref idref="fl-9"/>
      </object_component>
      <object_component id="oc-bc">
         <name>ECap2RegsFile</name>
         <uninitialized>true</uninitialized>
         <run_address>0x5a20</run_address>
         <size>0x20</size>
         <input_file_ref idref="fl-9"/>
      </object_component>
      <object_component id="oc-b5">
         <name>ECap3RegsFile</name>
         <uninitialized>true</uninitialized>
         <run_address>0x5a40</run_address>
         <size>0x20</size>
         <input_file_ref idref="fl-9"/>
      </object_component>
      <object_component id="oc-b3">
         <name>ECap4RegsFile</name>
         <uninitialized>true</uninitialized>
         <run_address>0x5a60</run_address>
         <size>0x20</size>
         <input_file_ref idref="fl-9"/>
      </object_component>
      <object_component id="oc-b2">
         <name>ECap5RegsFile</name>
         <uninitialized>true</uninitialized>
         <run_address>0x5a80</run_address>
         <size>0x20</size>
         <input_file_ref idref="fl-9"/>
      </object_component>
      <object_component id="oc-b4">
         <name>ECap6RegsFile</name>
         <uninitialized>true</uninitialized>
         <run_address>0x5aa0</run_address>
         <size>0x20</size>
         <input_file_ref idref="fl-9"/>
      </object_component>
      <object_component id="oc-c0">
         <name>EQep1RegsFile</name>
         <uninitialized>true</uninitialized>
         <run_address>0x5b00</run_address>
         <size>0x22</size>
         <input_file_ref idref="fl-9"/>
      </object_component>
      <object_component id="oc-bd">
         <name>EQep2RegsFile</name>
         <uninitialized>true</uninitialized>
         <run_address>0x5b40</run_address>
         <size>0x22</size>
         <input_file_ref idref="fl-9"/>
      </object_component>
      <object_component id="oc-be">
         <name>EQep3RegsFile</name>
         <uninitialized>true</uninitialized>
         <run_address>0x5b80</run_address>
         <size>0x22</size>
         <input_file_ref idref="fl-9"/>
      </object_component>
      <object_component id="oc-c7">
         <name>GpioCtrlRegsFile</name>
         <uninitialized>true</uninitialized>
         <run_address>0x5f80</run_address>
         <size>0x40</size>
         <input_file_ref idref="fl-9"/>
      </object_component>
      <object_component id="oc-c6">
         <name>GpioG1CtrlRegsFile</name>
         <uninitialized>true</uninitialized>
         <run_address>0x5f80</run_address>
         <size>0x40</size>
         <input_file_ref idref="fl-9"/>
      </object_component>
      <object_component id="oc-ba">
         <name>GpioDataRegsFile</name>
         <uninitialized>true</uninitialized>
         <run_address>0x5fc0</run_address>
         <size>0x20</size>
         <input_file_ref idref="fl-9"/>
      </object_component>
      <object_component id="oc-b9">
         <name>GpioG1DataRegsFile</name>
         <uninitialized>true</uninitialized>
         <run_address>0x5fc0</run_address>
         <size>0x20</size>
         <input_file_ref idref="fl-9"/>
      </object_component>
      <object_component id="oc-b8">
         <name>GpioTripRegsFile</name>
         <uninitialized>true</uninitialized>
         <run_address>0x5fe0</run_address>
         <size>0x20</size>
         <input_file_ref idref="fl-9"/>
      </object_component>
      <object_component id="oc-b6">
         <name>GpioG1TripRegsFile</name>
         <uninitialized>true</uninitialized>
         <run_address>0x5fe0</run_address>
         <size>0x20</size>
         <input_file_ref idref="fl-9"/>
      </object_component>
      <object_component id="oc-9d">
         <name>Comp1RegsFile</name>
         <uninitialized>true</uninitialized>
         <run_address>0x6400</run_address>
         <size>0x7</size>
         <input_file_ref idref="fl-9"/>
      </object_component>
      <object_component id="oc-9e">
         <name>Comp2RegsFile</name>
         <uninitialized>true</uninitialized>
         <run_address>0x6420</run_address>
         <size>0x7</size>
         <input_file_ref idref="fl-9"/>
      </object_component>
      <object_component id="oc-9f">
         <name>Comp3RegsFile</name>
         <uninitialized>true</uninitialized>
         <run_address>0x6440</run_address>
         <size>0x7</size>
         <input_file_ref idref="fl-9"/>
      </object_component>
      <object_component id="oc-a1">
         <name>Comp4RegsFile</name>
         <uninitialized>true</uninitialized>
         <run_address>0x6460</run_address>
         <size>0x7</size>
         <input_file_ref idref="fl-9"/>
      </object_component>
      <object_component id="oc-a0">
         <name>Comp5RegsFile</name>
         <uninitialized>true</uninitialized>
         <run_address>0x6480</run_address>
         <size>0x7</size>
         <input_file_ref idref="fl-9"/>
      </object_component>
      <object_component id="oc-a2">
         <name>Comp6RegsFile</name>
         <uninitialized>true</uninitialized>
         <run_address>0x64a0</run_address>
         <size>0x7</size>
         <input_file_ref idref="fl-9"/>
      </object_component>
      <object_component id="oc-c3">
         <name>GpioG2CtrlRegsFile</name>
         <uninitialized>true</uninitialized>
         <run_address>0x6f80</run_address>
         <size>0x3c</size>
         <input_file_ref idref="fl-9"/>
      </object_component>
      <object_component id="oc-b7">
         <name>GpioG2DataRegsFile</name>
         <uninitialized>true</uninitialized>
         <run_address>0x6fc0</run_address>
         <size>0x20</size>
         <input_file_ref idref="fl-9"/>
      </object_component>
      <object_component id="oc-9a">
         <name>FlashExeOnlyFile</name>
         <uninitialized>true</uninitialized>
         <run_address>0x13fff2</run_address>
         <size>0x2</size>
         <input_file_ref idref="fl-9"/>
      </object_component>
      <object_component id="oc-9b">
         <name>EcslPwlFile</name>
         <uninitialized>true</uninitialized>
         <run_address>0x13fff4</run_address>
         <size>0x4</size>
         <input_file_ref idref="fl-9"/>
      </object_component>
      <object_component id="oc-a3">
         <name>CsmPwlFile</name>
         <uninitialized>true</uninitialized>
         <run_address>0x13fff8</run_address>
         <size>0x8</size>
         <input_file_ref idref="fl-9"/>
      </object_component>
      <object_component id="oc-ec">
         <name>.cinit</name>
         <load_address>0x13fe84</load_address>
         <run_address>0x13fe84</run_address>
         <size>0x6e</size>
         <input_file_ref idref="fl-d"/>
      </object_component>
      <object_component id="oc-111">
         <name>.cinit</name>
         <load_address>0x13fef2</load_address>
         <run_address>0x13fef2</run_address>
         <size>0xe</size>
         <input_file_ref idref="fl-1f"/>
      </object_component>
      <object_component id="oc-1c4">
         <name>.cinit:__lock</name>
         <load_address>0x13ff00</load_address>
         <run_address>0x13ff00</run_address>
         <size>0x5</size>
         <input_file_ref idref="fl-2b"/>
      </object_component>
      <object_component id="oc-1c9">
         <name>.cinit:__unlock</name>
         <load_address>0x13ff05</load_address>
         <run_address>0x13ff05</run_address>
         <size>0x5</size>
         <input_file_ref idref="fl-2b"/>
      </object_component>
      <object_component id="oc-10d">
         <name>.cinit</name>
         <load_address>0x13ff0a</load_address>
         <run_address>0x13ff0a</run_address>
         <size>0x4</size>
         <input_file_ref idref="fl-1e"/>
      </object_component>
      <object_component id="oc-1b3">
         <name>.text</name>
         <load_address>0x13e000</load_address>
         <run_address>0x13e000</run_address>
         <size>0x684</size>
         <input_file_ref idref="fl-d"/>
      </object_component>
      <object_component id="oc-1c7">
         <name>.text</name>
         <load_address>0x13e684</load_address>
         <run_address>0x13e684</run_address>
         <size>0x611</size>
         <input_file_ref idref="fl-36"/>
      </object_component>
      <object_component id="oc-1c2">
         <name>.text</name>
         <load_address>0x13ec95</load_address>
         <run_address>0x13ec95</run_address>
         <size>0x24a</size>
         <input_file_ref idref="fl-29"/>
      </object_component>
      <object_component id="oc-8a">
         <name>.text:retain</name>
         <load_address>0x13eedf</load_address>
         <run_address>0x13eedf</run_address>
         <size>0x1ae</size>
         <input_file_ref idref="fl-6"/>
      </object_component>
      <object_component id="oc-1b9">
         <name>.text</name>
         <load_address>0x13f08d</load_address>
         <run_address>0x13f08d</run_address>
         <size>0x11a</size>
         <input_file_ref idref="fl-c"/>
      </object_component>
      <object_component id="oc-1bf">
         <name>.text</name>
         <load_address>0x13f1a7</load_address>
         <run_address>0x13f1a7</run_address>
         <size>0x100</size>
         <input_file_ref idref="fl-2"/>
      </object_component>
      <object_component id="oc-1cd">
         <name>.text</name>
         <load_address>0x13f2a7</load_address>
         <run_address>0x13f2a7</run_address>
         <size>0xf0</size>
         <input_file_ref idref="fl-38"/>
      </object_component>
      <object_component id="oc-1cc">
         <name>.text</name>
         <load_address>0x13f397</load_address>
         <run_address>0x13f397</run_address>
         <size>0xbd</size>
         <input_file_ref idref="fl-39"/>
      </object_component>
      <object_component id="oc-1bc">
         <name>.text</name>
         <load_address>0x13f454</load_address>
         <run_address>0x13f454</run_address>
         <size>0xa1</size>
         <input_file_ref idref="fl-7"/>
      </object_component>
      <object_component id="oc-159">
         <name>.text</name>
         <load_address>0x13f4f5</load_address>
         <run_address>0x13f4f5</run_address>
         <size>0x9c</size>
         <input_file_ref idref="fl-2d"/>
      </object_component>
      <object_component id="oc-15e">
         <name>.text</name>
         <load_address>0x13f591</load_address>
         <run_address>0x13f591</run_address>
         <size>0x8b</size>
         <input_file_ref idref="fl-2e"/>
      </object_component>
      <object_component id="oc-163">
         <name>.text</name>
         <load_address>0x13f61c</load_address>
         <run_address>0x13f61c</run_address>
         <size>0x83</size>
         <input_file_ref idref="fl-2f"/>
      </object_component>
      <object_component id="oc-121">
         <name>.text</name>
         <load_address>0x13f69f</load_address>
         <run_address>0x13f69f</run_address>
         <size>0x83</size>
         <input_file_ref idref="fl-22"/>
      </object_component>
      <object_component id="oc-117">
         <name>.text</name>
         <load_address>0x13f722</load_address>
         <run_address>0x13f722</run_address>
         <size>0x78</size>
         <input_file_ref idref="fl-20"/>
      </object_component>
      <object_component id="oc-1c1">
         <name>.text</name>
         <load_address>0x13f79a</load_address>
         <run_address>0x13f79a</run_address>
         <size>0x73</size>
         <input_file_ref idref="fl-1d"/>
      </object_component>
      <object_component id="oc-1c0">
         <name>.text</name>
         <load_address>0x13f80d</load_address>
         <run_address>0x13f80d</run_address>
         <size>0x72</size>
         <input_file_ref idref="fl-5"/>
      </object_component>
      <object_component id="oc-126">
         <name>.text</name>
         <load_address>0x13f87f</load_address>
         <run_address>0x13f87f</run_address>
         <size>0x5a</size>
         <input_file_ref idref="fl-23"/>
      </object_component>
      <object_component id="oc-f0">
         <name>.text:retain</name>
         <load_address>0x13f8d9</load_address>
         <run_address>0x13f8d9</run_address>
         <size>0x54</size>
         <input_file_ref idref="fl-d"/>
      </object_component>
      <object_component id="oc-f5">
         <name>.text</name>
         <load_address>0x13f92d</load_address>
         <run_address>0x13f92d</run_address>
         <size>0x54</size>
         <input_file_ref idref="fl-1a"/>
      </object_component>
      <object_component id="oc-1b5">
         <name>.text</name>
         <load_address>0x13f981</load_address>
         <run_address>0x13f981</run_address>
         <size>0x46</size>
         <input_file_ref idref="fl-1b"/>
      </object_component>
      <object_component id="oc-1bd">
         <name>.text</name>
         <load_address>0x13f9c7</load_address>
         <run_address>0x13f9c7</run_address>
         <size>0x2d</size>
         <input_file_ref idref="fl-a"/>
      </object_component>
      <object_component id="oc-19d">
         <name>.text</name>
         <load_address>0x13f9f4</load_address>
         <run_address>0x13f9f4</run_address>
         <size>0x2a</size>
         <input_file_ref idref="fl-3a"/>
      </object_component>
      <object_component id="oc-1b8">
         <name>.text</name>
         <load_address>0x13fa1e</load_address>
         <run_address>0x13fa1e</run_address>
         <size>0x29</size>
         <input_file_ref idref="fl-1f"/>
      </object_component>
      <object_component id="oc-130">
         <name>.text</name>
         <load_address>0x13fa47</load_address>
         <run_address>0x13fa47</run_address>
         <size>0x29</size>
         <input_file_ref idref="fl-25"/>
      </object_component>
      <object_component id="oc-181">
         <name>.text</name>
         <load_address>0x13fa70</load_address>
         <run_address>0x13fa70</run_address>
         <size>0x25</size>
         <input_file_ref idref="fl-35"/>
      </object_component>
      <object_component id="oc-1a2">
         <name>.text</name>
         <load_address>0x13fa95</load_address>
         <run_address>0x13fa95</run_address>
         <size>0x22</size>
         <input_file_ref idref="fl-3b"/>
      </object_component>
      <object_component id="oc-172">
         <name>.text</name>
         <load_address>0x13fab7</load_address>
         <run_address>0x13fab7</run_address>
         <size>0x21</size>
         <input_file_ref idref="fl-32"/>
      </object_component>
      <object_component id="oc-1be">
         <name>.text</name>
         <load_address>0x13fad8</load_address>
         <run_address>0x13fad8</run_address>
         <size>0x20</size>
         <input_file_ref idref="fl-b"/>
      </object_component>
      <object_component id="oc-1d0">
         <name>.text</name>
         <load_address>0x13faf8</load_address>
         <run_address>0x13faf8</run_address>
         <size>0x20</size>
         <input_file_ref idref="fl-3d"/>
      </object_component>
      <object_component id="oc-177">
         <name>.text</name>
         <load_address>0x13fb18</load_address>
         <run_address>0x13fb18</run_address>
         <size>0x1f</size>
         <input_file_ref idref="fl-33"/>
      </object_component>
      <object_component id="oc-135">
         <name>.text</name>
         <load_address>0x13fb37</load_address>
         <run_address>0x13fb37</run_address>
         <size>0x1d</size>
         <input_file_ref idref="fl-26"/>
      </object_component>
      <object_component id="oc-1ba">
         <name>.text</name>
         <load_address>0x13fb54</load_address>
         <run_address>0x13fb54</run_address>
         <size>0x1d</size>
         <input_file_ref idref="fl-27"/>
      </object_component>
      <object_component id="oc-17c">
         <name>.text</name>
         <load_address>0x13fb71</load_address>
         <run_address>0x13fb71</run_address>
         <size>0x1c</size>
         <input_file_ref idref="fl-34"/>
      </object_component>
      <object_component id="oc-18c">
         <name>.text</name>
         <load_address>0x13fb8d</load_address>
         <run_address>0x13fb8d</run_address>
         <size>0x1c</size>
         <input_file_ref idref="fl-37"/>
      </object_component>
      <object_component id="oc-101">
         <name>.text</name>
         <load_address>0x13fba9</load_address>
         <run_address>0x13fba9</run_address>
         <size>0x1a</size>
         <input_file_ref idref="fl-1c"/>
      </object_component>
      <object_component id="oc-1b7">
         <name>.text</name>
         <load_address>0x13fbc3</load_address>
         <run_address>0x13fbc3</run_address>
         <size>0x19</size>
         <input_file_ref idref="fl-2c"/>
      </object_component>
      <object_component id="oc-1a7">
         <name>.text</name>
         <load_address>0x13fbdc</load_address>
         <run_address>0x13fbdc</run_address>
         <size>0x18</size>
         <input_file_ref idref="fl-3c"/>
      </object_component>
      <object_component id="oc-11c">
         <name>.text</name>
         <load_address>0x13fbf4</load_address>
         <run_address>0x13fbf4</run_address>
         <size>0x17</size>
         <input_file_ref idref="fl-21"/>
      </object_component>
      <object_component id="oc-16d">
         <name>.text</name>
         <load_address>0x13fc0b</load_address>
         <run_address>0x13fc0b</run_address>
         <size>0xe</size>
         <input_file_ref idref="fl-31"/>
      </object_component>
      <object_component id="oc-1c8">
         <name>.text</name>
         <load_address>0x13fc19</load_address>
         <run_address>0x13fc19</run_address>
         <size>0x9</size>
         <input_file_ref idref="fl-2b"/>
      </object_component>
      <object_component id="oc-168">
         <name>.text</name>
         <load_address>0x13fc22</load_address>
         <run_address>0x13fc22</run_address>
         <size>0x9</size>
         <input_file_ref idref="fl-30"/>
      </object_component>
      <object_component id="oc-12b">
         <name>.text</name>
         <load_address>0x13fc2b</load_address>
         <run_address>0x13fc2b</run_address>
         <size>0x5</size>
         <input_file_ref idref="fl-24"/>
      </object_component>
      <object_component id="oc-1b4">
         <name>.text</name>
         <load_address>0x13fc30</load_address>
         <run_address>0x13fc30</run_address>
         <size>0x2</size>
         <input_file_ref idref="fl-28"/>
      </object_component>
      <object_component id="oc-1b6">
         <name>.text</name>
         <load_address>0x13fc32</load_address>
         <run_address>0x13fc32</run_address>
         <size>0x1</size>
         <input_file_ref idref="fl-2a"/>
      </object_component>
      <object_component id="oc-74">
         <name>codestart</name>
         <load_address>0x13fff0</load_address>
         <run_address>0x13fff0</run_address>
         <size>0x2</size>
         <input_file_ref idref="fl-4"/>
      </object_component>
      <object_component id="oc-1bb">
         <name>ramfuncs</name>
         <load_address>0x138000</load_address>
         <run_address>0x8000</run_address>
         <size>0x66</size>
         <input_file_ref idref="fl-c"/>
      </object_component>
      <object_component id="oc-ef">
         <name>SHARERAMS2</name>
         <uninitialized>true</uninitialized>
         <run_address>0xe000</run_address>
         <size>0x1000</size>
         <input_file_ref idref="fl-d"/>
      </object_component>
      <object_component id="oc-f6">
         <name>.stack</name>
         <uninitialized>true</uninitialized>
         <run_address>0xa2</run_address>
         <size>0x0</size>
         <input_file_ref idref="fl-1a"/>
      </object_component>
      <object_component id="oc-246">
         <name>.stack</name>
         <uninitialized>true</uninitialized>
         <run_address>0xa2</run_address>
         <size>0x0</size>
      </object_component>
      <object_component id="oc-84">
         <name>.ebss</name>
         <uninitialized>true</uninitialized>
         <run_address>0xa040</run_address>
         <size>0x18</size>
         <input_file_ref idref="fl-5"/>
      </object_component>
      <object_component id="oc-ee">
         <name>.ebss</name>
         <uninitialized>true</uninitialized>
         <run_address>0xa000</run_address>
         <size>0x3c</size>
         <input_file_ref idref="fl-d"/>
      </object_component>
      <object_component id="oc-10e">
         <name>.ebss</name>
         <uninitialized>true</uninitialized>
         <run_address>0xa05e</run_address>
         <size>0x1</size>
         <input_file_ref idref="fl-1e"/>
      </object_component>
      <object_component id="oc-112">
         <name>.ebss</name>
         <uninitialized>true</uninitialized>
         <run_address>0xa058</run_address>
         <size>0x6</size>
         <input_file_ref idref="fl-1f"/>
      </object_component>
      <object_component id="oc-1cf">
         <name>.ebss:__unlock</name>
         <uninitialized>true</uninitialized>
         <run_address>0xa03e</run_address>
         <size>0x2</size>
         <input_file_ref idref="fl-2b"/>
      </object_component>
      <object_component id="oc-1c3">
         <name>.ebss:__lock</name>
         <uninitialized>true</uninitialized>
         <run_address>0xa03c</run_address>
         <size>0x2</size>
         <input_file_ref idref="fl-2b"/>
      </object_component>
      <object_component id="oc-1c5">
         <name>.econst:_PieVectTableInit</name>
         <load_address>0x13fc34</load_address>
         <run_address>0x13fc34</run_address>
         <size>0x100</size>
         <input_file_ref idref="fl-b"/>
      </object_component>
      <object_component id="oc-1cb">
         <name>.econst:_ipio2</name>
         <load_address>0x13fd34</load_address>
         <run_address>0x13fd34</run_address>
         <size>0x84</size>
         <input_file_ref idref="fl-36"/>
      </object_component>
      <object_component id="oc-145">
         <name>.econst</name>
         <load_address>0x13fdb8</load_address>
         <run_address>0x13fdb8</run_address>
         <size>0x30</size>
         <input_file_ref idref="fl-29"/>
      </object_component>
      <object_component id="oc-187">
         <name>.econst</name>
         <load_address>0x13fde8</load_address>
         <run_address>0x13fde8</run_address>
         <size>0x2c</size>
         <input_file_ref idref="fl-36"/>
      </object_component>
      <object_component id="oc-1ce">
         <name>.econst:_PIo2</name>
         <load_address>0x13fe14</load_address>
         <run_address>0x13fe14</run_address>
         <size>0x20</size>
         <input_file_ref idref="fl-36"/>
      </object_component>
      <object_component id="oc-198">
         <name>.econst</name>
         <load_address>0x13fe34</load_address>
         <run_address>0x13fe34</run_address>
         <size>0x1c</size>
         <input_file_ref idref="fl-39"/>
      </object_component>
      <object_component id="oc-1c6">
         <name>.econst:_T</name>
         <load_address>0x13fe50</load_address>
         <run_address>0x13fe50</run_address>
         <size>0x18</size>
         <input_file_ref idref="fl-29"/>
      </object_component>
      <object_component id="oc-192">
         <name>.econst</name>
         <load_address>0x13fe68</load_address>
         <run_address>0x13fe68</run_address>
         <size>0xc</size>
         <input_file_ref idref="fl-38"/>
      </object_component>
      <object_component id="oc-ed">
         <name>.econst</name>
         <load_address>0x13fe74</load_address>
         <run_address>0x13fe74</run_address>
         <size>0x6</size>
         <input_file_ref idref="fl-d"/>
      </object_component>
      <object_component id="oc-1ca">
         <name>.econst:_init_jk</name>
         <load_address>0x13fe7a</load_address>
         <run_address>0x13fe7a</run_address>
         <size>0x4</size>
         <input_file_ref idref="fl-36"/>
      </object_component>
      <object_component id="oc-107">
         <name>.econst</name>
         <load_address>0x13fe7e</load_address>
         <run_address>0x13fe7e</run_address>
         <size>0x4</size>
         <input_file_ref idref="fl-1d"/>
      </object_component>
      <object_component id="oc-1b1">
         <name>IQmath</name>
         <load_address>0x13ff10</load_address>
         <run_address>0x13ff10</run_address>
         <size>0x47</size>
         <input_file_ref idref="fl-3e"/>
      </object_component>
      <object_component id="oc-1b2">
         <name>IQmathTables</name>
         <load_address>0x3fd8f8</load_address>
         <run_address>0x3fd8f8</run_address>
         <size>0xb50</size>
         <input_file_ref idref="fl-3f"/>
      </object_component>
      <object_component id="oc-f7">
         <name>.reset</name>
         <load_address>0x3fffc0</load_address>
         <run_address>0x3fffc0</run_address>
         <size>0x2</size>
         <input_file_ref idref="fl-1a"/>
      </object_component>
      <object_component id="oc-75">
         <name>.debug_info</name>
         <load_address>0x0</load_address>
         <run_address>0x0</run_address>
         <size>0x4945</size>
         <input_file_ref idref="fl-2"/>
      </object_component>
      <object_component id="oc-7a">
         <name>.debug_info</name>
         <load_address>0x4945</load_address>
         <run_address>0x4945</run_address>
         <size>0x11bc</size>
         <input_file_ref idref="fl-3"/>
      </object_component>
      <object_component id="oc-7f">
         <name>.debug_info</name>
         <load_address>0x5b01</load_address>
         <run_address>0x5b01</run_address>
         <size>0x1b2</size>
         <input_file_ref idref="fl-4"/>
      </object_component>
      <object_component id="oc-83">
         <name>.debug_info</name>
         <load_address>0x5cb3</load_address>
         <run_address>0x5cb3</run_address>
         <size>0xa77</size>
         <input_file_ref idref="fl-5"/>
      </object_component>
      <object_component id="oc-89">
         <name>.debug_info</name>
         <load_address>0x672a</load_address>
         <run_address>0x672a</run_address>
         <size>0x4e72</size>
         <input_file_ref idref="fl-6"/>
      </object_component>
      <object_component id="oc-8f">
         <name>.debug_info</name>
         <load_address>0xb59c</load_address>
         <run_address>0xb59c</run_address>
         <size>0x2486</size>
         <input_file_ref idref="fl-7"/>
      </object_component>
      <object_component id="oc-94">
         <name>.debug_info</name>
         <load_address>0xda22</load_address>
         <run_address>0xda22</run_address>
         <size>0x187f</size>
         <input_file_ref idref="fl-8"/>
      </object_component>
      <object_component id="oc-99">
         <name>.debug_info</name>
         <load_address>0xf2a1</load_address>
         <run_address>0xf2a1</run_address>
         <size>0x193b2</size>
         <input_file_ref idref="fl-9"/>
      </object_component>
      <object_component id="oc-dc">
         <name>.debug_info</name>
         <load_address>0x28653</load_address>
         <run_address>0x28653</run_address>
         <size>0xc21</size>
         <input_file_ref idref="fl-a"/>
      </object_component>
      <object_component id="oc-e1">
         <name>.debug_info</name>
         <load_address>0x29274</load_address>
         <run_address>0x29274</run_address>
         <size>0x245f</size>
         <input_file_ref idref="fl-b"/>
      </object_component>
      <object_component id="oc-e6">
         <name>.debug_info</name>
         <load_address>0x2b6d3</load_address>
         <run_address>0x2b6d3</run_address>
         <size>0x60d7</size>
         <input_file_ref idref="fl-c"/>
      </object_component>
      <object_component id="oc-eb">
         <name>.debug_info</name>
         <load_address>0x317aa</load_address>
         <run_address>0x317aa</run_address>
         <size>0x54ee</size>
         <input_file_ref idref="fl-d"/>
      </object_component>
      <object_component id="oc-f8">
         <name>.debug_info</name>
         <load_address>0x36c98</load_address>
         <run_address>0x36c98</run_address>
         <size>0x16c</size>
         <input_file_ref idref="fl-1a"/>
      </object_component>
      <object_component id="oc-fc">
         <name>.debug_info</name>
         <load_address>0x36e04</load_address>
         <run_address>0x36e04</run_address>
         <size>0x576</size>
         <input_file_ref idref="fl-1b"/>
      </object_component>
      <object_component id="oc-102">
         <name>.debug_info</name>
         <load_address>0x3737a</load_address>
         <run_address>0x3737a</run_address>
         <size>0x113</size>
         <input_file_ref idref="fl-1c"/>
      </object_component>
      <object_component id="oc-106">
         <name>.debug_info</name>
         <load_address>0x3748d</load_address>
         <run_address>0x3748d</run_address>
         <size>0x474</size>
         <input_file_ref idref="fl-1d"/>
      </object_component>
      <object_component id="oc-10c">
         <name>.debug_info</name>
         <load_address>0x37901</load_address>
         <run_address>0x37901</run_address>
         <size>0x1bc</size>
         <input_file_ref idref="fl-1e"/>
      </object_component>
      <object_component id="oc-110">
         <name>.debug_info</name>
         <load_address>0x37abd</load_address>
         <run_address>0x37abd</run_address>
         <size>0x4fa</size>
         <input_file_ref idref="fl-1f"/>
      </object_component>
      <object_component id="oc-118">
         <name>.debug_info</name>
         <load_address>0x37fb7</load_address>
         <run_address>0x37fb7</run_address>
         <size>0x10d</size>
         <input_file_ref idref="fl-20"/>
      </object_component>
      <object_component id="oc-11d">
         <name>.debug_info</name>
         <load_address>0x380c4</load_address>
         <run_address>0x380c4</run_address>
         <size>0x10d</size>
         <input_file_ref idref="fl-21"/>
      </object_component>
      <object_component id="oc-122">
         <name>.debug_info</name>
         <load_address>0x381d1</load_address>
         <run_address>0x381d1</run_address>
         <size>0x10d</size>
         <input_file_ref idref="fl-22"/>
      </object_component>
      <object_component id="oc-127">
         <name>.debug_info</name>
         <load_address>0x382de</load_address>
         <run_address>0x382de</run_address>
         <size>0x10d</size>
         <input_file_ref idref="fl-23"/>
      </object_component>
      <object_component id="oc-12c">
         <name>.debug_info</name>
         <load_address>0x383eb</load_address>
         <run_address>0x383eb</run_address>
         <size>0x10d</size>
         <input_file_ref idref="fl-24"/>
      </object_component>
      <object_component id="oc-131">
         <name>.debug_info</name>
         <load_address>0x384f8</load_address>
         <run_address>0x384f8</run_address>
         <size>0x119</size>
         <input_file_ref idref="fl-25"/>
      </object_component>
      <object_component id="oc-136">
         <name>.debug_info</name>
         <load_address>0x38611</load_address>
         <run_address>0x38611</run_address>
         <size>0x119</size>
         <input_file_ref idref="fl-26"/>
      </object_component>
      <object_component id="oc-13a">
         <name>.debug_info</name>
         <load_address>0x3872a</load_address>
         <run_address>0x3872a</run_address>
         <size>0x3be</size>
         <input_file_ref idref="fl-27"/>
      </object_component>
      <object_component id="oc-13f">
         <name>.debug_info</name>
         <load_address>0x38ae8</load_address>
         <run_address>0x38ae8</run_address>
         <size>0x331</size>
         <input_file_ref idref="fl-28"/>
      </object_component>
      <object_component id="oc-144">
         <name>.debug_info</name>
         <load_address>0x38e19</load_address>
         <run_address>0x38e19</run_address>
         <size>0x850</size>
         <input_file_ref idref="fl-29"/>
      </object_component>
      <object_component id="oc-14a">
         <name>.debug_info</name>
         <load_address>0x39669</load_address>
         <run_address>0x39669</run_address>
         <size>0x32e</size>
         <input_file_ref idref="fl-2a"/>
      </object_component>
      <object_component id="oc-14f">
         <name>.debug_info</name>
         <load_address>0x39997</load_address>
         <run_address>0x39997</run_address>
         <size>0x450</size>
         <input_file_ref idref="fl-2b"/>
      </object_component>
      <object_component id="oc-154">
         <name>.debug_info</name>
         <load_address>0x39de7</load_address>
         <run_address>0x39de7</run_address>
         <size>0x41d</size>
         <input_file_ref idref="fl-2c"/>
      </object_component>
      <object_component id="oc-15a">
         <name>.debug_info</name>
         <load_address>0x3a204</load_address>
         <run_address>0x3a204</run_address>
         <size>0x10d</size>
         <input_file_ref idref="fl-2d"/>
      </object_component>
      <object_component id="oc-15f">
         <name>.debug_info</name>
         <load_address>0x3a311</load_address>
         <run_address>0x3a311</run_address>
         <size>0x10d</size>
         <input_file_ref idref="fl-2e"/>
      </object_component>
      <object_component id="oc-164">
         <name>.debug_info</name>
         <load_address>0x3a41e</load_address>
         <run_address>0x3a41e</run_address>
         <size>0x10d</size>
         <input_file_ref idref="fl-2f"/>
      </object_component>
      <object_component id="oc-169">
         <name>.debug_info</name>
         <load_address>0x3a52b</load_address>
         <run_address>0x3a52b</run_address>
         <size>0x10d</size>
         <input_file_ref idref="fl-30"/>
      </object_component>
      <object_component id="oc-16e">
         <name>.debug_info</name>
         <load_address>0x3a638</load_address>
         <run_address>0x3a638</run_address>
         <size>0x11b</size>
         <input_file_ref idref="fl-31"/>
      </object_component>
      <object_component id="oc-173">
         <name>.debug_info</name>
         <load_address>0x3a753</load_address>
         <run_address>0x3a753</run_address>
         <size>0x110</size>
         <input_file_ref idref="fl-32"/>
      </object_component>
      <object_component id="oc-178">
         <name>.debug_info</name>
         <load_address>0x3a863</load_address>
         <run_address>0x3a863</run_address>
         <size>0x10d</size>
         <input_file_ref idref="fl-33"/>
      </object_component>
      <object_component id="oc-17d">
         <name>.debug_info</name>
         <load_address>0x3a970</load_address>
         <run_address>0x3a970</run_address>
         <size>0x110</size>
         <input_file_ref idref="fl-34"/>
      </object_component>
      <object_component id="oc-182">
         <name>.debug_info</name>
         <load_address>0x3aa80</load_address>
         <run_address>0x3aa80</run_address>
         <size>0x119</size>
         <input_file_ref idref="fl-35"/>
      </object_component>
      <object_component id="oc-186">
         <name>.debug_info</name>
         <load_address>0x3ab99</load_address>
         <run_address>0x3ab99</run_address>
         <size>0xa2e</size>
         <input_file_ref idref="fl-36"/>
      </object_component>
      <object_component id="oc-18d">
         <name>.debug_info</name>
         <load_address>0x3b5c7</load_address>
         <run_address>0x3b5c7</run_address>
         <size>0x111</size>
         <input_file_ref idref="fl-37"/>
      </object_component>
      <object_component id="oc-191">
         <name>.debug_info</name>
         <load_address>0x3b6d8</load_address>
         <run_address>0x3b6d8</run_address>
         <size>0x4cd</size>
         <input_file_ref idref="fl-38"/>
      </object_component>
      <object_component id="oc-197">
         <name>.debug_info</name>
         <load_address>0x3bba5</load_address>
         <run_address>0x3bba5</run_address>
         <size>0x531</size>
         <input_file_ref idref="fl-39"/>
      </object_component>
      <object_component id="oc-19e">
         <name>.debug_info</name>
         <load_address>0x3c0d6</load_address>
         <run_address>0x3c0d6</run_address>
         <size>0x119</size>
         <input_file_ref idref="fl-3a"/>
      </object_component>
      <object_component id="oc-1a3">
         <name>.debug_info</name>
         <load_address>0x3c1ef</load_address>
         <run_address>0x3c1ef</run_address>
         <size>0x13a</size>
         <input_file_ref idref="fl-3b"/>
      </object_component>
      <object_component id="oc-1a8">
         <name>.debug_info</name>
         <load_address>0x3c329</load_address>
         <run_address>0x3c329</run_address>
         <size>0x16f</size>
         <input_file_ref idref="fl-3c"/>
      </object_component>
      <object_component id="oc-1ac">
         <name>.debug_info</name>
         <load_address>0x3c498</load_address>
         <run_address>0x3c498</run_address>
         <size>0x413</size>
         <input_file_ref idref="fl-3d"/>
      </object_component>
      <object_component id="oc-247">
         <name>.debug_info</name>
         <load_address>0x3c8ab</load_address>
         <run_address>0x3c8ab</run_address>
         <size>0xe4</size>
      </object_component>
      <object_component id="oc-76">
         <name>.debug_frame</name>
         <load_address>0x0</load_address>
         <run_address>0x0</run_address>
         <size>0x122</size>
         <input_file_ref idref="fl-2"/>
      </object_component>
      <object_component id="oc-7b">
         <name>.debug_frame</name>
         <load_address>0x122</load_address>
         <run_address>0x122</run_address>
         <size>0x62</size>
         <input_file_ref idref="fl-3"/>
      </object_component>
      <object_component id="oc-85">
         <name>.debug_frame</name>
         <load_address>0x184</load_address>
         <run_address>0x184</run_address>
         <size>0x93</size>
         <input_file_ref idref="fl-5"/>
      </object_component>
      <object_component id="oc-8b">
         <name>.debug_frame</name>
         <load_address>0x217</load_address>
         <run_address>0x217</run_address>
         <size>0x770</size>
         <input_file_ref idref="fl-6"/>
      </object_component>
      <object_component id="oc-90">
         <name>.debug_frame</name>
         <load_address>0x987</load_address>
         <run_address>0x987</run_address>
         <size>0x173</size>
         <input_file_ref idref="fl-7"/>
      </object_component>
      <object_component id="oc-95">
         <name>.debug_frame</name>
         <load_address>0xafa</load_address>
         <run_address>0xafa</run_address>
         <size>0x62</size>
         <input_file_ref idref="fl-8"/>
      </object_component>
      <object_component id="oc-dd">
         <name>.debug_frame</name>
         <load_address>0xb5c</load_address>
         <run_address>0xb5c</run_address>
         <size>0x8c</size>
         <input_file_ref idref="fl-a"/>
      </object_component>
      <object_component id="oc-e2">
         <name>.debug_frame</name>
         <load_address>0xbe8</load_address>
         <run_address>0xbe8</run_address>
         <size>0x7d</size>
         <input_file_ref idref="fl-b"/>
      </object_component>
      <object_component id="oc-e7">
         <name>.debug_frame</name>
         <load_address>0xc65</load_address>
         <run_address>0xc65</run_address>
         <size>0x16c</size>
         <input_file_ref idref="fl-c"/>
      </object_component>
      <object_component id="oc-f1">
         <name>.debug_frame</name>
         <load_address>0xdd1</load_address>
         <run_address>0xdd1</run_address>
         <size>0x1e4</size>
         <input_file_ref idref="fl-d"/>
      </object_component>
      <object_component id="oc-fd">
         <name>.debug_frame</name>
         <load_address>0xfb5</load_address>
         <run_address>0xfb5</run_address>
         <size>0x90</size>
         <input_file_ref idref="fl-1b"/>
      </object_component>
      <object_component id="oc-108">
         <name>.debug_frame</name>
         <load_address>0x1045</load_address>
         <run_address>0x1045</run_address>
         <size>0x87</size>
         <input_file_ref idref="fl-1d"/>
      </object_component>
      <object_component id="oc-113">
         <name>.debug_frame</name>
         <load_address>0x10cc</load_address>
         <run_address>0x10cc</run_address>
         <size>0x95</size>
         <input_file_ref idref="fl-1f"/>
      </object_component>
      <object_component id="oc-13b">
         <name>.debug_frame</name>
         <load_address>0x1161</load_address>
         <run_address>0x1161</run_address>
         <size>0x77</size>
         <input_file_ref idref="fl-27"/>
      </object_component>
      <object_component id="oc-140">
         <name>.debug_frame</name>
         <load_address>0x11d8</load_address>
         <run_address>0x11d8</run_address>
         <size>0x77</size>
         <input_file_ref idref="fl-28"/>
      </object_component>
      <object_component id="oc-146">
         <name>.debug_frame</name>
         <load_address>0x124f</load_address>
         <run_address>0x124f</run_address>
         <size>0xc8</size>
         <input_file_ref idref="fl-29"/>
      </object_component>
      <object_component id="oc-14b">
         <name>.debug_frame</name>
         <load_address>0x1317</load_address>
         <run_address>0x1317</run_address>
         <size>0x77</size>
         <input_file_ref idref="fl-2a"/>
      </object_component>
      <object_component id="oc-150">
         <name>.debug_frame</name>
         <load_address>0x138e</load_address>
         <run_address>0x138e</run_address>
         <size>0xa1</size>
         <input_file_ref idref="fl-2b"/>
      </object_component>
      <object_component id="oc-155">
         <name>.debug_frame</name>
         <load_address>0x142f</load_address>
         <run_address>0x142f</run_address>
         <size>0x77</size>
         <input_file_ref idref="fl-2c"/>
      </object_component>
      <object_component id="oc-188">
         <name>.debug_frame</name>
         <load_address>0x14a6</load_address>
         <run_address>0x14a6</run_address>
         <size>0x9b</size>
         <input_file_ref idref="fl-36"/>
      </object_component>
      <object_component id="oc-193">
         <name>.debug_frame</name>
         <load_address>0x1541</load_address>
         <run_address>0x1541</run_address>
         <size>0x99</size>
         <input_file_ref idref="fl-38"/>
      </object_component>
      <object_component id="oc-199">
         <name>.debug_frame</name>
         <load_address>0x15da</load_address>
         <run_address>0x15da</run_address>
         <size>0x90</size>
         <input_file_ref idref="fl-39"/>
      </object_component>
      <object_component id="oc-1ad">
         <name>.debug_frame</name>
         <load_address>0x166a</load_address>
         <run_address>0x166a</run_address>
         <size>0x7d</size>
         <input_file_ref idref="fl-3d"/>
      </object_component>
      <object_component id="oc-77">
         <name>.debug_line</name>
         <load_address>0x0</load_address>
         <run_address>0x0</run_address>
         <size>0x19e</size>
         <input_file_ref idref="fl-2"/>
      </object_component>
      <object_component id="oc-7c">
         <name>.debug_line</name>
         <load_address>0x19e</load_address>
         <run_address>0x19e</run_address>
         <size>0x8e</size>
         <input_file_ref idref="fl-3"/>
      </object_component>
      <object_component id="oc-80">
         <name>.debug_line</name>
         <load_address>0x22c</load_address>
         <run_address>0x22c</run_address>
         <size>0x8f</size>
         <input_file_ref idref="fl-4"/>
      </object_component>
      <object_component id="oc-86">
         <name>.debug_line</name>
         <load_address>0x2bb</load_address>
         <run_address>0x2bb</run_address>
         <size>0xc7</size>
         <input_file_ref idref="fl-5"/>
      </object_component>
      <object_component id="oc-8c">
         <name>.debug_line</name>
         <load_address>0x382</load_address>
         <run_address>0x382</run_address>
         <size>0x825</size>
         <input_file_ref idref="fl-6"/>
      </object_component>
      <object_component id="oc-91">
         <name>.debug_line</name>
         <load_address>0xba7</load_address>
         <run_address>0xba7</run_address>
         <size>0x1d3</size>
         <input_file_ref idref="fl-7"/>
      </object_component>
      <object_component id="oc-96">
         <name>.debug_line</name>
         <load_address>0xd7a</load_address>
         <run_address>0xd7a</run_address>
         <size>0x74</size>
         <input_file_ref idref="fl-8"/>
      </object_component>
      <object_component id="oc-de">
         <name>.debug_line</name>
         <load_address>0xdee</load_address>
         <run_address>0xdee</run_address>
         <size>0xc4</size>
         <input_file_ref idref="fl-a"/>
      </object_component>
      <object_component id="oc-e3">
         <name>.debug_line</name>
         <load_address>0xeb2</load_address>
         <run_address>0xeb2</run_address>
         <size>0xa9</size>
         <input_file_ref idref="fl-b"/>
      </object_component>
      <object_component id="oc-e8">
         <name>.debug_line</name>
         <load_address>0xf5b</load_address>
         <run_address>0xf5b</run_address>
         <size>0x21d</size>
         <input_file_ref idref="fl-c"/>
      </object_component>
      <object_component id="oc-f2">
         <name>.debug_line</name>
         <load_address>0x1178</load_address>
         <run_address>0x1178</run_address>
         <size>0x2aa</size>
         <input_file_ref idref="fl-d"/>
      </object_component>
      <object_component id="oc-f9">
         <name>.debug_line</name>
         <load_address>0x1422</load_address>
         <run_address>0x1422</run_address>
         <size>0x7d</size>
         <input_file_ref idref="fl-1a"/>
      </object_component>
      <object_component id="oc-fe">
         <name>.debug_line</name>
         <load_address>0x149f</load_address>
         <run_address>0x149f</run_address>
         <size>0x64</size>
         <input_file_ref idref="fl-1b"/>
      </object_component>
      <object_component id="oc-103">
         <name>.debug_line</name>
         <load_address>0x1503</load_address>
         <run_address>0x1503</run_address>
         <size>0x50</size>
         <input_file_ref idref="fl-1c"/>
      </object_component>
      <object_component id="oc-109">
         <name>.debug_line</name>
         <load_address>0x1553</load_address>
         <run_address>0x1553</run_address>
         <size>0xae</size>
         <input_file_ref idref="fl-1d"/>
      </object_component>
      <object_component id="oc-114">
         <name>.debug_line</name>
         <load_address>0x1601</load_address>
         <run_address>0x1601</run_address>
         <size>0x65</size>
         <input_file_ref idref="fl-1f"/>
      </object_component>
      <object_component id="oc-119">
         <name>.debug_line</name>
         <load_address>0x1666</load_address>
         <run_address>0x1666</run_address>
         <size>0xa9</size>
         <input_file_ref idref="fl-20"/>
      </object_component>
      <object_component id="oc-11e">
         <name>.debug_line</name>
         <load_address>0x170f</load_address>
         <run_address>0x170f</run_address>
         <size>0x52</size>
         <input_file_ref idref="fl-21"/>
      </object_component>
      <object_component id="oc-123">
         <name>.debug_line</name>
         <load_address>0x1761</load_address>
         <run_address>0x1761</run_address>
         <size>0xab</size>
         <input_file_ref idref="fl-22"/>
      </object_component>
      <object_component id="oc-128">
         <name>.debug_line</name>
         <load_address>0x180c</load_address>
         <run_address>0x180c</run_address>
         <size>0x8d</size>
         <input_file_ref idref="fl-23"/>
      </object_component>
      <object_component id="oc-12d">
         <name>.debug_line</name>
         <load_address>0x1899</load_address>
         <run_address>0x1899</run_address>
         <size>0x41</size>
         <input_file_ref idref="fl-24"/>
      </object_component>
      <object_component id="oc-132">
         <name>.debug_line</name>
         <load_address>0x18da</load_address>
         <run_address>0x18da</run_address>
         <size>0x60</size>
         <input_file_ref idref="fl-25"/>
      </object_component>
      <object_component id="oc-137">
         <name>.debug_line</name>
         <load_address>0x193a</load_address>
         <run_address>0x193a</run_address>
         <size>0x56</size>
         <input_file_ref idref="fl-26"/>
      </object_component>
      <object_component id="oc-13c">
         <name>.debug_line</name>
         <load_address>0x1990</load_address>
         <run_address>0x1990</run_address>
         <size>0x62</size>
         <input_file_ref idref="fl-27"/>
      </object_component>
      <object_component id="oc-141">
         <name>.debug_line</name>
         <load_address>0x19f2</load_address>
         <run_address>0x19f2</run_address>
         <size>0x3e</size>
         <input_file_ref idref="fl-28"/>
      </object_component>
      <object_component id="oc-147">
         <name>.debug_line</name>
         <load_address>0x1a30</load_address>
         <run_address>0x1a30</run_address>
         <size>0x179</size>
         <input_file_ref idref="fl-29"/>
      </object_component>
      <object_component id="oc-14c">
         <name>.debug_line</name>
         <load_address>0x1ba9</load_address>
         <run_address>0x1ba9</run_address>
         <size>0x3a</size>
         <input_file_ref idref="fl-2a"/>
      </object_component>
      <object_component id="oc-151">
         <name>.debug_line</name>
         <load_address>0x1be3</load_address>
         <run_address>0x1be3</run_address>
         <size>0x5e</size>
         <input_file_ref idref="fl-2b"/>
      </object_component>
      <object_component id="oc-156">
         <name>.debug_line</name>
         <load_address>0x1c41</load_address>
         <run_address>0x1c41</run_address>
         <size>0x55</size>
         <input_file_ref idref="fl-2c"/>
      </object_component>
      <object_component id="oc-15b">
         <name>.debug_line</name>
         <load_address>0x1c96</load_address>
         <run_address>0x1c96</run_address>
         <size>0xc4</size>
         <input_file_ref idref="fl-2d"/>
      </object_component>
      <object_component id="oc-160">
         <name>.debug_line</name>
         <load_address>0x1d5a</load_address>
         <run_address>0x1d5a</run_address>
         <size>0xb3</size>
         <input_file_ref idref="fl-2e"/>
      </object_component>
      <object_component id="oc-165">
         <name>.debug_line</name>
         <load_address>0x1e0d</load_address>
         <run_address>0x1e0d</run_address>
         <size>0xa2</size>
         <input_file_ref idref="fl-2f"/>
      </object_component>
      <object_component id="oc-16a">
         <name>.debug_line</name>
         <load_address>0x1eaf</load_address>
         <run_address>0x1eaf</run_address>
         <size>0x45</size>
         <input_file_ref idref="fl-30"/>
      </object_component>
      <object_component id="oc-16f">
         <name>.debug_line</name>
         <load_address>0x1ef4</load_address>
         <run_address>0x1ef4</run_address>
         <size>0x49</size>
         <input_file_ref idref="fl-31"/>
      </object_component>
      <object_component id="oc-174">
         <name>.debug_line</name>
         <load_address>0x1f3d</load_address>
         <run_address>0x1f3d</run_address>
         <size>0x5a</size>
         <input_file_ref idref="fl-32"/>
      </object_component>
      <object_component id="oc-179">
         <name>.debug_line</name>
         <load_address>0x1f97</load_address>
         <run_address>0x1f97</run_address>
         <size>0x58</size>
         <input_file_ref idref="fl-33"/>
      </object_component>
      <object_component id="oc-17e">
         <name>.debug_line</name>
         <load_address>0x1fef</load_address>
         <run_address>0x1fef</run_address>
         <size>0x56</size>
         <input_file_ref idref="fl-34"/>
      </object_component>
      <object_component id="oc-183">
         <name>.debug_line</name>
         <load_address>0x2045</load_address>
         <run_address>0x2045</run_address>
         <size>0x5e</size>
         <input_file_ref idref="fl-35"/>
      </object_component>
      <object_component id="oc-189">
         <name>.debug_line</name>
         <load_address>0x20a3</load_address>
         <run_address>0x20a3</run_address>
         <size>0x344</size>
         <input_file_ref idref="fl-36"/>
      </object_component>
      <object_component id="oc-18e">
         <name>.debug_line</name>
         <load_address>0x23e7</load_address>
         <run_address>0x23e7</run_address>
         <size>0x56</size>
         <input_file_ref idref="fl-37"/>
      </object_component>
      <object_component id="oc-194">
         <name>.debug_line</name>
         <load_address>0x243d</load_address>
         <run_address>0x243d</run_address>
         <size>0xba</size>
         <input_file_ref idref="fl-38"/>
      </object_component>
      <object_component id="oc-19a">
         <name>.debug_line</name>
         <load_address>0x24f7</load_address>
         <run_address>0x24f7</run_address>
         <size>0x78</size>
         <input_file_ref idref="fl-39"/>
      </object_component>
      <object_component id="oc-19f">
         <name>.debug_line</name>
         <load_address>0x256f</load_address>
         <run_address>0x256f</run_address>
         <size>0x60</size>
         <input_file_ref idref="fl-3a"/>
      </object_component>
      <object_component id="oc-1a4">
         <name>.debug_line</name>
         <load_address>0x25cf</load_address>
         <run_address>0x25cf</run_address>
         <size>0x69</size>
         <input_file_ref idref="fl-3b"/>
      </object_component>
      <object_component id="oc-1a9">
         <name>.debug_line</name>
         <load_address>0x2638</load_address>
         <run_address>0x2638</run_address>
         <size>0x6c</size>
         <input_file_ref idref="fl-3c"/>
      </object_component>
      <object_component id="oc-1ae">
         <name>.debug_line</name>
         <load_address>0x26a4</load_address>
         <run_address>0x26a4</run_address>
         <size>0x42</size>
         <input_file_ref idref="fl-3d"/>
      </object_component>
      <object_component id="oc-78">
         <name>.debug_abbrev</name>
         <load_address>0x0</load_address>
         <run_address>0x0</run_address>
         <size>0x106</size>
         <input_file_ref idref="fl-2"/>
      </object_component>
      <object_component id="oc-7d">
         <name>.debug_abbrev</name>
         <load_address>0x106</load_address>
         <run_address>0x106</run_address>
         <size>0x14b</size>
         <input_file_ref idref="fl-3"/>
      </object_component>
      <object_component id="oc-81">
         <name>.debug_abbrev</name>
         <load_address>0x251</load_address>
         <run_address>0x251</run_address>
         <size>0x21</size>
         <input_file_ref idref="fl-4"/>
      </object_component>
      <object_component id="oc-87">
         <name>.debug_abbrev</name>
         <load_address>0x272</load_address>
         <run_address>0x272</run_address>
         <size>0x10b</size>
         <input_file_ref idref="fl-5"/>
      </object_component>
      <object_component id="oc-8d">
         <name>.debug_abbrev</name>
         <load_address>0x37d</load_address>
         <run_address>0x37d</run_address>
         <size>0xde</size>
         <input_file_ref idref="fl-6"/>
      </object_component>
      <object_component id="oc-92">
         <name>.debug_abbrev</name>
         <load_address>0x45b</load_address>
         <run_address>0x45b</run_address>
         <size>0x138</size>
         <input_file_ref idref="fl-7"/>
      </object_component>
      <object_component id="oc-97">
         <name>.debug_abbrev</name>
         <load_address>0x593</load_address>
         <run_address>0x593</run_address>
         <size>0xea</size>
         <input_file_ref idref="fl-8"/>
      </object_component>
      <object_component id="oc-db">
         <name>.debug_abbrev</name>
         <load_address>0x67d</load_address>
         <run_address>0x67d</run_address>
         <size>0xc4</size>
         <input_file_ref idref="fl-9"/>
      </object_component>
      <object_component id="oc-df">
         <name>.debug_abbrev</name>
         <load_address>0x741</load_address>
         <run_address>0x741</run_address>
         <size>0xc8</size>
         <input_file_ref idref="fl-a"/>
      </object_component>
      <object_component id="oc-e4">
         <name>.debug_abbrev</name>
         <load_address>0x809</load_address>
         <run_address>0x809</run_address>
         <size>0x116</size>
         <input_file_ref idref="fl-b"/>
      </object_component>
      <object_component id="oc-e9">
         <name>.debug_abbrev</name>
         <load_address>0x91f</load_address>
         <run_address>0x91f</run_address>
         <size>0x1a4</size>
         <input_file_ref idref="fl-c"/>
      </object_component>
      <object_component id="oc-f3">
         <name>.debug_abbrev</name>
         <load_address>0xac3</load_address>
         <run_address>0xac3</run_address>
         <size>0x1d4</size>
         <input_file_ref idref="fl-d"/>
      </object_component>
      <object_component id="oc-fa">
         <name>.debug_abbrev</name>
         <load_address>0xc97</load_address>
         <run_address>0xc97</run_address>
         <size>0x46</size>
         <input_file_ref idref="fl-1a"/>
      </object_component>
      <object_component id="oc-ff">
         <name>.debug_abbrev</name>
         <load_address>0xcdd</load_address>
         <run_address>0xcdd</run_address>
         <size>0xfa</size>
         <input_file_ref idref="fl-1b"/>
      </object_component>
      <object_component id="oc-104">
         <name>.debug_abbrev</name>
         <load_address>0xdd7</load_address>
         <run_address>0xdd7</run_address>
         <size>0x32</size>
         <input_file_ref idref="fl-1c"/>
      </object_component>
      <object_component id="oc-10a">
         <name>.debug_abbrev</name>
[...]
      </symbol>
      <symbol id="sm-35d">
         <name>_grip</name>
         <value>0x13e3a2</value>
         <object_component_ref idref="oc-1b3"/>
      </symbol>
      <symbol id="sm-35e">
         <name>_theta</name>
         <value>0xa002</value>
         <object_component_ref idref="oc-ee"/>
      </symbol>
      <symbol id="sm-35f">
         <name>_ratio</name>
         <value>0xa004</value>
         <object_component_ref idref="oc-ee"/>
      </symbol>
      <symbol id="sm-360">
         <name>_radius</name>
         <value>0xa00e</value>
         <object_component_ref idref="oc-ee"/>
      </symbol>
      <symbol id="sm-361">
         <name>_f2</name>
         <value>0xa020</value>
         <object_component_ref idref="oc-ee"/>
      </symbol>
      <symbol id="sm-362">
         <name>_f1</name>
         <value>0xa01e</value>
         <object_component_ref idref="oc-ee"/>
      </symbol>
      <symbol id="sm-363">
         <name>_dr</name>
         <value>0xa016</value>
         <object_component_ref idref="oc-ee"/>
      </symbol>
      <symbol id="sm-364">
         <name>_dl</name>
         <value>0xa018</value>
         <object_component_ref idref="oc-ee"/>
      </symbol>
      <symbol id="sm-365">
         <name>_turn_left</name>
         <value>0x13e41d</value>
         <object_component_ref idref="oc-1b3"/>
      </symbol>
      <symbol id="sm-366">
         <name>_Shared_Ram_dataRead_c28</name>
         <value>0x13e3e0</value>
         <object_component_ref idref="oc-1b3"/>
      </symbol>
      <symbol id="sm-367">
         <name>_InverseKinematic</name>
         <value>0x13e113</value>
         <object_component_ref idref="oc-1b3"/>
      </symbol>
      <symbol id="sm-368">
         <name>_forward</name>
         <value>0xa006</value>
         <object_component_ref idref="oc-ee"/>
      </symbol>
      <symbol id="sm-369">
         <name>_w</name>
         <value>0xa012</value>
         <object_component_ref idref="oc-ee"/>
      </symbol>
      <symbol id="sm-36a">
         <name>_v</name>
         <value>0xa008</value>
         <object_component_ref idref="oc-ee"/>
      </symbol>
      <symbol id="sm-36b">
         <name>_r</name>
         <value>0xa000</value>
         <object_component_ref idref="oc-ee"/>
      </symbol>
      <symbol id="sm-36c">
         <name>_l</name>
         <value>0xa00c</value>
         <object_component_ref idref="oc-ee"/>
      </symbol>
      <symbol id="sm-36d">
         <name>_R</name>
         <value>0x13fe78</value>
         <object_component_ref idref="oc-ed"/>
      </symbol>
      <symbol id="sm-36e">
         <name>_K</name>
         <value>0xa010</value>
         <object_component_ref idref="oc-ee"/>
      </symbol>
      <symbol id="sm-36f">
         <name>_Yg</name>
         <value>0xa024</value>
         <object_component_ref idref="oc-ee"/>
      </symbol>
      <symbol id="sm-370">
         <name>_distance</name>
         <value>0x13fe76</value>
         <object_component_ref idref="oc-ed"/>
      </symbol>
      <symbol id="sm-371">
         <name>_Xg</name>
         <value>0xa02a</value>
         <object_component_ref idref="oc-ee"/>
      </symbol>
      <symbol id="sm-38e">
         <name>_c_int00</name>
         <value>0x13f92d</value>
         <object_component_ref idref="oc-f5"/>
      </symbol>
      <symbol id="sm-38f">
         <name>__stack</name>
         <value>0xa2</value>
         <object_component_ref idref="oc-f6"/>
      </symbol>
      <symbol id="sm-3a5">
         <name>_copy_in</name>
         <value>0x13f981</value>
         <object_component_ref idref="oc-1b5"/>
      </symbol>
      <symbol id="sm-3b4">
         <name>_ppcopy</name>
         <value>0x13fba9</value>
         <object_component_ref idref="oc-101"/>
      </symbol>
      <symbol id="sm-3b5">
         <name>_dpcopy</name>
         <value>0x13fba9</value>
         <object_component_ref idref="oc-101"/>
      </symbol>
      <symbol id="sm-3b6">
         <name>_pdcopy</name>
         <value>0x13fba9</value>
         <object_component_ref idref="oc-101"/>
      </symbol>
      <symbol id="sm-3b7">
         <name>_ddcopy</name>
         <value>0x13fba9</value>
         <object_component_ref idref="oc-101"/>
      </symbol>
      <symbol id="sm-3d3">
         <name>_sqrtf</name>
         <value>0x13f79a</value>
         <object_component_ref idref="oc-1c1"/>
      </symbol>
      <symbol id="sm-3d4">
         <name>_sqrt</name>
         <value>0x13f79a</value>
         <object_component_ref idref="oc-1c1"/>
      </symbol>
      <symbol id="sm-3df">
         <name>_errno</name>
         <value>0xa05e</value>
         <object_component_ref idref="oc-10e"/>
      </symbol>
      <symbol id="sm-3f4">
         <name>C$$EXIT</name>
         <value>0x13fa1e</value>
         <object_component_ref idref="oc-1b8"/>
      </symbol>
      <symbol id="sm-3f5">
         <name>_exit</name>
         <value>0x13fa20</value>
         <object_component_ref idref="oc-1b8"/>
      </symbol>
      <symbol id="sm-3f6">
         <name>___TI_cleanup_ptr</name>
         <value>0xa05a</value>
         <object_component_ref idref="oc-112"/>
      </symbol>
      <symbol id="sm-3f7">
         <name>___TI_enable_exit_profile_output</name>
         <value>0xa058</value>
         <object_component_ref idref="oc-112"/>
      </symbol>
      <symbol id="sm-3f8">
         <name>_abort</name>
         <value>0x13fa1e</value>
         <object_component_ref idref="oc-1b8"/>
      </symbol>
      <symbol id="sm-3f9">
         <name>___TI_dtors_ptr</name>
         <value>0xa05c</value>
         <object_component_ref idref="oc-112"/>
      </symbol>
      <symbol id="sm-413">
         <name>FS$$ADD</name>
         <value>0x13f727</value>
         <object_component_ref idref="oc-117"/>
      </symbol>
      <symbol id="sm-414">
         <name>FS$$SUB</name>
         <value>0x13f722</value>
         <object_component_ref idref="oc-117"/>
      </symbol>
      <symbol id="sm-426">
         <name>FS$$CMP</name>
         <value>0x13fbf4</value>
         <object_component_ref idref="oc-11c"/>
      </symbol>
      <symbol id="sm-437">
         <name>FS$$DIV</name>
         <value>0x13f69f</value>
         <object_component_ref idref="oc-121"/>
      </symbol>
      <symbol id="sm-448">
         <name>FS$$MPY</name>
         <value>0x13f87f</value>
         <object_component_ref idref="oc-126"/>
      </symbol>
      <symbol id="sm-455">
         <name>FS$$NEG</name>
         <value>0x13fc2b</value>
         <object_component_ref idref="oc-12b"/>
      </symbol>
      <symbol id="sm-468">
         <name>FS$$TOL</name>
         <value>0x13fa47</value>
         <object_component_ref idref="oc-130"/>
      </symbol>
      <symbol id="sm-479">
         <name>FS$$TOU</name>
         <value>0x13fb37</value>
         <object_component_ref idref="oc-135"/>
      </symbol>
      <symbol id="sm-48b">
         <name>_memcpy</name>
         <value>0x13fb54</value>
         <object_component_ref idref="oc-1ba"/>
      </symbol>
      <symbol id="sm-498">
         <name>__system_pre_init</name>
         <value>0x13fc30</value>
         <object_component_ref idref="oc-1b4"/>
      </symbol>
      <symbol id="sm-4d4">
         <name>_tanf</name>
         <value>0x13ed66</value>
         <object_component_ref idref="oc-1c2"/>
      </symbol>
      <symbol id="sm-4d5">
         <name>_tan</name>
         <value>0x13ed66</value>
         <object_component_ref idref="oc-1c2"/>
      </symbol>
      <symbol id="sm-4e2">
         <name>__system_post_cinit</name>
         <value>0x13fc32</value>
         <object_component_ref idref="oc-1b6"/>
      </symbol>
      <symbol id="sm-4f7">
         <name>__unlock</name>
         <value>0xa03e</value>
         <object_component_ref idref="oc-1cf"/>
      </symbol>
      <symbol id="sm-4f8">
         <name>__lock</name>
         <value>0xa03c</value>
         <object_component_ref idref="oc-1c3"/>
      </symbol>
      <symbol id="sm-4f9">
         <name>__register_lock</name>
         <value>0x13fc1d</value>
         <object_component_ref idref="oc-1c8"/>
      </symbol>
      <symbol id="sm-4fa">
         <name>__nop</name>
         <value>0x13fc21</value>
         <object_component_ref idref="oc-1c8"/>
      </symbol>
      <symbol id="sm-4fb">
         <name>__register_unlock</name>
         <value>0x13fc19</value>
         <object_component_ref idref="oc-1c8"/>
      </symbol>
      <symbol id="sm-50b">
         <name>__args_main</name>
         <value>0x13fbc3</value>
         <object_component_ref idref="oc-1b7"/>
      </symbol>
      <symbol id="sm-526">
         <name>FD$$ADD</name>
         <value>0x13f4f5</value>
         <object_component_ref idref="oc-159"/>
      </symbol>
      <symbol id="sm-53d">
         <name>FD$$DIV</name>
         <value>0x13f591</value>
         <object_component_ref idref="oc-15e"/>
      </symbol>
      <symbol id="sm-54f">
         <name>FD$$MPY</name>
         <value>0x13f61c</value>
         <object_component_ref idref="oc-163"/>
      </symbol>
      <symbol id="sm-55c">
         <name>FD$$NEG</name>
         <value>0x13fc22</value>
         <object_component_ref idref="oc-168"/>
      </symbol>
      <symbol id="sm-568">
         <name>FD$$SUB</name>
         <value>0x13fc0b</value>
         <object_component_ref idref="oc-16d"/>
      </symbol>
      <symbol id="sm-578">
         <name>FD$$TOFS</name>
         <value>0x13fab7</value>
         <object_component_ref idref="oc-172"/>
      </symbol>
      <symbol id="sm-587">
         <name>FD$$TOL</name>
         <value>0x13fb18</value>
         <object_component_ref idref="oc-177"/>
      </symbol>
      <symbol id="sm-597">
         <name>FS$$TOFD</name>
         <value>0x13fb71</value>
         <object_component_ref idref="oc-17c"/>
      </symbol>
      <symbol id="sm-5a8">
         <name>FS$$TOI</name>
         <value>0x13fa70</value>
         <object_component_ref idref="oc-181"/>
      </symbol>
      <symbol id="sm-60e">
         <name>___kernel_rem_pio2</name>
         <value>0x13e684</value>
         <object_component_ref idref="oc-1c7"/>
      </symbol>
      <symbol id="sm-61e">
         <name>L$$TOFD</name>
         <value>0x13fb8d</value>
         <object_component_ref idref="oc-18c"/>
      </symbol>
      <symbol id="sm-63e">
         <name>_floorl</name>
         <value>0x13f2a7</value>
         <object_component_ref idref="oc-1cd"/>
      </symbol>
      <symbol id="sm-65c">
         <name>_scalbnl</name>
         <value>0x13f397</value>
         <object_component_ref idref="oc-1cc"/>
      </symbol>
      <symbol id="sm-65d">
         <name>_ldexpl</name>
         <value>0x13f397</value>
         <object_component_ref idref="oc-1cc"/>
      </symbol>
      <symbol id="sm-66d">
         <name>FD$$CMP</name>
         <value>0x13f9f4</value>
         <object_component_ref idref="oc-19d"/>
      </symbol>
      <symbol id="sm-67b">
         <name>I$$MOD</name>
         <value>0x13faa6</value>
         <object_component_ref idref="oc-1a2"/>
      </symbol>
      <symbol id="sm-67c">
         <name>I$$DIV</name>
         <value>0x13fa95</value>
         <object_component_ref idref="oc-1a2"/>
      </symbol>
      <symbol id="sm-688">
         <name>LL$$AND</name>
         <value>0x13fbdc</value>
         <object_component_ref idref="oc-1a7"/>
      </symbol>
      <symbol id="sm-689">
         <name>LL$$OR</name>
         <value>0x13fbe4</value>
         <object_component_ref idref="oc-1a7"/>
      </symbol>
      <symbol id="sm-68a">
         <name>LL$$XOR</name>
         <value>0x13fbec</value>
         <object_component_ref idref="oc-1a7"/>
      </symbol>
      <symbol id="sm-698">
         <name>_copysignl</name>
         <value>0x13faf8</value>
         <object_component_ref idref="oc-1d0"/>
      </symbol>
      <symbol id="sm-6a3">
         <name>__IQ24div</name>
         <value>0x13ff10</value>
         <object_component_ref idref="oc-1b1"/>
      </symbol>
      <symbol id="sm-6a7">
         <name>_IQ16mpyRndSatTable</name>
         <value>0x3fe388</value>
         <object_component_ref idref="oc-1b2"/>
      </symbol>
      <symbol id="sm-6a8">
         <name>_IQ24mpyRndSatTable</name>
         <value>0x3fe328</value>
         <object_component_ref idref="oc-1b2"/>
      </symbol>
      <symbol id="sm-6a9">
         <name>_IQ13mpyRndSatTable</name>
         <value>0x3fe3ac</value>
         <object_component_ref idref="oc-1b2"/>
      </symbol>
      <symbol id="sm-6aa">
         <name>_IQ21mpyRndSatTable</name>
         <value>0x3fe34c</value>
         <object_component_ref idref="oc-1b2"/>
      </symbol>
      <symbol id="sm-6ab">
         <name>_IQ10mpyRndSatTable</name>
         <value>0x3fe3d0</value>
         <object_component_ref idref="oc-1b2"/>
      </symbol>
      <symbol id="sm-6ac">
         <name>_IQdivTable</name>
         <value>0x3fde08</value>
         <object_component_ref idref="oc-1b2"/>
      </symbol>
      <symbol id="sm-6ad">
         <name>_IQ9mpyRndSatTable</name>
         <value>0x3fe3dc</value>
         <object_component_ref idref="oc-1b2"/>
      </symbol>
      <symbol id="sm-6ae">
         <name>_IQ6mpyRndSatTable</name>
         <value>0x3fe400</value>
         <object_component_ref idref="oc-1b2"/>
      </symbol>
      <symbol id="sm-6af">
         <name>_IQatan2TableEnd</name>
         <value>0x3fe2e0</value>
         <object_component_ref idref="oc-1b2"/>
      </symbol>
      <symbol id="sm-6b0">
         <name>_IQdivTableEnd</name>
         <value>0x3fe00a</value>
         <object_component_ref idref="oc-1b2"/>
      </symbol>
      <symbol id="sm-6b1">
         <name>_IQ29mpyRndSatTable</name>
         <value>0x3fe2ec</value>
         <object_component_ref idref="oc-1b2"/>
      </symbol>
      <symbol id="sm-6b2">
         <name>_IQ3mpyRndSatTable</name>
         <value>0x3fe424</value>
         <object_component_ref idref="oc-1b2"/>
      </symbol>
      <symbol id="sm-6b3">
         <name>_IQ18mpyRndSatTable</name>
         <value>0x3fe370</value>
         <object_component_ref idref="oc-1b2"/>
      </symbol>
      <symbol id="sm-6b4">
         <name>_IQ26mpyRndSatTable</name>
         <value>0x3fe310</value>
         <object_component_ref idref="oc-1b2"/>
      </symbol>
      <symbol id="sm-6b5">
         <name>_IQcosTableEnd</name>
         <value>0x3fddfa</value>
         <object_component_ref idref="oc-1b2"/>
      </symbol>
      <symbol id="sm-6b6">
         <name>_IQsinTableEnd</name>
         <value>0x3fdcf8</value>
         <object_component_ref idref="oc-1b2"/>
      </symbol>
      <symbol id="sm-6b7">
         <name>_IQ15mpyRndSatTable</name>
         <value>0x3fe394</value>
         <object_component_ref idref="oc-1b2"/>
      </symbol>
      <symbol id="sm-6b8">
         <name>_IQ23mpyRndSatTable</name>
         <value>0x3fe334</value>
         <object_component_ref idref="oc-1b2"/>
      </symbol>
      <symbol id="sm-6b9">
         <name>_IQ12mpyRndSatTable</name>
         <value>0x3fe3b8</value>
         <object_component_ref idref="oc-1b2"/>
      </symbol>
      <symbol id="sm-6ba">
         <name>_IQ20mpyRndSatTable</name>
         <value>0x3fe358</value>
         <object_component_ref idref="oc-1b2"/>
      </symbol>
      <symbol id="sm-6bb">
         <name>_IQisqrtTableEnd</name>
         <value>0x3fe11c</value>
         <object_component_ref idref="oc-1b2"/>
      </symbol>
      <symbol id="sm-6bc">
         <name>_IQ8mpyRndSatTable</name>
         <value>0x3fe3e8</value>
         <object_component_ref idref="oc-1b2"/>
      </symbol>
      <symbol id="sm-6bd">
         <name>_IQisqrtRoundSatTable</name>
         <value>0x3fe00a</value>
         <object_component_ref idref="oc-1b2"/>
      </symbol>
      <symbol id="sm-6be">
         <name>_IQ5mpyRndSatTable</name>
         <value>0x3fe40c</value>
         <object_component_ref idref="oc-1b2"/>
      </symbol>
      <symbol id="sm-6bf">
         <name>_IQmpyRndSatTable</name>
         <value>0x3fe2e0</value>
         <object_component_ref idref="oc-1b2"/>
      </symbol>
      <symbol id="sm-6c0">
         <name>_IQ28mpyRndSatTable</name>
         <value>0x3fe2f8</value>
         <object_component_ref idref="oc-1b2"/>
      </symbol>
      <symbol id="sm-6c1">
         <name>_IQatan2Table</name>
         <value>0x3fe15a</value>
         <object_component_ref idref="oc-1b2"/>
      </symbol>
      <symbol id="sm-6c2">
         <name>_IQ2mpyRndSatTable</name>
         <value>0x3fe430</value>
         <object_component_ref idref="oc-1b2"/>
      </symbol>
      <symbol id="sm-6c3">
         <name>_IQatan2HalfPITable</name>
         <value>0x3fe11c</value>
         <object_component_ref idref="oc-1b2"/>
      </symbol>
      <symbol id="sm-6c4">
         <name>_IQ17mpyRndSatTable</name>
         <value>0x3fe37c</value>
         <object_component_ref idref="oc-1b2"/>
      </symbol>
      <symbol id="sm-6c5">
         <name>_IQ25mpyRndSatTable</name>
         <value>0x3fe31c</value>
         <object_component_ref idref="oc-1b2"/>
      </symbol>
      <symbol id="sm-6c6">
         <name>_IQsqrtTable</name>
         <value>0x3fe01a</value>
         <object_component_ref idref="oc-1b2"/>
      </symbol>
      <symbol id="sm-6c7">
         <name>_IQsqrtTableEnd</name>
         <value>0x3fe11c</value>
         <object_component_ref idref="oc-1b2"/>
      </symbol>
      <symbol id="sm-6c8">
         <name>_IQ14mpyRndSatTable</name>
         <value>0x3fe3a0</value>
         <object_component_ref idref="oc-1b2"/>
      </symbol>
      <symbol id="sm-6c9">
         <name>_IQ22mpyRndSatTable</name>
         <value>0x3fe340</value>
         <object_component_ref idref="oc-1b2"/>
      </symbol>
      <symbol id="sm-6ca">
         <name>_IQ30mpyRndSatTable</name>
         <value>0x3fe2e0</value>
         <object_component_ref idref="oc-1b2"/>
      </symbol>
      <symbol id="sm-6cb">
         <name>_IQsqrtRoundSatTable</name>
         <value>0x3fe00a</value>
         <object_component_ref idref="oc-1b2"/>
      </symbol>
      <symbol id="sm-6cc">
         <name>_IQ11mpyRndSatTable</name>
         <value>0x3fe3c4</value>
         <object_component_ref idref="oc-1b2"/>
      </symbol>
      <symbol id="sm-6cd">
         <name>_IQdivRoundSatTable</name>
         <value>0x3fddfa</value>
         <object_component_ref idref="oc-1b2"/>
      </symbol>
      <symbol id="sm-6ce">
         <name>_IQ7mpyRndSatTable</name>
         <value>0x3fe3f4</value>
         <object_component_ref idref="oc-1b2"/>
      </symbol>
      <symbol id="sm-6cf">
         <name>_IQcosTable</name>
         <value>0x3fd9f8</value>
         <object_component_ref idref="oc-1b2"/>
      </symbol>
      <symbol id="sm-6d0">
         <name>_IQisqrtTable</name>
         <value>0x3fe01a</value>
         <object_component_ref idref="oc-1b2"/>
      </symbol>
      <symbol id="sm-6d1">
         <name>_IQ4mpyRndSatTable</name>
         <value>0x3fe418</value>
         <object_component_ref idref="oc-1b2"/>
      </symbol>
      <symbol id="sm-6d2">
         <name>_IQ19mpyRndSatTable</name>
         <value>0x3fe364</value>
         <object_component_ref idref="oc-1b2"/>
      </symbol>
      <symbol id="sm-6d3">
         <name>_IQ27mpyRndSatTable</name>
         <value>0x3fe304</value>
         <object_component_ref idref="oc-1b2"/>
      </symbol>
      <symbol id="sm-6d4">
         <name>_IQmpyRndSatTableEnd</name>
         <value>0x3fe448</value>
         <object_component_ref idref="oc-1b2"/>
      </symbol>
      <symbol id="sm-6d5">
         <name>_IQ1mpyRndSatTable</name>
         <value>0x3fe43c</value>
         <object_component_ref idref="oc-1b2"/>
      </symbol>
      <symbol id="sm-6d6">
         <name>_IQsinTable</name>
         <value>0x3fd8f8</value>
         <object_component_ref idref="oc-1b2"/>
      </symbol>
   </symbol_table>
   <title>Link successful</title>
</link_info>
