******************************************************************************
             TMS320C2000 Linker PC v15.12.3                    
******************************************************************************
>> Linked Sat Jul 06 13:15:58 2019

OUTPUT FILE NAME:   <eqep_pos_speed_c28.out>
ENTRY POINT SYMBOL: "code_start"  address: 0013fff0


MEMORY CONFIGURATION

         name            origin    length      used     unused   attr    fill
----------------------  --------  ---------  --------  --------  ----  --------
PAGE 0:
  RAML0                 00008000   00001000  00000066  00000f9a  RWIX
  RAML1                 00009000   00001000  00000000  00001000  RWIX
  FLASHG                00120000   00008000  00000000  00008000  RWIX
  FLASHF                00128000   00008000  00000000  00008000  RWIX
  FLASHE                00130000   00008000  00000000  00008000  RWIX
  FLASHD                00138000   00002000  00000066  00001f9a  RWIX
  FLASHC                0013a000   00002000  00000000  00002000  RWIX
  FLASHA                0013e000   00001f80  00001f54  0000002c  RWIX
  CSM_RSVD              0013ff80   00000070  00000000  00000070  RWIX
  BEGIN                 0013fff0   00000002  00000002  00000000  RWIX
  FLASH_EXE_ONLY_P0     0013fff2   00000002  00000000  00000002  RWIX
  ECSL_PWL_P0           0013fff4   00000004  00000000  00000004  RWIX
  CSM_PWL_P0            0013fff8   00000008  00000000  00000008  RWIX
  FPUTABLES             003fd258   000006a0  00000000  000006a0  RWIX
  IQTABLES              003fd8f8   00000b50  00000b50  00000000  RWIX
  IQTABLES2             003fe448   0000008c  00000000  0000008c  RWIX
  IQTABLES3             003fe4d4   000000aa  00000000  000000aa  RWIX
  BOOTROM               003feda8   00001200  00000000  00001200  RWIX
  PIEMISHNDLR           003fffbe   00000002  00000000  00000002  RWIX
  RESET                 003fffc0   00000002  00000000  00000002  RWIX
  VECTORS               003fffc2   0000003e  00000000  0000003e  RWIX

PAGE 1:
  BOOT_RSVD             00000002   0000009f  00000000  0000009f  RWIX
  RAMM0                 000000a1   0000035f  00000300  0000005f  RWIX
  RAMM1                 00000400   00000400  00000000  00000400  RWIX
  DEV_EMU               00000880   00000180  00000042  0000013e  RWIX
  CSM                   00000ae0   00000020  00000016  0000000a  RWIX
  ADC1_RESULT           00000b00   00000020  00000010  00000010  RWIX
  ADC2_RESULT           00000b40   00000020  00000010  00000010  RWIX
  CPU_TIMER0            00000c00   00000008  00000008  00000000  RWIX
  CPU_TIMER1            00000c08   00000008  00000008  00000000  RWIX
  CPU_TIMER2            00000c10   00000008  00000008  00000000  RWIX
  PIE_CTRL              00000ce0   00000020  0000001a  00000006  RWIX
  PIE_VECT              00000d00   00000100  00000100  00000000  RWIX
  PIE_VECT_CP           00000e00   00000100  00000100  00000000  RWIX
  DMA                   00001000   00000200  000000e0  00000120  RWIX
  ASYSCTRLCONFIG        00001700   00000080  00000078  00000008  RWIX
  FLASH_REGS            00004000   00000300  00000182  0000017e  RWIX
  FLASH_ECC             00004300   00000040  00000024  0000001c  RWIX
  M3PLL                 00004400   00000010  00000008  00000008  RWIX
  EPI_REGS              00004430   00000010  0000000c  00000004  RWIX
  RAM_REGS              00004900   00000080  0000003e  00000042  RWIX
  RAM_ERR_REGS          00004a00   00000080  0000003e  00000042  RWIX
  CM_MC_IPC             00004e00   00000040  00000040  00000000  RWIX
  MCBSPA                00005000   00000040  00000024  0000001c  RWIX
  EPWM1                 00005100   00000080  00000080  00000000  RWIX
  EPWM2                 00005180   00000080  00000080  00000000  RWIX
  EPWM3                 00005200   00000080  00000080  00000000  RWIX
  EPWM4                 00005280   00000080  00000080  00000000  RWIX
  EPWM5                 00005300   00000080  00000080  00000000  RWIX
  EPWM6                 00005380   00000080  00000080  00000000  RWIX
  EPWM7                 00005400   00000080  00000080  00000000  RWIX
  EPWM8                 00005480   00000080  00000080  00000000  RWIX
  EPWM9                 00005500   00000080  00000080  00000000  RWIX
  ECAP1                 00005a00   00000020  00000020  00000000  RWIX
  ECAP2                 00005a20   00000020  00000020  00000000  RWIX
  ECAP3                 00005a40   00000020  00000020  00000000  RWIX
  ECAP4                 00005a60   00000020  00000020  00000000  RWIX
  ECAP5                 00005a80   00000020  00000020  00000000  RWIX
  ECAP6                 00005aa0   00000020  00000020  00000000  RWIX
  EQEP1                 00005b00   00000040  00000022  0000001e  RWIX
  EQEP2                 00005b40   00000040  00000022  0000001e  RWIX
  EQEP3                 00005b80   00000040  00000022  0000001e  RWIX
  GPIOG1CTRL            00005f80   00000040  00000040  00000000  RWIX
  GPIOG1DAT             00005fc0   00000020  00000020  00000000  RWIX
  GPIOG1TRIP            00005fe0   00000020  00000020  00000000  RWIX
  COMP1                 00006400   00000020  00000007  00000019  RWIX
  COMP2                 00006420   00000020  00000007  00000019  RWIX
  COMP3                 00006440   00000020  00000007  00000019  RWIX
  COMP4                 00006460   00000020  00000007  00000019  RWIX
  COMP5                 00006480   00000020  00000007  00000019  RWIX
  COMP6                 000064a0   00000020  00000007  00000019  RWIX
  GPIOG2CTRL            00006f80   00000040  0000003c  00000004  RWIX
  GPIOG2DAT             00006fc0   00000020  00000020  00000000  RWIX
  SYSTEM                00007010   00000020  0000001d  00000003  RWIX
  SPIA                  00007040   00000010  00000010  00000000  RWIX
  SCIA                  00007050   00000010  00000010  00000000  RWIX
  NMIINTRUPT            00007060   00000010  00000006  0000000a  RWIX
  XINTRUPT              00007070   00000010  00000010  00000000  RWIX
  ADC1                  00007100   00000080  00000050  00000030  RWIX
  ADC2                  00007180   00000080  00000050  00000030  RWIX
  I2CA                  00007900   00000040  00000022  0000001e  RWIX
  RAML2                 0000a000   00001000  0000005f  00000fa1  RWIX
  RAML3                 0000b000   00001000  00000000  00001000  RWIX
  RAMS0                 0000c000   00001000  00000000  00001000  RWIX
  RAMS1                 0000d000   00001000  00000000  00001000  RWIX
  RAMS2                 0000e000   00001000  00001000  00000000  RWIX
  RAMS3                 0000f000   00001000  00000000  00001000  RWIX
  RAMS4                 00010000   00001000  00000000  00001000  RWIX
  RAMS5                 00011000   00001000  00000000  00001000  RWIX
  RAMS6                 00012000   00001000  00000000  00001000  RWIX
  RAMS7                 00013000   00001000  00000000  00001000  RWIX
  CTOMRAM               0003f800   00000380  00000000  00000380  RWIX
  MTOCRAM               0003fc00   00000380  00000000  00000380  RWIX
  FLASHB                0013c000   00002000  00000000  00002000  RWIX
  FLASH_EXE_ONLY        0013fff2   00000002  00000002  00000000  RWIX
  ECSL_PWL              0013fff4   00000004  00000004  00000000  RWIX
  CSM_PWL               0013fff8   00000008  00000008  00000000  RWIX


SECTION ALLOCATION MAP

 output                                  attributes/
section   page    origin      length       input sections
--------  ----  ----------  ----------   ----------------
ramfuncs   0    00138000    00000066     RUN ADDR = 00008000
                  00138000    00000066     F28M35x_SysCtrl.obj (ramfuncs)

.text      0    0013e000    00001c33     
                  0013e000    00000684     eqep_pos_speed_c28.obj (.text)
                  0013e684    00000611     rts2800_ml.lib : k_rem_pio2.obj (.text)
                  0013ec95    0000024a                    : s_tanf.obj (.text)
                  0013eedf    000001ae     F28M35x_DefaultIsr.obj (.text:retain)
                  0013f08d    0000011a     F28M35x_SysCtrl.obj (.text)
                  0013f1a7    00000100     Example_EPwmSetup.obj (.text)
                  0013f2a7    000000f0     rts2800_ml.lib : s_floor.obj (.text)
                  0013f397    000000bd                    : s_scalbn.obj (.text)
                  0013f454    000000a1     F28M35x_EPwm.obj (.text)
                  0013f4f5    0000009c     rts2800_ml.lib : fd_add.obj (.text)
                  0013f591    0000008b                    : fd_div.obj (.text)
                  0013f61c    00000083                    : fd_mpy.obj (.text)
                  0013f69f    00000083                    : fs_div.obj (.text)
                  0013f722    00000078                    : fs_add.obj (.text)
                  0013f79a    00000073                    : e_sqrtf.obj (.text)
                  0013f80d    00000072     F28M35x_CpuTimers.obj (.text)
                  0013f87f    0000005a     rts2800_ml.lib : fs_mpy.obj (.text)
                  0013f8d9    00000054     eqep_pos_speed_c28.obj (.text:retain)
                  0013f92d    00000054     rts2800_ml.lib : boot.obj (.text)
                  0013f981    00000046                    : cpy_tbl.obj (.text)
                  0013f9c7    0000002d     F28M35x_PieCtrl.obj (.text)
                  0013f9f4    0000002a     rts2800_ml.lib : fd_cmp.obj (.text)
                  0013fa1e    00000029                    : exit.obj (.text)
                  0013fa47    00000029                    : fs_tol.obj (.text)
                  0013fa70    00000025                    : fs_toi.obj (.text)
                  0013fa95    00000022                    : i_div.obj (.text)
                  0013fab7    00000021                    : fd_tofs.obj (.text)
                  0013fad8    00000020     F28M35x_PieVect.obj (.text)
                  0013faf8    00000020     rts2800_ml.lib : s_copysign.obj (.text)
                  0013fb18    0000001f                    : fd_tol.obj (.text)
                  0013fb37    0000001d                    : fs_tou.obj (.text)
                  0013fb54    0000001d                    : memcpy.obj (.text)
                  0013fb71    0000001c                    : fs_tofd.obj (.text)
                  0013fb8d    0000001c                    : l_tofd.obj (.text)
                  0013fba9    0000001a                    : cpy_utils.obj (.text)
                  0013fbc3    00000019                    : args_main.obj (.text)
                  0013fbdc    00000018                    : ll_aox.obj (.text)
                  0013fbf4    00000017                    : fs_cmp.obj (.text)
                  0013fc0b    0000000e                    : fd_sub.obj (.text)
                  0013fc19    00000009                    : _lock.obj (.text)
                  0013fc22    00000009                    : fd_neg.obj (.text)
                  0013fc2b    00000005                    : fs_neg.obj (.text)
                  0013fc30    00000002                    : pre_init.obj (.text)
                  0013fc32    00000001                    : startup.obj (.text)

.econst    0    0013fc34    0000024e     
                  0013fc34    00000100     F28M35x_PieVect.obj (.econst:_PieVectTableInit)
                  0013fd34    00000084     rts2800_ml.lib : k_rem_pio2.obj (.econst:_ipio2)
                  0013fdb8    00000030                    : s_tanf.obj (.econst)
                  0013fde8    0000002c                    : k_rem_pio2.obj (.econst)
                  0013fe14    00000020                    : k_rem_pio2.obj (.econst:_PIo2)
                  0013fe34    0000001c                    : s_scalbn.obj (.econst)
                  0013fe50    00000018                    : s_tanf.obj (.econst:_T)
                  0013fe68    0000000c                    : s_floor.obj (.econst)
                  0013fe74    00000006     eqep_pos_speed_c28.obj (.econst)
                  0013fe7a    00000004     rts2800_ml.lib : k_rem_pio2.obj (.econst:_init_jk)
                  0013fe7e    00000004                    : e_sqrtf.obj (.econst)

.cinit     0    0013fe84    0000008c     
                  0013fe84    0000006e     eqep_pos_speed_c28.obj (.cinit)
                  0013fef2    0000000e     rts2800_ml.lib : exit.obj (.cinit)
                  0013ff00    00000005                    : _lock.obj (.cinit:__lock)
                  0013ff05    00000005                    : _lock.obj (.cinit:__unlock)
                  0013ff0a    00000004                    : errno.obj (.cinit)
                  0013ff0e    00000002     --HOLE-- [fill = 0]

IQmath     0    0013ff10    00000047     
                  0013ff10    00000047     IQmath.lib : IQ24div.obj (IQmath)

codestart 
*          0    0013fff0    00000002     
                  0013fff0    00000002     F28M35x_CodeStartBranch.obj (codestart)

IQmathTables 
*          0    003fd8f8    00000b50     NOLOAD SECTION
                  003fd8f8    00000b50     IQmath.lib : IQmathTables.obj (IQmathTables)

.stack     1    000000a2    00000300     UNINITIALIZED
                  000000a2    00000300     --HOLE--

DevEmuRegsFile 
*          1    00000880    00000042     UNINITIALIZED
                  00000880    00000042     F28M35x_GlobalVariableDefs.obj (DevEmuRegsFile)

CsmRegsFile 
*          1    00000ae0    00000016     UNINITIALIZED
                  00000ae0    00000016     F28M35x_GlobalVariableDefs.obj (CsmRegsFile)

AdcResultFile 
*          1    00000b00    00000010     UNINITIALIZED
                  00000b00    00000010     F28M35x_GlobalVariableDefs.obj (AdcResultFile)

Adc1ResultFile 
*          1    00000b00    00000010     UNINITIALIZED
                  00000b00    00000010     F28M35x_GlobalVariableDefs.obj (Adc1ResultFile)

Adc2ResultFile 
*          1    00000b40    00000010     UNINITIALIZED
                  00000b40    00000010     F28M35x_GlobalVariableDefs.obj (Adc2ResultFile)

CpuTimer0RegsFile 
*          1    00000c00    00000008     UNINITIALIZED
                  00000c00    00000008     F28M35x_GlobalVariableDefs.obj (CpuTimer0RegsFile)

CpuTimer1RegsFile 
*          1    00000c08    00000008     UNINITIALIZED
                  00000c08    00000008     F28M35x_GlobalVariableDefs.obj (CpuTimer1RegsFile)

CpuTimer2RegsFile 
*          1    00000c10    00000008     UNINITIALIZED
                  00000c10    00000008     F28M35x_GlobalVariableDefs.obj (CpuTimer2RegsFile)

PieCtrlRegsFile 
*          1    00000ce0    0000001a     UNINITIALIZED
                  00000ce0    0000001a     F28M35x_GlobalVariableDefs.obj (PieCtrlRegsFile)

PieVectTableFile 
*          1    00000d00    00000100     UNINITIALIZED
                  00000d00    00000100     F28M35x_GlobalVariableDefs.obj (PieVectTableFile)

EmuKeyVar 
*          1    00000d00    00000000     UNINITIALIZED

EmuBModeVar 
*          1    00000d00    00000000     UNINITIALIZED

FlashCallbackVar 
*          1    00000d00    00000000     UNINITIALIZED

FlashScalingVar 
*          1    00000d00    00000000     UNINITIALIZED

PieVectTableCopyFile 
*          1    00000e00    00000100     UNINITIALIZED
                  00000e00    00000100     F28M35x_GlobalVariableDefs.obj (PieVectTableCopyFile)

DmaRegsFile 
*          1    00001000    000000e0     UNINITIALIZED
                  00001000    000000e0     F28M35x_GlobalVariableDefs.obj (DmaRegsFile)

AnalogSysctrlRegsFile 
*          1    00001700    00000078     UNINITIALIZED
                  00001700    00000078     F28M35x_GlobalVariableDefs.obj (AnalogSysctrlRegsFile)

FlashCtrlRegsFile 
*          1    00004000    00000182     UNINITIALIZED
                  00004000    00000182     F28M35x_GlobalVariableDefs.obj (FlashCtrlRegsFile)

FlashEccRegsFile 
*          1    00004300    00000024     UNINITIALIZED
                  00004300    00000024     F28M35x_GlobalVariableDefs.obj (FlashEccRegsFile)

M3PllRegsFile 
*          1    00004400    00000008     UNINITIALIZED
                  00004400    00000008     F28M35x_GlobalVariableDefs.obj (M3PllRegsFile)

EpiRegsFile 
*          1    00004430    0000000c     UNINITIALIZED
                  00004430    0000000c     F28M35x_GlobalVariableDefs.obj (EpiRegsFile)

RAMRegsFile 
*          1    00004900    0000003e     UNINITIALIZED
                  00004900    0000003e     F28M35x_GlobalVariableDefs.obj (RAMRegsFile)

RAMErrRegsFile 
*          1    00004a00    0000003e     UNINITIALIZED
                  00004a00    0000003e     F28M35x_GlobalVariableDefs.obj (RAMErrRegsFile)

CtoMIpcRegsFile 
*          1    00004e00    00000040     UNINITIALIZED
                  00004e00    00000040     F28M35x_GlobalVariableDefs.obj (CtoMIpcRegsFile)

McbspaRegsFile 
*          1    00005000    00000024     UNINITIALIZED
                  00005000    00000024     F28M35x_GlobalVariableDefs.obj (McbspaRegsFile)

EPwm1RegsFile 
*          1    00005100    00000080     UNINITIALIZED
                  00005100    00000080     F28M35x_GlobalVariableDefs.obj (EPwm1RegsFile)

EPwm2RegsFile 
*          1    00005180    00000080     UNINITIALIZED
                  00005180    00000080     F28M35x_GlobalVariableDefs.obj (EPwm2RegsFile)

EPwm3RegsFile 
*          1    00005200    00000080     UNINITIALIZED
                  00005200    00000080     F28M35x_GlobalVariableDefs.obj (EPwm3RegsFile)

EPwm4RegsFile 
*          1    00005280    00000080     UNINITIALIZED
                  00005280    00000080     F28M35x_GlobalVariableDefs.obj (EPwm4RegsFile)

EPwm5RegsFile 
*          1    00005300    00000080     UNINITIALIZED
                  00005300    00000080     F28M35x_GlobalVariableDefs.obj (EPwm5RegsFile)

EPwm6RegsFile 
*          1    00005380    00000080     UNINITIALIZED
                  00005380    00000080     F28M35x_GlobalVariableDefs.obj (EPwm6RegsFile)

EPwm7RegsFile 
*          1    00005400    00000080     UNINITIALIZED
                  00005400    00000080     F28M35x_GlobalVariableDefs.obj (EPwm7RegsFile)

EPwm8RegsFile 
*          1    00005480    00000080     UNINITIALIZED
                  00005480    00000080     F28M35x_GlobalVariableDefs.obj (EPwm8RegsFile)

EPwm9RegsFile 
*          1    00005500    00000080     UNINITIALIZED
                  00005500    00000080     F28M35x_GlobalVariableDefs.obj (EPwm9RegsFile)

ECap1RegsFile 
*          1    00005a00    00000020     UNINITIALIZED
                  00005a00    00000020     F28M35x_GlobalVariableDefs.obj (ECap1RegsFile)

ECap2RegsFile 
*          1    00005a20    00000020     UNINITIALIZED
                  00005a20    00000020     F28M35x_GlobalVariableDefs.obj (ECap2RegsFile)

ECap3RegsFile 
*          1    00005a40    00000020     UNINITIALIZED
                  00005a40    00000020     F28M35x_GlobalVariableDefs.obj (ECap3RegsFile)

ECap4RegsFile 
*          1    00005a60    00000020     UNINITIALIZED
                  00005a60    00000020     F28M35x_GlobalVariableDefs.obj (ECap4RegsFile)

ECap5RegsFile 
*          1    00005a80    00000020     UNINITIALIZED
                  00005a80    00000020     F28M35x_GlobalVariableDefs.obj (ECap5RegsFile)

ECap6RegsFile 
*          1    00005aa0    00000020     UNINITIALIZED
                  00005aa0    00000020     F28M35x_GlobalVariableDefs.obj (ECap6RegsFile)

EQep1RegsFile 
*          1    00005b00    00000022     UNINITIALIZED
                  00005b00    00000022     F28M35x_GlobalVariableDefs.obj (EQep1RegsFile)

EQep2RegsFile 
*          1    00005b40    00000022     UNINITIALIZED
                  00005b40    00000022     F28M35x_GlobalVariableDefs.obj (EQep2RegsFile)

EQep3RegsFile 
*          1    00005b80    00000022     UNINITIALIZED
                  00005b80    00000022     F28M35x_GlobalVariableDefs.obj (EQep3RegsFile)

GpioCtrlRegsFile 
*          1    00005f80    00000040     UNINITIALIZED
                  00005f80    00000040     F28M35x_GlobalVariableDefs.obj (GpioCtrlRegsFile)

GpioG1CtrlRegsFile 
*          1    00005f80    00000040     UNINITIALIZED
                  00005f80    00000040     F28M35x_GlobalVariableDefs.obj (GpioG1CtrlRegsFile)

GpioDataRegsFile 
*          1    00005fc0    00000020     UNINITIALIZED
                  00005fc0    00000020     F28M35x_GlobalVariableDefs.obj (GpioDataRegsFile)

GpioG1DataRegsFile 
*          1    00005fc0    00000020     UNINITIALIZED
                  00005fc0    00000020     F28M35x_GlobalVariableDefs.obj (GpioG1DataRegsFile)

GpioTripRegsFile 
*          1    00005fe0    00000020     UNINITIALIZED
                  00005fe0    00000020     F28M35x_GlobalVariableDefs.obj (GpioTripRegsFile)

GpioG1TripRegsFile 
*          1    00005fe0    00000020     UNINITIALIZED
                  00005fe0    00000020     F28M35x_GlobalVariableDefs.obj (GpioG1TripRegsFile)

Comp1RegsFile 
*          1    00006400    00000007     UNINITIALIZED
                  00006400    00000007     F28M35x_GlobalVariableDefs.obj (Comp1RegsFile)

Comp2RegsFile 
*          1    00006420    00000007     UNINITIALIZED
                  00006420    00000007     F28M35x_GlobalVariableDefs.obj (Comp2RegsFile)

Comp3RegsFile 
*          1    00006440    00000007     UNINITIALIZED
                  00006440    00000007     F28M35x_GlobalVariableDefs.obj (Comp3RegsFile)

Comp4RegsFile 
*          1    00006460    00000007     UNINITIALIZED
                  00006460    00000007     F28M35x_GlobalVariableDefs.obj (Comp4RegsFile)

Comp5RegsFile 
*          1    00006480    00000007     UNINITIALIZED
                  00006480    00000007     F28M35x_GlobalVariableDefs.obj (Comp5RegsFile)

Comp6RegsFile 
*          1    000064a0    00000007     UNINITIALIZED
                  000064a0    00000007     F28M35x_GlobalVariableDefs.obj (Comp6RegsFile)

GpioG2CtrlRegsFile 
*          1    00006f80    0000003c     UNINITIALIZED
                  00006f80    0000003c     F28M35x_GlobalVariableDefs.obj (GpioG2CtrlRegsFile)

GpioG2DataRegsFile 
*          1    00006fc0    00000020     UNINITIALIZED
                  00006fc0    00000020     F28M35x_GlobalVariableDefs.obj (GpioG2DataRegsFile)

SysCtrlRegsFile 
*          1    00007010    0000001d     UNINITIALIZED
                  00007010    0000001d     F28M35x_GlobalVariableDefs.obj (SysCtrlRegsFile)

SpiaRegsFile 
*          1    00007040    00000010     UNINITIALIZED
                  00007040    00000010     F28M35x_GlobalVariableDefs.obj (SpiaRegsFile)

SciaRegsFile 
*          1    00007050    00000010     UNINITIALIZED
                  00007050    00000010     F28M35x_GlobalVariableDefs.obj (SciaRegsFile)

NmiIntruptRegsFile 
*          1    00007060    00000006     UNINITIALIZED
                  00007060    00000006     F28M35x_GlobalVariableDefs.obj (NmiIntruptRegsFile)

XIntruptRegsFile 
*          1    00007070    00000010     UNINITIALIZED
                  00007070    00000010     F28M35x_GlobalVariableDefs.obj (XIntruptRegsFile)

AdcRegsFile 
*          1    00007100    00000050     UNINITIALIZED
                  00007100    00000050     F28M35x_GlobalVariableDefs.obj (AdcRegsFile)

Adc1RegsFile 
*          1    00007100    00000050     UNINITIALIZED
                  00007100    00000050     F28M35x_GlobalVariableDefs.obj (Adc1RegsFile)

Adc2RegsFile 
*          1    00007180    00000050     UNINITIALIZED
                  00007180    00000050     F28M35x_GlobalVariableDefs.obj (Adc2RegsFile)

I2caRegsFile 
*          1    00007900    00000022     UNINITIALIZED
                  00007900    00000022     F28M35x_GlobalVariableDefs.obj (I2caRegsFile)

FlashExeOnlyFile 
*          1    0013fff2    00000002     UNINITIALIZED
                  0013fff2    00000002     F28M35x_GlobalVariableDefs.obj (FlashExeOnlyFile)

EcslPwlFile 
*          1    0013fff4    00000004     UNINITIALIZED
                  0013fff4    00000004     F28M35x_GlobalVariableDefs.obj (EcslPwlFile)

CsmPwlFile 
*          1    0013fff8    00000008     UNINITIALIZED
                  0013fff8    00000008     F28M35x_GlobalVariableDefs.obj (CsmPwlFile)

.pinit     0    0013e000    00000000     UNINITIALIZED

GETBUFFER 
*          0    0003fc00    00000000     DSECT

GETWRITEIDX 
*          0    0003fc00    00000000     DSECT

PUTREADIDX 
*          0    0003fc00    00000000     DSECT

SHARERAMS2 
*          1    0000e000    00001000     UNINITIALIZED
                  0000e000    00001000     eqep_pos_speed_c28.obj (SHARERAMS2)

.ebss      1    0000a000    0000005f     UNINITIALIZED
                  0000a000    0000003c     eqep_pos_speed_c28.obj (.ebss)
                  0000a03c    00000002     rts2800_ml.lib : _lock.obj (.ebss:__lock)
                  0000a03e    00000002                    : _lock.obj (.ebss:__unlock)
                  0000a040    00000018     F28M35x_CpuTimers.obj (.ebss)
                  0000a058    00000006     rts2800_ml.lib : exit.obj (.ebss)
                  0000a05e    00000001                    : errno.obj (.ebss)

.reset     0    003fffc0    00000002     DSECT
                  003fffc0    00000002     rts2800_ml.lib : boot.obj (.reset)

vectors    0    003fffc2    00000000     DSECT

MODULE SUMMARY

       Module                           code   ro data   rw data
       ------                           ----   -------   -------
    .\
       eqep_pos_speed_c28.obj           1752   0         4272   
       F28M35x_GlobalVariableDefs.obj   0      0         3915   
       F28M35x_SysCtrl.obj              486    0         0      
       F28M35x_DefaultIsr.obj           430    0         0      
       F28M35x_PieVect.obj              32     0         256    
       Example_EPwmSetup.obj            256    0         0      
       F28M35x_EPwm.obj                 161    0         0      
       F28M35x_CpuTimers.obj            114    0         24     
       F28M35x_PieCtrl.obj              45     0         0      
       F28M35x_CodeStartBranch.obj      2      0         0      
    +--+--------------------------------+------+---------+---------+
       Total:                           3278   0         8467   
                                                                
    C:/ti/controlSUITE/libs/math/IQmath/v160/lib/IQmath.lib
       IQmathTables.obj                 0      0         2896   
       IQ24div.obj                      0      0         71     
    +--+--------------------------------+------+---------+---------+
       Total:                           0      0         2967   
                                                                
    C:\ti\ccsv6\tools\compiler\c2000_15.12.3.LTS\lib\rts2800_ml.lib
       k_rem_pio2.obj                   1553   0         212    
       s_tanf.obj                       586    0         72     
       s_floor.obj                      240    0         12     
       s_scalbn.obj                     189    0         28     
       fd_add.obj                       156    0         0      
       fd_div.obj                       139    0         0      
       fd_mpy.obj                       131    0         0      
       fs_div.obj                       131    0         0      
       fs_add.obj                       120    0         0      
       e_sqrtf.obj                      115    0         4      
       fs_mpy.obj                       90     0         0      
       boot.obj                         84     0         0      
       cpy_tbl.obj                      70     0         0      
       exit.obj                         41     0         20     
       fd_cmp.obj                       42     0         0      
       fs_tol.obj                       41     0         0      
       fs_toi.obj                       37     0         0      
       i_div.obj                        34     0         0      
       fd_tofs.obj                      33     0         0      
       s_copysign.obj                   32     0         0      
       fd_tol.obj                       31     0         0      
       fs_tou.obj                       29     0         0      
       memcpy.obj                       29     0         0      
       fs_tofd.obj                      28     0         0      
       l_tofd.obj                       28     0         0      
       cpy_utils.obj                    26     0         0      
       args_main.obj                    25     0         0      
       ll_aox.obj                       24     0         0      
       _lock.obj                        9      0         14     
       fs_cmp.obj                       23     0         0      
       fd_sub.obj                       14     0         0      
       fd_neg.obj                       9      0         0      
       errno.obj                        0      0         5      
       fs_neg.obj                       5      0         0      
       pre_init.obj                     2      0         0      
       startup.obj                      1      0         0      
    +--+--------------------------------+------+---------+---------+
       Total:                           4147   0         367    
                                                                
       Stack:                           0      0         768    
    +--+--------------------------------+------+---------+---------+
       Grand Total:                     7425   0         12569  


GLOBAL DATA SYMBOLS: SORTED BY DATA PAGE

address     data page           name
--------    ----------------    ----
000000a2       2 (00000080)     __stack

00000880      22 (00000880)     _DevEmuRegs

00000ae0      2b (00000ac0)     _CsmRegs

00000b00      2c (00000b00)     _Adc1Result
00000b00      2c (00000b00)     _AdcResult

00000b40      2d (00000b40)     _Adc2Result

00000c00      30 (00000c00)     _CpuTimer0Regs
00000c08      30 (00000c00)     _CpuTimer1Regs
00000c10      30 (00000c00)     _CpuTimer2Regs

00000ce0      33 (00000cc0)     _PieCtrlRegs

00000d00      34 (00000d00)     _PieVectTable

00000e00      38 (00000e00)     _PieVectTableCopy

00001000      40 (00001000)     _DmaRegs

00001700      5c (00001700)     _AnalogSysctrlRegs

00004000     100 (00004000)     _FlashCtrlRegs

00004300     10c (00004300)     _FlashEccRegs

00004400     110 (00004400)     _M3PllRegs
00004430     110 (00004400)     _EpiRegs

00004900     124 (00004900)     _RAMRegs

00004a00     128 (00004a00)     _RAMErrRegs

00004e00     138 (00004e00)     _CtoMIpcRegs

00005000     140 (00005000)     _McbspaRegs

00005100     144 (00005100)     _EPwm1Regs

00005180     146 (00005180)     _EPwm2Regs

00005200     148 (00005200)     _EPwm3Regs

00005280     14a (00005280)     _EPwm4Regs

00005300     14c (00005300)     _EPwm5Regs

00005380     14e (00005380)     _EPwm6Regs

00005400     150 (00005400)     _EPwm7Regs

00005480     152 (00005480)     _EPwm8Regs

00005500     154 (00005500)     _EPwm9Regs

00005a00     168 (00005a00)     _ECap1Regs
00005a20     168 (00005a00)     _ECap2Regs

00005a40     169 (00005a40)     _ECap3Regs
00005a60     169 (00005a40)     _ECap4Regs

00005a80     16a (00005a80)     _ECap5Regs
00005aa0     16a (00005a80)     _ECap6Regs

00005b00     16c (00005b00)     _EQep1Regs

00005b40     16d (00005b40)     _EQep2Regs

00005b80     16e (00005b80)     _EQep3Regs

00005f80     17e (00005f80)     _GpioCtrlRegs
00005f80     17e (00005f80)     _GpioG1CtrlRegs

00005fc0     17f (00005fc0)     _GpioDataRegs
00005fc0     17f (00005fc0)     _GpioG1DataRegs
00005fe0     17f (00005fc0)     _GpioG1TripRegs
00005fe0     17f (00005fc0)     _GpioTripRegs

00006400     190 (00006400)     _Comp1Regs
00006420     190 (00006400)     _Comp2Regs

00006440     191 (00006440)     _Comp3Regs
00006460     191 (00006440)     _Comp4Regs

00006480     192 (00006480)     _Comp5Regs
000064a0     192 (00006480)     _Comp6Regs

00006f80     1be (00006f80)     _GpioG2CtrlRegs

00006fc0     1bf (00006fc0)     _GpioG2DataRegs

00007010     1c0 (00007000)     _SysCtrlRegs

00007040     1c1 (00007040)     _SpiaRegs
00007050     1c1 (00007040)     _SciaRegs
00007060     1c1 (00007040)     _NmiIntruptRegs
00007070     1c1 (00007040)     _XIntruptRegs

00007100     1c4 (00007100)     _Adc1Regs
00007100     1c4 (00007100)     _AdcRegs

00007180     1c6 (00007180)     _Adc2Regs

00007900     1e4 (00007900)     _I2caRegs

0000a000     280 (0000a000)     _r
0000a002     280 (0000a000)     _theta
0000a004     280 (0000a000)     _ratio
0000a006     280 (0000a000)     _forward
0000a008     280 (0000a000)     _v
0000a00a     280 (0000a000)     _wl
0000a00c     280 (0000a000)     _l
0000a00e     280 (0000a000)     _radius
0000a010     280 (0000a000)     _K
0000a012     280 (0000a000)     _w
0000a014     280 (0000a000)     _wr
0000a016     280 (0000a000)     _dr
0000a018     280 (0000a000)     _dl
0000a01a     280 (0000a000)     _xc
0000a01c     280 (0000a000)     _yc
0000a01e     280 (0000a000)     _f1
0000a020     280 (0000a000)     _f2
0000a022     280 (0000a000)     _speed
0000a024     280 (0000a000)     _Yg
0000a026     280 (0000a000)     _Tg
0000a028     280 (0000a000)     _rotate
0000a02a     280 (0000a000)     _Xg
0000a02c     280 (0000a000)     _controlmatrix
0000a034     280 (0000a000)     _inv_controlmatrix
0000a03c     280 (0000a000)     __lock
0000a03e     280 (0000a000)     __unlock

0000a040     281 (0000a040)     _CpuTimer1
0000a048     281 (0000a040)     _CpuTimer2
0000a050     281 (0000a040)     _CpuTimer0
0000a058     281 (0000a040)     ___TI_enable_exit_profile_output
0000a05a     281 (0000a040)     ___TI_cleanup_ptr
0000a05c     281 (0000a040)     ___TI_dtors_ptr
0000a05e     281 (0000a040)     _errno

0000e000     380 (0000e000)     _c28_r_array

0013fc34    4ff0 (0013fc00)     _PieVectTableInit

0013fe74    4ff9 (0013fe40)     _rw
0013fe76    4ff9 (0013fe40)     _distance
0013fe78    4ff9 (0013fe40)     _R

0013ff10    4ffc (0013ff00)     __IQ24div

0013fff2    4fff (0013ffc0)     _FlashExeOnly
0013fff4    4fff (0013ffc0)     _EcslPwl
0013fff8    4fff (0013ffc0)     _CsmPwl

003fd8f8    ff63 (003fd8c0)     _IQsinTable

003fd9f8    ff67 (003fd9c0)     _IQcosTable

003fdcf8    ff73 (003fdcc0)     _IQsinTableEnd

003fddfa    ff77 (003fddc0)     _IQcosTableEnd
003fddfa    ff77 (003fddc0)     _IQdivRoundSatTable

003fde08    ff78 (003fde00)     _IQdivTable

003fe00a    ff80 (003fe000)     _IQdivTableEnd
003fe00a    ff80 (003fe000)     _IQisqrtRoundSatTable
003fe00a    ff80 (003fe000)     _IQsqrtRoundSatTable
003fe01a    ff80 (003fe000)     _IQisqrtTable
003fe01a    ff80 (003fe000)     _IQsqrtTable

003fe11c    ff84 (003fe100)     _IQatan2HalfPITable
003fe11c    ff84 (003fe100)     _IQisqrtTableEnd
003fe11c    ff84 (003fe100)     _IQsqrtTableEnd

003fe15a    ff85 (003fe140)     _IQatan2Table

003fe2e0    ff8b (003fe2c0)     _IQ30mpyRndSatTable
003fe2e0    ff8b (003fe2c0)     _IQatan2TableEnd
003fe2e0    ff8b (003fe2c0)     _IQmpyRndSatTable
003fe2ec    ff8b (003fe2c0)     _IQ29mpyRndSatTable
003fe2f8    ff8b (003fe2c0)     _IQ28mpyRndSatTable

003fe304    ff8c (003fe300)     _IQ27mpyRndSatTable
003fe310    ff8c (003fe300)     _IQ26mpyRndSatTable
003fe31c    ff8c (003fe300)     _IQ25mpyRndSatTable
003fe328    ff8c (003fe300)     _IQ24mpyRndSatTable
003fe334    ff8c (003fe300)     _IQ23mpyRndSatTable

003fe340    ff8d (003fe340)     _IQ22mpyRndSatTable
003fe34c    ff8d (003fe340)     _IQ21mpyRndSatTable
003fe358    ff8d (003fe340)     _IQ20mpyRndSatTable
003fe364    ff8d (003fe340)     _IQ19mpyRndSatTable
003fe370    ff8d (003fe340)     _IQ18mpyRndSatTable
003fe37c    ff8d (003fe340)     _IQ17mpyRndSatTable

003fe388    ff8e (003fe380)     _IQ16mpyRndSatTable
003fe394    ff8e (003fe380)     _IQ15mpyRndSatTable
003fe3a0    ff8e (003fe380)     _IQ14mpyRndSatTable
003fe3ac    ff8e (003fe380)     _IQ13mpyRndSatTable
003fe3b8    ff8e (003fe380)     _IQ12mpyRndSatTable

003fe3c4    ff8f (003fe3c0)     _IQ11mpyRndSatTable
003fe3d0    ff8f (003fe3c0)     _IQ10mpyRndSatTable
003fe3dc    ff8f (003fe3c0)     _IQ9mpyRndSatTable
003fe3e8    ff8f (003fe3c0)     _IQ8mpyRndSatTable
003fe3f4    ff8f (003fe3c0)     _IQ7mpyRndSatTable

003fe400    ff90 (003fe400)     _IQ6mpyRndSatTable
003fe40c    ff90 (003fe400)     _IQ5mpyRndSatTable
003fe418    ff90 (003fe400)     _IQ4mpyRndSatTable
003fe424    ff90 (003fe400)     _IQ3mpyRndSatTable
003fe430    ff90 (003fe400)     _IQ2mpyRndSatTable
003fe43c    ff90 (003fe400)     _IQ1mpyRndSatTable

003fe448    ff91 (003fe440)     _IQmpyRndSatTableEnd


GLOBAL SYMBOLS: SORTED ALPHABETICALLY BY Name 

page  address   name                            
----  -------   ----                            
0     0013e000  .text                           
0     0013fa1e  C$$EXIT                         
0     0013f4f5  FD$$ADD                         
0     0013f9f4  FD$$CMP                         
0     0013f591  FD$$DIV                         
0     0013f61c  FD$$MPY                         
0     0013fc22  FD$$NEG                         
0     0013fc0b  FD$$SUB                         
0     0013fab7  FD$$TOFS                        
0     0013fb18  FD$$TOL                         
0     0013f727  FS$$ADD                         
0     0013fbf4  FS$$CMP                         
0     0013f69f  FS$$DIV                         
0     0013f87f  FS$$MPY                         
0     0013fc2b  FS$$NEG                         
0     0013f722  FS$$SUB                         
0     0013fb71  FS$$TOFD                        
0     0013fa70  FS$$TOI                         
0     0013fa47  FS$$TOL                         
0     0013fb37  FS$$TOU                         
0     0013fa95  I$$DIV                          
0     0013faa6  I$$MOD                          
0     0013fb8d  L$$TOFD                         
0     0013fbdc  LL$$AND                         
0     0013fbe4  LL$$OR                          
0     0013fbec  LL$$XOR                         
0     0013ef3e  _ADCINT1_ISR                    
0     0013ef43  _ADCINT2_ISR                    
0     0013f029  _ADCINT3_ISR                    
0     0013f02e  _ADCINT4_ISR                    
0     0013f033  _ADCINT5_ISR                    
0     0013f038  _ADCINT6_ISR                    
0     0013f03d  _ADCINT7_ISR                    
0     0013f042  _ADCINT8_ISR                    
1     00007100  _Adc1Regs                       
1     00000b00  _Adc1Result                     
1     00007180  _Adc2Regs                       
1     00000b40  _Adc2Result                     
1     00007100  _AdcRegs                        
1     00000b00  _AdcResult                      
1     00001700  _AnalogSysctrlRegs              
0     0013f065  _CFLFSM_ISR                     
0     0013f060  _CFLSINGERR_ISR                 
0     0013f06f  _CRAMACCVIOL_ISR                
0     0013f06a  _CRAMSINGERR_ISR                
0     0013f18f  _CSMSecurityStatus              
1     00006400  _Comp1Regs                      
1     00006420  _Comp2Regs                      
1     00006440  _Comp3Regs                      
1     00006460  _Comp4Regs                      
1     00006480  _Comp5Regs                      
1     000064a0  _Comp6Regs                      
0     0013f84e  _ConfigCpuTimer                 
1     0000a050  _CpuTimer0                      
1     00000c00  _CpuTimer0Regs                  
1     0000a040  _CpuTimer1                      
1     00000c08  _CpuTimer1Regs                  
1     0000a048  _CpuTimer2                      
1     00000c10  _CpuTimer2Regs                  
1     0013fff8  _CsmPwl                         
1     00000ae0  _CsmRegs                        
0     0013f13c  _CsmUnlock                      
1     00004e00  _CtoMIpcRegs                    
0     0013eee9  _DATALOG_ISR                    
0     0013eff7  _DINTCH1_ISR                    
0     0013effc  _DINTCH2_ISR                    
0     0013f001  _DINTCH3_ISR                    
0     0013f006  _DINTCH4_ISR                    
0     0013f00b  _DINTCH5_ISR                    
0     0013f010  _DINTCH6_ISR                    
1     00000880  _DevEmuRegs                     
1     00001000  _DmaRegs                        
0     0013efac  _ECAP1_INT_ISR                  
0     0013efb1  _ECAP2_INT_ISR                  
0     0013efb6  _ECAP3_INT_ISR                  
0     0013efbb  _ECAP4_INT_ISR                  
0     0013efc0  _ECAP5_INT_ISR                  
0     0013efc5  _ECAP6_INT_ISR                  
0     0013f19b  _ECSLSecurityStatus             
1     00005a00  _ECap1Regs                      
1     00005a20  _ECap2Regs                      
1     00005a40  _ECap3Regs                      
1     00005a60  _ECap4Regs                      
1     00005a80  _ECap5Regs                      
1     00005aa0  _ECap6Regs                      
0     0013f07e  _EMPTY_ISR                      
0     0013eef3  _EMUINT_ISR                     
0     0013ef84  _EPWM1_INT_ISR                  
0     0013ef5c  _EPWM1_TZINT_ISR                
0     0013ef89  _EPWM2_INT_ISR                  
0     0013ef61  _EPWM2_TZINT_ISR                
0     0013ef8e  _EPWM3_INT_ISR                  
0     0013ef66  _EPWM3_TZINT_ISR                
0     0013ef93  _EPWM4_INT_ISR                  
0     0013ef6b  _EPWM4_TZINT_ISR                
0     0013ef98  _EPWM5_INT_ISR                  
0     0013ef70  _EPWM5_TZINT_ISR                
0     0013ef9d  _EPWM6_INT_ISR                  
0     0013ef75  _EPWM6_TZINT_ISR                
0     0013efa2  _EPWM7_INT_ISR                  
0     0013ef7a  _EPWM7_TZINT_ISR                
0     0013efa7  _EPWM8_INT_ISR                  
0     0013ef7f  _EPWM8_TZINT_ISR                
0     0013efde  _EPWM9_INT_ISR                  
0     0013efca  _EPWM9_TZINT_ISR                
1     00005100  _EPwm1Regs                      
1     00005180  _EPwm2Regs                      
1     00005200  _EPwm3Regs                      
1     00005280  _EPwm4Regs                      
1     00005300  _EPwm5Regs                      
1     00005380  _EPwm6Regs                      
1     00005400  _EPwm7Regs                      
1     00005480  _EPwm8Regs                      
1     00005500  _EPwm9Regs                      
0     0013efcf  _EQEP1_INT_ISR                  
0     0013efd4  _EQEP2_INT_ISR                  
0     0013efd9  _EQEP3_INT_ISR                  
1     00005b00  _EQep1Regs                      
1     00005b40  _EQep2Regs                      
1     00005b80  _EQep3Regs                      
1     0013fff4  _EcslPwl                        
0     0013f15d  _EcslUnlock                     
0     0013f9eb  _EnableInterrupts               
1     00004430  _EpiRegs                        
1     00004000  _FlashCtrlRegs                  
1     00004300  _FlashEccRegs                   
1     0013fff2  _FlashExeOnly                   
0     0000804e  _FlashGainPump                  
0     0000805b  _FlashLeavePump                 
0     0013f17c  _GetEXEstatus                   
1     00005f80  _GpioCtrlRegs                   
1     00005fc0  _GpioDataRegs                   
1     00005f80  _GpioG1CtrlRegs                 
1     00005fc0  _GpioG1DataRegs                 
1     00005fe0  _GpioG1TripRegs                 
1     00006f80  _GpioG2CtrlRegs                 
1     00006fc0  _GpioG2DataRegs                 
1     00005fe0  _GpioTripRegs                   
0     0013f015  _I2CINT1A_ISR                   
0     0013f01a  _I2CINT2A_ISR                   
1     00007900  _I2caRegs                       
0     0013eefd  _ILLEGAL_ISR                    
0     0013eedf  _INT13_ISR                      
0     0013eee4  _INT14_ISR                      
0     003fe3d0  _IQ10mpyRndSatTable             
0     003fe3c4  _IQ11mpyRndSatTable             
0     003fe3b8  _IQ12mpyRndSatTable             
0     003fe3ac  _IQ13mpyRndSatTable             
0     003fe3a0  _IQ14mpyRndSatTable             
0     003fe394  _IQ15mpyRndSatTable             
0     003fe388  _IQ16mpyRndSatTable             
0     003fe37c  _IQ17mpyRndSatTable             
0     003fe370  _IQ18mpyRndSatTable             
0     003fe364  _IQ19mpyRndSatTable             
0     003fe43c  _IQ1mpyRndSatTable              
0     003fe358  _IQ20mpyRndSatTable             
0     003fe34c  _IQ21mpyRndSatTable             
0     003fe340  _IQ22mpyRndSatTable             
0     003fe334  _IQ23mpyRndSatTable             
0     003fe328  _IQ24mpyRndSatTable             
0     003fe31c  _IQ25mpyRndSatTable             
0     003fe310  _IQ26mpyRndSatTable             
0     003fe304  _IQ27mpyRndSatTable             
0     003fe2f8  _IQ28mpyRndSatTable             
0     003fe2ec  _IQ29mpyRndSatTable             
0     003fe430  _IQ2mpyRndSatTable              
0     003fe2e0  _IQ30mpyRndSatTable             
0     003fe424  _IQ3mpyRndSatTable              
0     003fe418  _IQ4mpyRndSatTable              
0     003fe40c  _IQ5mpyRndSatTable              
0     003fe400  _IQ6mpyRndSatTable              
0     003fe3f4  _IQ7mpyRndSatTable              
0     003fe3e8  _IQ8mpyRndSatTable              
0     003fe3dc  _IQ9mpyRndSatTable              
0     003fe11c  _IQatan2HalfPITable             
0     003fe15a  _IQatan2Table                   
0     003fe2e0  _IQatan2TableEnd                
0     003fd9f8  _IQcosTable                     
0     003fddfa  _IQcosTableEnd                  
0     003fddfa  _IQdivRoundSatTable             
0     003fde08  _IQdivTable                     
0     003fe00a  _IQdivTableEnd                  
0     003fe00a  _IQisqrtRoundSatTable           
0     003fe01a  _IQisqrtTable                   
0     003fe11c  _IQisqrtTableEnd                
0     003fe2e0  _IQmpyRndSatTable               
0     003fe448  _IQmpyRndSatTableEnd            
0     003fd8f8  _IQsinTable                     
0     003fdcf8  _IQsinTableEnd                  
0     003fe00a  _IQsqrtRoundSatTable            
0     003fe01a  _IQsqrtTable                    
0     003fe11c  _IQsqrtTableEnd                 
0     0013f80d  _InitCpuTimers                  
0     0013f454  _InitEPwm                       
0     0013f468  _InitEPwm1Gpio                  
0     0013f476  _InitEPwm2Gpio                  
0     0013f484  _InitEPwm3Gpio                  
0     0013f494  _InitEPwm4Gpio                  
0     0013f4a4  _InitEPwm5Gpio                  
0     0013f4b2  _InitEPwm6Gpio                  
0     0013f4c0  _InitEPwm7Gpio                  
0     0013f4d0  _InitEPwm8Gpio                  
0     0013f4e0  _InitEPwm9Gpio                  
0     0013f455  _InitEPwmGpio                   
0     0013f4ea  _InitEPwmSyncGpio               
0     00008000  _InitFlash                      
0     0013f0e1  _InitPeripheralClocks           
0     0013f9c7  _InitPieCtrl                    
0     0013fad8  _InitPieVectTable               
0     0013f08d  _InitSysCtrl                    
0     0013f4f1  _InitTzGpio                     
0     0013e113  _InverseKinematic               
1     0000a010  _K                              
0     0013f079  _LUF_ISR                        
0     0013f074  _LVF_ISR                        
0     0013f174  _LockDevice                     
1     00004400  _M3PllRegs                      
0     0013efed  _MRINTA_ISR                     
0     0013f047  _MTOCIPC_INT1_ISR               
0     0013f04c  _MTOCIPC_INT2_ISR               
0     0013f051  _MTOCIPC_INT3_ISR               
0     0013f056  _MTOCIPC_INT4_ISR               
0     0013eff2  _MXINTA_ISR                     
1     00005000  _McbspaRegs                     
0     0013eef8  _NMI_ISR                        
1     00007060  _NmiIntruptRegs                 
0     0013f083  _PIE_RESERVED                   
1     00000ce0  _PieCtrlRegs                    
1     00000d00  _PieVectTable                   
1     00000e00  _PieVectTableCopy               
0     0013fc34  _PieVectTableInit               
0     0013fe78  _R                              
1     00004a00  _RAMErrRegs                     
1     00004900  _RAMRegs                        
0     0013eeee  _RTOSINT_ISR                    
0     00138066  _RamfuncsLoadEnd                
abs   00000066  _RamfuncsLoadSize               
0     00138000  _RamfuncsLoadStart              
0     00008066  _RamfuncsRunEnd                 
abs   00000066  _RamfuncsRunSize                
0     00008000  _RamfuncsRunStart               
0     0013f01f  _SCIRXINTA_ISR                  
0     0013f024  _SCITXINTA_ISR                  
0     0013efe3  _SPIRXINTA_ISR                  
0     0013efe8  _SPITXINTA_ISR                  
1     00007050  _SciaRegs                       
0     00008025  _SetupFlash                     
0     0013e3e0  _Shared_Ram_dataRead_c28        
1     00007040  _SpiaRegs                       
1     00007010  _SysCtrlRegs                    
0     0013ef52  _TINT0_ISR                      
1     0000a026  _Tg                             
0     0013ef2f  _USER10_ISR                     
0     0013ef34  _USER11_ISR                     
0     0013ef39  _USER12_ISR                     
0     0013ef02  _USER1_ISR                      
0     0013ef07  _USER2_ISR                      
0     0013ef0c  _USER3_ISR                      
0     0013ef11  _USER4_ISR                      
0     0013ef16  _USER5_ISR                      
0     0013ef1b  _USER6_ISR                      
0     0013ef20  _USER7_ISR                      
0     0013ef25  _USER8_ISR                      
0     0013ef2a  _USER9_ISR                      
0     0013ef57  _WAKEINT_ISR                    
0     0013ef48  _XINT1_ISR                      
0     0013ef4d  _XINT2_ISR                      
0     0013f05b  _XINT3_ISR                      
1     00007070  _XIntruptRegs                   
1     0000a02a  _Xg                             
1     0000a024  _Yg                             
0     0013ff10  __IQ24div                       
1     000003a2  __STACK_END                     
abs   00000300  __STACK_SIZE                    
1     0000a05a  ___TI_cleanup_ptr               
1     0000a05c  ___TI_dtors_ptr                 
1     0000a058  ___TI_enable_exit_profile_output
abs   ffffffff  ___TI_pprof_out_hndl            
abs   ffffffff  ___TI_prof_data_size            
abs   ffffffff  ___TI_prof_data_start           
abs   ffffffff  ___binit__                      
abs   ffffffff  ___c_args__                     
0     0013fe84  ___cinit__                      
0     0013fc33  ___etext__                      
0     0013e684  ___kernel_rem_pio2              
abs   ffffffff  ___pinit__                      
0     0013e000  ___text__                       
0     0013fbc3  __args_main                     
1     0000a03c  __lock                          
0     0013fc21  __nop                           
0     0013fc1d  __register_lock                 
0     0013fc19  __register_unlock               
1     000000a2  __stack                         
0     0013fc32  __system_post_cinit             
0     0013fc30  __system_pre_init               
1     0000a03e  __unlock                        
0     0013fa1e  _abort                          
1     0000e000  _c28_r_array                    
0     0013f92d  _c_int00                        
0     0013f247  _changeDuty1                    
0     0013f25f  _changeDuty2                    
0     0013f28f  _changeDuty6                    
0     0013f277  _changeDuty7                    
0     0013e43a  _computespeed                   
1     0000a02c  _controlmatrix                  
0     0013f981  _copy_in                        
0     0013faf8  _copysignl                      
0     0013f8d9  _cpu_timer0_isr                 
0     0013f8e2  _cpu_timer1_isr                 
0     0013f8e8  _cpu_timer2_isr                 
0     0013fba9  _ddcopy                         
0     0013fe76  _distance                       
1     0000a018  _dl                             
0     0013fba9  _dpcopy                         
1     0000a016  _dr                             
1     0000a05e  _errno                          
0     0013fa20  _exit                           
1     0000a01e  _f1                             
1     0000a020  _f2                             
0     0013f2a7  _floorl                         
1     0000a006  _forward                        
0     0013e3a2  _grip                           
0     0013f1a7  _initEpwm1                      
0     0013f1cf  _initEpwm2                      
0     0013f1f7  _initEpwm6                      
0     0013f21f  _initEpwm7                      
1     0000a034  _inv_controlmatrix              
1     0000a00c  _l                              
0     0013f397  _ldexpl                         
0     0013e4d3  _linetracking                   
0     0013e000  _main                           
0     0013fb54  _memcpy                         
0     0013fba9  _pdcopy                         
0     0013fba9  _ppcopy                         
1     0000a000  _r                              
1     0000a00e  _radius                         
1     0000a004  _ratio                          
1     0000a028  _rotate                         
0     0013f088  _rsvd_ISR                       
0     0013fe74  _rw                             
0     0013f397  _scalbnl                        
1     0000a022  _speed                          
0     0013f79a  _sqrt                           
0     0013f79a  _sqrtf                          
0     0013ed66  _tan                            
0     0013ed66  _tanf                           
1     0000a002  _theta                          
0     0013e41d  _turn_left                      
0     0013e428  _turn_right                     
1     0000a008  _v                              
1     0000a012  _w                              
1     0000a00a  _wl                             
1     0000a014  _wr                             
1     0000a01a  _xc                             
1     0000a01c  _yc                             
abs   ffffffff  binit                           
0     0013fe84  cinit                           
0     0013fff0  code_start                      
0     0013fc33  etext                           
abs   ffffffff  pinit                           


GLOBAL SYMBOLS: SORTED BY Symbol Address 

page  address   name                            
----  -------   ----                            
0     00008000  _InitFlash                      
0     00008000  _RamfuncsRunStart               
0     00008025  _SetupFlash                     
0     0000804e  _FlashGainPump                  
0     0000805b  _FlashLeavePump                 
0     00008066  _RamfuncsRunEnd                 
0     00138000  _RamfuncsLoadStart              
0     00138066  _RamfuncsLoadEnd                
0     0013e000  .text                           
0     0013e000  ___text__                       
0     0013e000  _main                           
0     0013e113  _InverseKinematic               
0     0013e3a2  _grip                           
0     0013e3e0  _Shared_Ram_dataRead_c28        
0     0013e41d  _turn_left                      
0     0013e428  _turn_right                     
0     0013e43a  _computespeed                   
0     0013e4d3  _linetracking                   
0     0013e684  ___kernel_rem_pio2              
0     0013ed66  _tan                            
0     0013ed66  _tanf                           
0     0013eedf  _INT13_ISR                      
0     0013eee4  _INT14_ISR                      
0     0013eee9  _DATALOG_ISR                    
0     0013eeee  _RTOSINT_ISR                    
0     0013eef3  _EMUINT_ISR                     
0     0013eef8  _NMI_ISR                        
0     0013eefd  _ILLEGAL_ISR                    
0     0013ef02  _USER1_ISR                      
0     0013ef07  _USER2_ISR                      
0     0013ef0c  _USER3_ISR                      
0     0013ef11  _USER4_ISR                      
0     0013ef16  _USER5_ISR                      
0     0013ef1b  _USER6_ISR                      
0     0013ef20  _USER7_ISR                      
0     0013ef25  _USER8_ISR                      
0     0013ef2a  _USER9_ISR                      
0     0013ef2f  _USER10_ISR                     
0     0013ef34  _USER11_ISR                     
0     0013ef39  _USER12_ISR                     
0     0013ef3e  _ADCINT1_ISR                    
0     0013ef43  _ADCINT2_ISR                    
0     0013ef48  _XINT1_ISR                      
0     0013ef4d  _XINT2_ISR                      
0     0013ef52  _TINT0_ISR                      
0     0013ef57  _WAKEINT_ISR                    
0     0013ef5c  _EPWM1_TZINT_ISR                
0     0013ef61  _EPWM2_TZINT_ISR                
0     0013ef66  _EPWM3_TZINT_ISR                
0     0013ef6b  _EPWM4_TZINT_ISR                
0     0013ef70  _EPWM5_TZINT_ISR                
0     0013ef75  _EPWM6_TZINT_ISR                
0     0013ef7a  _EPWM7_TZINT_ISR                
0     0013ef7f  _EPWM8_TZINT_ISR                
0     0013ef84  _EPWM1_INT_ISR                  
0     0013ef89  _EPWM2_INT_ISR                  
0     0013ef8e  _EPWM3_INT_ISR                  
0     0013ef93  _EPWM4_INT_ISR                  
0     0013ef98  _EPWM5_INT_ISR                  
0     0013ef9d  _EPWM6_INT_ISR                  
0     0013efa2  _EPWM7_INT_ISR                  
0     0013efa7  _EPWM8_INT_ISR                  
0     0013efac  _ECAP1_INT_ISR                  
0     0013efb1  _ECAP2_INT_ISR                  
0     0013efb6  _ECAP3_INT_ISR                  
0     0013efbb  _ECAP4_INT_ISR                  
0     0013efc0  _ECAP5_INT_ISR                  
0     0013efc5  _ECAP6_INT_ISR                  
0     0013efca  _EPWM9_TZINT_ISR                
0     0013efcf  _EQEP1_INT_ISR                  
0     0013efd4  _EQEP2_INT_ISR                  
0     0013efd9  _EQEP3_INT_ISR                  
0     0013efde  _EPWM9_INT_ISR                  
0     0013efe3  _SPIRXINTA_ISR                  
0     0013efe8  _SPITXINTA_ISR                  
0     0013efed  _MRINTA_ISR                     
0     0013eff2  _MXINTA_ISR                     
0     0013eff7  _DINTCH1_ISR                    
0     0013effc  _DINTCH2_ISR                    
0     0013f001  _DINTCH3_ISR                    
0     0013f006  _DINTCH4_ISR                    
0     0013f00b  _DINTCH5_ISR                    
0     0013f010  _DINTCH6_ISR                    
0     0013f015  _I2CINT1A_ISR                   
0     0013f01a  _I2CINT2A_ISR                   
0     0013f01f  _SCIRXINTA_ISR                  
0     0013f024  _SCITXINTA_ISR                  
0     0013f029  _ADCINT3_ISR                    
0     0013f02e  _ADCINT4_ISR                    
0     0013f033  _ADCINT5_ISR                    
0     0013f038  _ADCINT6_ISR                    
0     0013f03d  _ADCINT7_ISR                    
0     0013f042  _ADCINT8_ISR                    
0     0013f047  _MTOCIPC_INT1_ISR               
0     0013f04c  _MTOCIPC_INT2_ISR               
0     0013f051  _MTOCIPC_INT3_ISR               
0     0013f056  _MTOCIPC_INT4_ISR               
0     0013f05b  _XINT3_ISR                      
0     0013f060  _CFLSINGERR_ISR                 
0     0013f065  _CFLFSM_ISR                     
0     0013f06a  _CRAMSINGERR_ISR                
0     0013f06f  _CRAMACCVIOL_ISR                
0     0013f074  _LVF_ISR                        
0     0013f079  _LUF_ISR                        
0     0013f07e  _EMPTY_ISR                      
0     0013f083  _PIE_RESERVED                   
0     0013f088  _rsvd_ISR                       
0     0013f08d  _InitSysCtrl                    
0     0013f0e1  _InitPeripheralClocks           
0     0013f13c  _CsmUnlock                      
0     0013f15d  _EcslUnlock                     
0     0013f174  _LockDevice                     
0     0013f17c  _GetEXEstatus                   
0     0013f18f  _CSMSecurityStatus              
0     0013f19b  _ECSLSecurityStatus             
0     0013f1a7  _initEpwm1                      
0     0013f1cf  _initEpwm2                      
0     0013f1f7  _initEpwm6                      
0     0013f21f  _initEpwm7                      
0     0013f247  _changeDuty1                    
0     0013f25f  _changeDuty2                    
0     0013f277  _changeDuty7                    
0     0013f28f  _changeDuty6                    
0     0013f2a7  _floorl                         
0     0013f397  _ldexpl                         
0     0013f397  _scalbnl                        
0     0013f454  _InitEPwm                       
0     0013f455  _InitEPwmGpio                   
0     0013f468  _InitEPwm1Gpio                  
0     0013f476  _InitEPwm2Gpio                  
0     0013f484  _InitEPwm3Gpio                  
0     0013f494  _InitEPwm4Gpio                  
0     0013f4a4  _InitEPwm5Gpio                  
0     0013f4b2  _InitEPwm6Gpio                  
0     0013f4c0  _InitEPwm7Gpio                  
0     0013f4d0  _InitEPwm8Gpio                  
0     0013f4e0  _InitEPwm9Gpio                  
0     0013f4ea  _InitEPwmSyncGpio               
0     0013f4f1  _InitTzGpio                     
0     0013f4f5  FD$$ADD                         
0     0013f591  FD$$DIV                         
0     0013f61c  FD$$MPY                         
0     0013f69f  FS$$DIV                         
0     0013f722  FS$$SUB                         
0     0013f727  FS$$ADD                         
0     0013f79a  _sqrt                           
0     0013f79a  _sqrtf                          
0     0013f80d  _InitCpuTimers                  
0     0013f84e  _ConfigCpuTimer                 
0     0013f87f  FS$$MPY                         
0     0013f8d9  _cpu_timer0_isr                 
0     0013f8e2  _cpu_timer1_isr                 
0     0013f8e8  _cpu_timer2_isr                 
0     0013f92d  _c_int00                        
0     0013f981  _copy_in                        
0     0013f9c7  _InitPieCtrl                    
0     0013f9eb  _EnableInterrupts               
0     0013f9f4  FD$$CMP                         
0     0013fa1e  C$$EXIT                         
0     0013fa1e  _abort                          
0     0013fa20  _exit                           
0     0013fa47  FS$$TOL                         
0     0013fa70  FS$$TOI                         
0     0013fa95  I$$DIV                          
0     0013faa6  I$$MOD                          
0     0013fab7  FD$$TOFS                        
0     0013fad8  _InitPieVectTable               
0     0013faf8  _copysignl                      
0     0013fb18  FD$$TOL                         
0     0013fb37  FS$$TOU                         
0     0013fb54  _memcpy                         
0     0013fb71  FS$$TOFD                        
0     0013fb8d  L$$TOFD                         
0     0013fba9  _ddcopy                         
0     0013fba9  _dpcopy                         
0     0013fba9  _pdcopy                         
0     0013fba9  _ppcopy                         
0     0013fbc3  __args_main                     
0     0013fbdc  LL$$AND                         
0     0013fbe4  LL$$OR                          
0     0013fbec  LL$$XOR                         
0     0013fbf4  FS$$CMP                         
0     0013fc0b  FD$$SUB                         
0     0013fc19  __register_unlock               
0     0013fc1d  __register_lock                 
0     0013fc21  __nop                           
0     0013fc22  FD$$NEG                         
0     0013fc2b  FS$$NEG                         
0     0013fc30  __system_pre_init               
0     0013fc32  __system_post_cinit             
0     0013fc33  ___etext__                      
0     0013fc33  etext                           
0     0013fc34  _PieVectTableInit               
0     0013fe74  _rw                             
0     0013fe76  _distance                       
0     0013fe78  _R                              
0     0013fe84  ___cinit__                      
0     0013fe84  cinit                           
0     0013ff10  __IQ24div                       
0     0013fff0  code_start                      
0     003fd8f8  _IQsinTable                     
0     003fd9f8  _IQcosTable                     
0     003fdcf8  _IQsinTableEnd                  
0     003fddfa  _IQcosTableEnd                  
0     003fddfa  _IQdivRoundSatTable             
0     003fde08  _IQdivTable                     
0     003fe00a  _IQdivTableEnd                  
0     003fe00a  _IQisqrtRoundSatTable           
0     003fe00a  _IQsqrtRoundSatTable            
0     003fe01a  _IQisqrtTable                   
0     003fe01a  _IQsqrtTable                    
0     003fe11c  _IQatan2HalfPITable             
0     003fe11c  _IQisqrtTableEnd                
0     003fe11c  _IQsqrtTableEnd                 
0     003fe15a  _IQatan2Table                   
0     003fe2e0  _IQ30mpyRndSatTable             
0     003fe2e0  _IQatan2TableEnd                
0     003fe2e0  _IQmpyRndSatTable               
0     003fe2ec  _IQ29mpyRndSatTable             
0     003fe2f8  _IQ28mpyRndSatTable             
0     003fe304  _IQ27mpyRndSatTable             
0     003fe310  _IQ26mpyRndSatTable             
0     003fe31c  _IQ25mpyRndSatTable             
0     003fe328  _IQ24mpyRndSatTable             
0     003fe334  _IQ23mpyRndSatTable             
0     003fe340  _IQ22mpyRndSatTable             
0     003fe34c  _IQ21mpyRndSatTable             
0     003fe358  _IQ20mpyRndSatTable             
0     003fe364  _IQ19mpyRndSatTable             
0     003fe370  _IQ18mpyRndSatTable             
0     003fe37c  _IQ17mpyRndSatTable             
0     003fe388  _IQ16mpyRndSatTable             
0     003fe394  _IQ15mpyRndSatTable             
0     003fe3a0  _IQ14mpyRndSatTable             
0     003fe3ac  _IQ13mpyRndSatTable             
0     003fe3b8  _IQ12mpyRndSatTable             
0     003fe3c4  _IQ11mpyRndSatTable             
0     003fe3d0  _IQ10mpyRndSatTable             
0     003fe3dc  _IQ9mpyRndSatTable              
0     003fe3e8  _IQ8mpyRndSatTable              
0     003fe3f4  _IQ7mpyRndSatTable              
0     003fe400  _IQ6mpyRndSatTable              
0     003fe40c  _IQ5mpyRndSatTable              
0     003fe418  _IQ4mpyRndSatTable              
0     003fe424  _IQ3mpyRndSatTable              
0     003fe430  _IQ2mpyRndSatTable              
0     003fe43c  _IQ1mpyRndSatTable              
0     003fe448  _IQmpyRndSatTableEnd            
1     000000a2  __stack                         
1     000003a2  __STACK_END                     
1     00000880  _DevEmuRegs                     
1     00000ae0  _CsmRegs                        
1     00000b00  _Adc1Result                     
1     00000b00  _AdcResult                      
1     00000b40  _Adc2Result                     
1     00000c00  _CpuTimer0Regs                  
1     00000c08  _CpuTimer1Regs                  
1     00000c10  _CpuTimer2Regs                  
1     00000ce0  _PieCtrlRegs                    
1     00000d00  _PieVectTable                   
1     00000e00  _PieVectTableCopy               
1     00001000  _DmaRegs                        
1     00001700  _AnalogSysctrlRegs              
1     00004000  _FlashCtrlRegs                  
1     00004300  _FlashEccRegs                   
1     00004400  _M3PllRegs                      
1     00004430  _EpiRegs                        
1     00004900  _RAMRegs                        
1     00004a00  _RAMErrRegs                     
1     00004e00  _CtoMIpcRegs                    
1     00005000  _McbspaRegs                     
1     00005100  _EPwm1Regs                      
1     00005180  _EPwm2Regs                      
1     00005200  _EPwm3Regs                      
1     00005280  _EPwm4Regs                      
1     00005300  _EPwm5Regs                      
1     00005380  _EPwm6Regs                      
1     00005400  _EPwm7Regs                      
1     00005480  _EPwm8Regs                      
1     00005500  _EPwm9Regs                      
1     00005a00  _ECap1Regs                      
1     00005a20  _ECap2Regs                      
1     00005a40  _ECap3Regs                      
1     00005a60  _ECap4Regs                      
1     00005a80  _ECap5Regs                      
1     00005aa0  _ECap6Regs                      
1     00005b00  _EQep1Regs                      
1     00005b40  _EQep2Regs                      
1     00005b80  _EQep3Regs                      
1     00005f80  _GpioCtrlRegs                   
1     00005f80  _GpioG1CtrlRegs                 
1     00005fc0  _GpioDataRegs                   
1     00005fc0  _GpioG1DataRegs                 
1     00005fe0  _GpioG1TripRegs                 
1     00005fe0  _GpioTripRegs                   
1     00006400  _Comp1Regs                      
1     00006420  _Comp2Regs                      
1     00006440  _Comp3Regs                      
1     00006460  _Comp4Regs                      
1     00006480  _Comp5Regs                      
1     000064a0  _Comp6Regs                      
1     00006f80  _GpioG2CtrlRegs                 
1     00006fc0  _GpioG2DataRegs                 
1     00007010  _SysCtrlRegs                    
1     00007040  _SpiaRegs                       
1     00007050  _SciaRegs                       
1     00007060  _NmiIntruptRegs                 
1     00007070  _XIntruptRegs                   
1     00007100  _Adc1Regs                       
1     00007100  _AdcRegs                        
1     00007180  _Adc2Regs                       
1     00007900  _I2caRegs                       
1     0000a000  _r                              
1     0000a002  _theta                          
1     0000a004  _ratio                          
1     0000a006  _forward                        
1     0000a008  _v                              
1     0000a00a  _wl                             
1     0000a00c  _l                              
1     0000a00e  _radius                         
1     0000a010  _K                              
1     0000a012  _w                              
1     0000a014  _wr                             
1     0000a016  _dr                             
1     0000a018  _dl                             
1     0000a01a  _xc                             
1     0000a01c  _yc                             
1     0000a01e  _f1                             
1     0000a020  _f2                             
1     0000a022  _speed                          
1     0000a024  _Yg                             
1     0000a026  _Tg                             
1     0000a028  _rotate                         
1     0000a02a  _Xg                             
1     0000a02c  _controlmatrix                  
1     0000a034  _inv_controlmatrix              
1     0000a03c  __lock                          
1     0000a03e  __unlock                        
1     0000a040  _CpuTimer1                      
1     0000a048  _CpuTimer2                      
1     0000a050  _CpuTimer0                      
1     0000a058  ___TI_enable_exit_profile_output
1     0000a05a  ___TI_cleanup_ptr               
1     0000a05c  ___TI_dtors_ptr                 
1     0000a05e  _errno                          
1     0000e000  _c28_r_array                    
1     0013fff2  _FlashExeOnly                   
1     0013fff4  _EcslPwl                        
1     0013fff8  _CsmPwl                         
abs   00000066  _RamfuncsLoadSize               
abs   00000066  _RamfuncsRunSize                
abs   00000300  __STACK_SIZE                    
abs   ffffffff  ___TI_pprof_out_hndl            
abs   ffffffff  ___TI_prof_data_size            
abs   ffffffff  ___TI_prof_data_start           
abs   ffffffff  ___binit__                      
abs   ffffffff  ___c_args__                     
abs   ffffffff  ___pinit__                      
abs   ffffffff  binit                           
abs   ffffffff  pinit                           

[360 symbols]
