<?xml version="1.0"?>
<link_info>
   <banner>TMS320C2000 Linker PC v15.12.3.LTS</banner>
   <copyright>Copyright (c) 1996-2015 Texas Instruments Incorporated</copyright>
   <link_time>0x5d1af78b</link_time>
   <link_errors>0x0</link_errors>
   <output_file>eqep_pos_speed_c28.out</output_file>
   <entry_point>
      <name>code_start</name>
      <address>0x13fff0</address>
   </entry_point>
   <input_file_list>
      <input_file id="fl-2">
         <path>.\</path>
         <kind>object</kind>
         <file>Example_EPwmSetup.obj</file>
         <name>Example_EPwmSetup.obj</name>
      </input_file>
      <input_file id="fl-3">
         <path>.\</path>
         <kind>object</kind>
         <file>Example_posspeed.obj</file>
         <name>Example_posspeed.obj</name>
      </input_file>
      <input_file id="fl-4">
         <path>.\</path>
         <kind>object</kind>
         <file>F28M35x_CodeStartBranch.obj</file>
         <name>F28M35x_CodeStartBranch.obj</name>
      </input_file>
      <input_file id="fl-5">
         <path>.\</path>
         <kind>object</kind>
         <file>F28M35x_CpuTimers.obj</file>
         <name>F28M35x_CpuTimers.obj</name>
      </input_file>
      <input_file id="fl-6">
         <path>.\</path>
         <kind>object</kind>
         <file>F28M35x_DefaultIsr.obj</file>
         <name>F28M35x_DefaultIsr.obj</name>
      </input_file>
      <input_file id="fl-7">
         <path>.\</path>
         <kind>object</kind>
         <file>F28M35x_EPwm.obj</file>
         <name>F28M35x_EPwm.obj</name>
      </input_file>
      <input_file id="fl-8">
         <path>.\</path>
         <kind>object</kind>
         <file>F28M35x_EQep.obj</file>
         <name>F28M35x_EQep.obj</name>
      </input_file>
      <input_file id="fl-9">
         <path>.\</path>
         <kind>object</kind>
         <file>F28M35x_GlobalVariableDefs.obj</file>
         <name>F28M35x_GlobalVariableDefs.obj</name>
      </input_file>
      <input_file id="fl-a">
         <path>.\</path>
         <kind>object</kind>
         <file>F28M35x_PieCtrl.obj</file>
         <name>F28M35x_PieCtrl.obj</name>
      </input_file>
      <input_file id="fl-b">
         <path>.\</path>
         <kind>object</kind>
         <file>F28M35x_PieVect.obj</file>
         <name>F28M35x_PieVect.obj</name>
      </input_file>
      <input_file id="fl-c">
         <path>.\</path>
         <kind>object</kind>
         <file>F28M35x_SysCtrl.obj</file>
         <name>F28M35x_SysCtrl.obj</name>
      </input_file>
      <input_file id="fl-d">
         <path>.\</path>
         <kind>object</kind>
         <file>eqep_pos_speed_c28.obj</file>
         <name>eqep_pos_speed_c28.obj</name>
      </input_file>
      <input_file id="fl-1a">
         <path>C:\ti\ccsv6\tools\compiler\c2000_15.12.3.LTS\lib\</path>
         <kind>archive</kind>
         <file>rts2800_ml.lib</file>
         <name>boot.obj</name>
      </input_file>
      <input_file id="fl-1b">
         <path>C:\ti\ccsv6\tools\compiler\c2000_15.12.3.LTS\lib\</path>
         <kind>archive</kind>
         <file>rts2800_ml.lib</file>
         <name>cpy_tbl.obj</name>
      </input_file>
      <input_file id="fl-1c">
         <path>C:\ti\ccsv6\tools\compiler\c2000_15.12.3.LTS\lib\</path>
         <kind>archive</kind>
         <file>rts2800_ml.lib</file>
         <name>cpy_utils.obj</name>
      </input_file>
      <input_file id="fl-1d">
         <path>C:\ti\ccsv6\tools\compiler\c2000_15.12.3.LTS\lib\</path>
         <kind>archive</kind>
         <file>rts2800_ml.lib</file>
         <name>e_sqrtf.obj</name>
      </input_file>
      <input_file id="fl-1e">
         <path>C:\ti\ccsv6\tools\compiler\c2000_15.12.3.LTS\lib\</path>
         <kind>archive</kind>
         <file>rts2800_ml.lib</file>
         <name>errno.obj</name>
      </input_file>
      <input_file id="fl-1f">
         <path>C:\ti\ccsv6\tools\compiler\c2000_15.12.3.LTS\lib\</path>
         <kind>archive</kind>
         <file>rts2800_ml.lib</file>
         <name>exit.obj</name>
      </input_file>
      <input_file id="fl-20">
         <path>C:\ti\ccsv6\tools\compiler\c2000_15.12.3.LTS\lib\</path>
         <kind>archive</kind>
         <file>rts2800_ml.lib</file>
         <name>fs_add.obj</name>
      </input_file>
      <input_file id="fl-21">
         <path>C:\ti\ccsv6\tools\compiler\c2000_15.12.3.LTS\lib\</path>
         <kind>archive</kind>
         <file>rts2800_ml.lib</file>
         <name>fs_cmp.obj</name>
      </input_file>
      <input_file id="fl-22">
         <path>C:\ti\ccsv6\tools\compiler\c2000_15.12.3.LTS\lib\</path>
         <kind>archive</kind>
         <file>rts2800_ml.lib</file>
         <name>fs_div.obj</name>
      </input_file>
      <input_file id="fl-23">
         <path>C:\ti\ccsv6\tools\compiler\c2000_15.12.3.LTS\lib\</path>
         <kind>archive</kind>
         <file>rts2800_ml.lib</file>
         <name>fs_mpy.obj</name>
      </input_file>
      <input_file id="fl-24">
         <path>C:\ti\ccsv6\tools\compiler\c2000_15.12.3.LTS\lib\</path>
         <kind>archive</kind>
         <file>rts2800_ml.lib</file>
         <name>fs_neg.obj</name>
      </input_file>
      <input_file id="fl-25">
         <path>C:\ti\ccsv6\tools\compiler\c2000_15.12.3.LTS\lib\</path>
         <kind>archive</kind>
         <file>rts2800_ml.lib</file>
         <name>fs_tol.obj</name>
      </input_file>
      <input_file id="fl-26">
         <path>C:\ti\ccsv6\tools\compiler\c2000_15.12.3.LTS\lib\</path>
         <kind>archive</kind>
         <file>rts2800_ml.lib</file>
         <name>fs_tou.obj</name>
      </input_file>
      <input_file id="fl-27">
         <path>C:\ti\ccsv6\tools\compiler\c2000_15.12.3.LTS\lib\</path>
         <kind>archive</kind>
         <file>rts2800_ml.lib</file>
         <name>memcpy.obj</name>
      </input_file>
      <input_file id="fl-28">
         <path>C:\ti\ccsv6\tools\compiler\c2000_15.12.3.LTS\lib\</path>
         <kind>archive</kind>
         <file>rts2800_ml.lib</file>
         <name>pre_init.obj</name>
      </input_file>
      <input_file id="fl-29">
         <path>C:\ti\ccsv6\tools\compiler\c2000_15.12.3.LTS\lib\</path>
         <kind>archive</kind>
         <file>rts2800_ml.lib</file>
         <name>s_tanf.obj</name>
      </input_file>
      <input_file id="fl-2a">
         <path>C:\ti\ccsv6\tools\compiler\c2000_15.12.3.LTS\lib\</path>
         <kind>archive</kind>
         <file>rts2800_ml.lib</file>
         <name>startup.obj</name>
      </input_file>
      <input_file id="fl-2b">
         <path>C:\ti\ccsv6\tools\compiler\c2000_15.12.3.LTS\lib\</path>
         <kind>archive</kind>
         <file>rts2800_ml.lib</file>
         <name>_lock.obj</name>
      </input_file>
      <input_file id="fl-2c">
         <path>C:\ti\ccsv6\tools\compiler\c2000_15.12.3.LTS\lib\</path>
         <kind>archive</kind>
         <file>rts2800_ml.lib</file>
         <name>args_main.obj</name>
      </input_file>
      <input_file id="fl-2d">
         <path>C:\ti\ccsv6\tools\compiler\c2000_15.12.3.LTS\lib\</path>
         <kind>archive</kind>
         <file>rts2800_ml.lib</file>
         <name>fd_add.obj</name>
      </input_file>
      <input_file id="fl-2e">
         <path>C:\ti\ccsv6\tools\compiler\c2000_15.12.3.LTS\lib\</path>
         <kind>archive</kind>
         <file>rts2800_ml.lib</file>
         <name>fd_div.obj</name>
      </input_file>
      <input_file id="fl-2f">
         <path>C:\ti\ccsv6\tools\compiler\c2000_15.12.3.LTS\lib\</path>
         <kind>archive</kind>
         <file>rts2800_ml.lib</file>
         <name>fd_mpy.obj</name>
      </input_file>
      <input_file id="fl-30">
         <path>C:\ti\ccsv6\tools\compiler\c2000_15.12.3.LTS\lib\</path>
         <kind>archive</kind>
         <file>rts2800_ml.lib</file>
         <name>fd_neg.obj</name>
      </input_file>
      <input_file id="fl-31">
         <path>C:\ti\ccsv6\tools\compiler\c2000_15.12.3.LTS\lib\</path>
         <kind>archive</kind>
         <file>rts2800_ml.lib</file>
         <name>fd_sub.obj</name>
      </input_file>
      <input_file id="fl-32">
         <path>C:\ti\ccsv6\tools\compiler\c2000_15.12.3.LTS\lib\</path>
         <kind>archive</kind>
         <file>rts2800_ml.lib</file>
         <name>fd_tofs.obj</name>
      </input_file>
      <input_file id="fl-33">
         <path>C:\ti\ccsv6\tools\compiler\c2000_15.12.3.LTS\lib\</path>
         <kind>archive</kind>
         <file>rts2800_ml.lib</file>
         <name>fd_tol.obj</name>
      </input_file>
      <input_file id="fl-34">
         <path>C:\ti\ccsv6\tools\compiler\c2000_15.12.3.LTS\lib\</path>
         <kind>archive</kind>
         <file>rts2800_ml.lib</file>
         <name>fs_tofd.obj</name>
      </input_file>
      <input_file id="fl-35">
         <path>C:\ti\ccsv6\tools\compiler\c2000_15.12.3.LTS\lib\</path>
         <kind>archive</kind>
         <file>rts2800_ml.lib</file>
         <name>fs_toi.obj</name>
      </input_file>
      <input_file id="fl-36">
         <path>C:\ti\ccsv6\tools\compiler\c2000_15.12.3.LTS\lib\</path>
         <kind>archive</kind>
         <file>rts2800_ml.lib</file>
         <name>k_rem_pio2.obj</name>
      </input_file>
      <input_file id="fl-37">
         <path>C:\ti\ccsv6\tools\compiler\c2000_15.12.3.LTS\lib\</path>
         <kind>archive</kind>
         <file>rts2800_ml.lib</file>
         <name>l_tofd.obj</name>
      </input_file>
      <input_file id="fl-38">
         <path>C:\ti\ccsv6\tools\compiler\c2000_15.12.3.LTS\lib\</path>
         <kind>archive</kind>
         <file>rts2800_ml.lib</file>
         <name>s_floor.obj</name>
      </input_file>
      <input_file id="fl-39">
         <path>C:\ti\ccsv6\tools\compiler\c2000_15.12.3.LTS\lib\</path>
         <kind>archive</kind>
         <file>rts2800_ml.lib</file>
         <name>s_scalbn.obj</name>
      </input_file>
      <input_file id="fl-3a">
         <path>C:\ti\ccsv6\tools\compiler\c2000_15.12.3.LTS\lib\</path>
         <kind>archive</kind>
         <file>rts2800_ml.lib</file>
         <name>fd_cmp.obj</name>
      </input_file>
      <input_file id="fl-3b">
         <path>C:\ti\ccsv6\tools\compiler\c2000_15.12.3.LTS\lib\</path>
         <kind>archive</kind>
         <file>rts2800_ml.lib</file>
         <name>i_div.obj</name>
      </input_file>
      <input_file id="fl-3c">
         <path>C:\ti\ccsv6\tools\compiler\c2000_15.12.3.LTS\lib\</path>
         <kind>archive</kind>
         <file>rts2800_ml.lib</file>
         <name>ll_aox.obj</name>
      </input_file>
      <input_file id="fl-3d">
         <path>C:\ti\ccsv6\tools\compiler\c2000_15.12.3.LTS\lib\</path>
         <kind>archive</kind>
         <file>rts2800_ml.lib</file>
         <name>s_copysign.obj</name>
      </input_file>
      <input_file id="fl-3e">
         <path>C:\ti\controlSUITE\libs\math\IQmath\v160\lib\</path>
         <kind>archive</kind>
         <file>IQmath.lib</file>
         <name>IQ24div.obj</name>
      </input_file>
      <input_file id="fl-3f">
         <path>C:\ti\controlSUITE\libs\math\IQmath\v160\lib\</path>
         <kind>archive</kind>
         <file>IQmath.lib</file>
         <name>IQmathTables.obj</name>
      </input_file>
   </input_file_list>
   <object_component_list>
      <object_component id="oc-d8">
         <name>PieVectTableFile</name>
         <uninitialized>true</uninitialized>
         <run_address>0xd00</run_address>
         <size>0x100</size>
         <input_file_ref idref="fl-9"/>
      </object_component>
      <object_component id="oc-c9">
         <name>DevEmuRegsFile</name>
         <uninitialized>true</uninitialized>
         <run_address>0x880</run_address>
         <size>0x42</size>
         <input_file_ref idref="fl-9"/>
      </object_component>
      <object_component id="oc-af">
         <name>CsmRegsFile</name>
         <uninitialized>true</uninitialized>
         <run_address>0xae0</run_address>
         <size>0x16</size>
         <input_file_ref idref="fl-9"/>
      </object_component>
      <object_component id="oc-ac">
         <name>AdcResultFile</name>
         <uninitialized>true</uninitialized>
         <run_address>0xb00</run_address>
         <size>0x10</size>
         <input_file_ref idref="fl-9"/>
      </object_component>
      <object_component id="oc-aa">
         <name>Adc1ResultFile</name>
         <uninitialized>true</uninitialized>
         <run_address>0xb00</run_address>
         <size>0x10</size>
         <input_file_ref idref="fl-9"/>
      </object_component>
      <object_component id="oc-ae">
         <name>Adc2ResultFile</name>
         <uninitialized>true</uninitialized>
         <run_address>0xb40</run_address>
         <size>0x10</size>
         <input_file_ref idref="fl-9"/>
      </object_component>
      <object_component id="oc-a7">
         <name>CpuTimer0RegsFile</name>
         <uninitialized>true</uninitialized>
         <run_address>0xc00</run_address>
         <size>0x8</size>
         <input_file_ref idref="fl-9"/>
      </object_component>
      <object_component id="oc-a5">
         <name>CpuTimer1RegsFile</name>
         <uninitialized>true</uninitialized>
         <run_address>0xc08</run_address>
         <size>0x8</size>
         <input_file_ref idref="fl-9"/>
      </object_component>
      <object_component id="oc-a6">
         <name>CpuTimer2RegsFile</name>
         <uninitialized>true</uninitialized>
         <run_address>0xc10</run_address>
         <size>0x8</size>
         <input_file_ref idref="fl-9"/>
      </object_component>
      <object_component id="oc-b0">
         <name>PieCtrlRegsFile</name>
         <uninitialized>true</uninitialized>
         <run_address>0xce0</run_address>
         <size>0x1a</size>
         <input_file_ref idref="fl-9"/>
      </object_component>
      <object_component id="oc-d9">
         <name>PieVectTableCopyFile</name>
         <uninitialized>true</uninitialized>
         <run_address>0xe00</run_address>
         <size>0x100</size>
         <input_file_ref idref="fl-9"/>
      </object_component>
      <object_component id="oc-d7">
         <name>DmaRegsFile</name>
         <uninitialized>true</uninitialized>
         <run_address>0x1000</run_address>
         <size>0xe0</size>
         <input_file_ref idref="fl-9"/>
      </object_component>
      <object_component id="oc-cd">
         <name>AnalogSysctrlRegsFile</name>
         <uninitialized>true</uninitialized>
         <run_address>0x1700</run_address>
         <size>0x78</size>
         <input_file_ref idref="fl-9"/>
      </object_component>
      <object_component id="oc-da">
         <name>FlashCtrlRegsFile</name>
         <uninitialized>true</uninitialized>
         <run_address>0x4000</run_address>
         <size>0x182</size>
         <input_file_ref idref="fl-9"/>
      </object_component>
      <object_component id="oc-c1">
         <name>FlashEccRegsFile</name>
         <uninitialized>true</uninitialized>
         <run_address>0x4300</run_address>
         <size>0x24</size>
         <input_file_ref idref="fl-9"/>
      </object_component>
      <object_component id="oc-a4">
         <name>M3PllRegsFile</name>
         <uninitialized>true</uninitialized>
         <run_address>0x4400</run_address>
         <size>0x8</size>
         <input_file_ref idref="fl-9"/>
      </object_component>
      <object_component id="oc-a8">
         <name>EpiRegsFile</name>
         <uninitialized>true</uninitialized>
         <run_address>0x4430</run_address>
         <size>0xc</size>
         <input_file_ref idref="fl-9"/>
      </object_component>
      <object_component id="oc-c5">
         <name>RAMRegsFile</name>
         <uninitialized>true</uninitialized>
         <run_address>0x4900</run_address>
         <size>0x3e</size>
         <input_file_ref idref="fl-9"/>
      </object_component>
      <object_component id="oc-c4">
         <name>RAMErrRegsFile</name>
         <uninitialized>true</uninitialized>
         <run_address>0x4a00</run_address>
         <size>0x3e</size>
         <input_file_ref idref="fl-9"/>
      </object_component>
      <object_component id="oc-c8">
         <name>CtoMIpcRegsFile</name>
         <uninitialized>true</uninitialized>
         <run_address>0x4e00</run_address>
         <size>0x40</size>
         <input_file_ref idref="fl-9"/>
      </object_component>
      <object_component id="oc-b1">
         <name>SysCtrlRegsFile</name>
         <uninitialized>true</uninitialized>
         <run_address>0x7010</run_address>
         <size>0x1d</size>
         <input_file_ref idref="fl-9"/>
      </object_component>
      <object_component id="oc-ad">
         <name>SpiaRegsFile</name>
         <uninitialized>true</uninitialized>
         <run_address>0x7040</run_address>
         <size>0x10</size>
         <input_file_ref idref="fl-9"/>
      </object_component>
      <object_component id="oc-a9">
         <name>SciaRegsFile</name>
         <uninitialized>true</uninitialized>
         <run_address>0x7050</run_address>
         <size>0x10</size>
         <input_file_ref idref="fl-9"/>
      </object_component>
      <object_component id="oc-9c">
         <name>NmiIntruptRegsFile</name>
         <uninitialized>true</uninitialized>
         <run_address>0x7060</run_address>
         <size>0x6</size>
         <input_file_ref idref="fl-9"/>
      </object_component>
      <object_component id="oc-ab">
         <name>XIntruptRegsFile</name>
         <uninitialized>true</uninitialized>
         <run_address>0x7070</run_address>
         <size>0x10</size>
         <input_file_ref idref="fl-9"/>
      </object_component>
      <object_component id="oc-cc">
         <name>AdcRegsFile</name>
         <uninitialized>true</uninitialized>
         <run_address>0x7100</run_address>
         <size>0x50</size>
         <input_file_ref idref="fl-9"/>
      </object_component>
      <object_component id="oc-cb">
         <name>Adc1RegsFile</name>
         <uninitialized>true</uninitialized>
         <run_address>0x7100</run_address>
         <size>0x50</size>
         <input_file_ref idref="fl-9"/>
      </object_component>
      <object_component id="oc-ca">
         <name>Adc2RegsFile</name>
         <uninitialized>true</uninitialized>
         <run_address>0x7180</run_address>
         <size>0x50</size>
         <input_file_ref idref="fl-9"/>
      </object_component>
      <object_component id="oc-bf">
         <name>I2caRegsFile</name>
         <uninitialized>true</uninitialized>
         <run_address>0x7900</run_address>
         <size>0x22</size>
         <input_file_ref idref="fl-9"/>
      </object_component>
      <object_component id="oc-c2">
         <name>McbspaRegsFile</name>
         <uninitialized>true</uninitialized>
         <run_address>0x5000</run_address>
         <size>0x24</size>
         <input_file_ref idref="fl-9"/>
      </object_component>
      <object_component id="oc-d3">
         <name>EPwm1RegsFile</name>
         <uninitialized>true</uninitialized>
         <run_address>0x5100</run_address>
         <size>0x80</size>
         <input_file_ref idref="fl-9"/>
      </object_component>
      <object_component id="oc-d6">
         <name>EPwm2RegsFile</name>
         <uninitialized>true</uninitialized>
         <run_address>0x5180</run_address>
         <size>0x80</size>
         <input_file_ref idref="fl-9"/>
      </object_component>
      <object_component id="oc-d1">
         <name>EPwm3RegsFile</name>
         <uninitialized>true</uninitialized>
         <run_address>0x5200</run_address>
         <size>0x80</size>
         <input_file_ref idref="fl-9"/>
      </object_component>
      <object_component id="oc-d5">
         <name>EPwm4RegsFile</name>
         <uninitialized>true</uninitialized>
         <run_address>0x5280</run_address>
         <size>0x80</size>
         <input_file_ref idref="fl-9"/>
      </object_component>
      <object_component id="oc-cf">
         <name>EPwm5RegsFile</name>
         <uninitialized>true</uninitialized>
         <run_address>0x5300</run_address>
         <size>0x80</size>
         <input_file_ref idref="fl-9"/>
      </object_component>
      <object_component id="oc-d0">
         <name>EPwm6RegsFile</name>
         <uninitialized>true</uninitialized>
         <run_address>0x5380</run_address>
         <size>0x80</size>
         <input_file_ref idref="fl-9"/>
      </object_component>
      <object_component id="oc-d2">
         <name>EPwm7RegsFile</name>
         <uninitialized>true</uninitialized>
         <run_address>0x5400</run_address>
         <size>0x80</size>
         <input_file_ref idref="fl-9"/>
      </object_component>
      <object_component id="oc-d4">
         <name>EPwm8RegsFile</name>
         <uninitialized>true</uninitialized>
         <run_address>0x5480</run_address>
         <size>0x80</size>
         <input_file_ref idref="fl-9"/>
      </object_component>
      <object_component id="oc-ce">
         <name>EPwm9RegsFile</name>
         <uninitialized>true</uninitialized>
         <run_address>0x5500</run_address>
         <size>0x80</size>
         <input_file_ref idref="fl-9"/>
      </object_component>
      <object_component id="oc-bb">
         <name>ECap1RegsFile</name>
         <uninitialized>true</uninitialized>
         <run_address>0x5a00</run_address>
         <size>0x20</size>
         <input_file_ref idref="fl-9"/>
      </object_component>
      <object_component id="oc-bc">
         <name>ECap2RegsFile</name>
         <uninitialized>true</uninitialized>
         <run_address>0x5a20</run_address>
         <size>0x20</size>
         <input_file_ref idref="fl-9"/>
      </object_component>
      <object_component id="oc-b5">
         <name>ECap3RegsFile</name>
         <uninitialized>true</uninitialized>
         <run_address>0x5a40</run_address>
         <size>0x20</size>
         <input_file_ref idref="fl-9"/>
      </object_component>
      <object_component id="oc-b3">
         <name>ECap4RegsFile</name>
         <uninitialized>true</uninitialized>
         <run_address>0x5a60</run_address>
         <size>0x20</size>
         <input_file_ref idref="fl-9"/>
      </object_component>
      <object_component id="oc-b2">
         <name>ECap5RegsFile</name>
         <uninitialized>true</uninitialized>
         <run_address>0x5a80</run_address>
         <size>0x20</size>
         <input_file_ref idref="fl-9"/>
      </object_component>
      <object_component id="oc-b4">
         <name>ECap6RegsFile</name>
         <uninitialized>true</uninitialized>
         <run_address>0x5aa0</run_address>
         <size>0x20</size>
         <input_file_ref idref="fl-9"/>
      </object_component>
      <object_component id="oc-c0">
         <name>EQep1RegsFile</name>
         <uninitialized>true</uninitialized>
         <run_address>0x5b00</run_address>
         <size>0x22</size>
         <input_file_ref idref="fl-9"/>
      </object_component>
      <object_component id="oc-bd">
         <name>EQep2RegsFile</name>
         <uninitialized>true</uninitialized>
         <run_address>0x5b40</run_address>
         <size>0x22</size>
         <input_file_ref idref="fl-9"/>
      </object_component>
      <object_component id="oc-be">
         <name>EQep3RegsFile</name>
         <uninitialized>true</uninitialized>
         <run_address>0x5b80</run_address>
         <size>0x22</size>
         <input_file_ref idref="fl-9"/>
      </object_component>
      <object_component id="oc-c7">
         <name>GpioCtrlRegsFile</name>
         <uninitialized>true</uninitialized>
         <run_address>0x5f80</run_address>
         <size>0x40</size>
         <input_file_ref idref="fl-9"/>
      </object_component>
      <object_component id="oc-c6">
         <name>GpioG1CtrlRegsFile</name>
         <uninitialized>true</uninitialized>
         <run_address>0x5f80</run_address>
         <size>0x40</size>
         <input_file_ref idref="fl-9"/>
      </object_component>
      <object_component id="oc-ba">
         <name>GpioDataRegsFile</name>
         <uninitialized>true</uninitialized>
         <run_address>0x5fc0</run_address>
         <size>0x20</size>
         <input_file_ref idref="fl-9"/>
      </object_component>
      <object_component id="oc-b9">
         <name>GpioG1DataRegsFile</name>
         <uninitialized>true</uninitialized>
         <run_address>0x5fc0</run_address>
         <size>0x20</size>
         <input_file_ref idref="fl-9"/>
      </object_component>
      <object_component id="oc-b8">
         <name>GpioTripRegsFile</name>
         <uninitialized>true</uninitialized>
         <run_address>0x5fe0</run_address>
         <size>0x20</size>
         <input_file_ref idref="fl-9"/>
      </object_component>
      <object_component id="oc-b6">
         <name>GpioG1TripRegsFile</name>
         <uninitialized>true</uninitialized>
         <run_address>0x5fe0</run_address>
         <size>0x20</size>
         <input_file_ref idref="fl-9"/>
      </object_component>
      <object_component id="oc-9d">
         <name>Comp1RegsFile</name>
         <uninitialized>true</uninitialized>
         <run_address>0x6400</run_address>
         <size>0x7</size>
         <input_file_ref idref="fl-9"/>
      </object_component>
      <object_component id="oc-9e">
         <name>Comp2RegsFile</name>
         <uninitialized>true</uninitialized>
         <run_address>0x6420</run_address>
         <size>0x7</size>
         <input_file_ref idref="fl-9"/>
      </object_component>
      <object_component id="oc-9f">
         <name>Comp3RegsFile</name>
         <uninitialized>true</uninitialized>
         <run_address>0x6440</run_address>
         <size>0x7</size>
         <input_file_ref idref="fl-9"/>
      </object_component>
      <object_component id="oc-a1">
         <name>Comp4RegsFile</name>
         <uninitialized>true</uninitialized>
         <run_address>0x6460</run_address>
         <size>0x7</size>
         <input_file_ref idref="fl-9"/>
      </object_component>
      <object_component id="oc-a0">
         <name>Comp5RegsFile</name>
         <uninitialized>true</uninitialized>
         <run_address>0x6480</run_address>
         <size>0x7</size>
         <input_file_ref idref="fl-9"/>
      </object_component>
      <object_component id="oc-a2">
         <name>Comp6RegsFile</name>
         <uninitialized>true</uninitialized>
         <run_address>0x64a0</run_address>
         <size>0x7</size>
         <input_file_ref idref="fl-9"/>
      </object_component>
      <object_component id="oc-c3">
         <name>GpioG2CtrlRegsFile</name>
         <uninitialized>true</uninitialized>
         <run_address>0x6f80</run_address>
         <size>0x3c</size>
         <input_file_ref idref="fl-9"/>
      </object_component>
      <object_component id="oc-b7">
         <name>GpioG2DataRegsFile</name>
         <uninitialized>true</uninitialized>
         <run_address>0x6fc0</run_address>
         <size>0x20</size>
         <input_file_ref idref="fl-9"/>
      </object_component>
      <object_component id="oc-9a">
         <name>FlashExeOnlyFile</name>
         <uninitialized>true</uninitialized>
         <run_address>0x13fff2</run_address>
         <size>0x2</size>
         <input_file_ref idref="fl-9"/>
      </object_component>
      <object_component id="oc-9b">
         <name>EcslPwlFile</name>
         <uninitialized>true</uninitialized>
         <run_address>0x13fff4</run_address>
         <size>0x4</size>
         <input_file_ref idref="fl-9"/>
      </object_component>
      <object_component id="oc-a3">
         <name>CsmPwlFile</name>
         <uninitialized>true</uninitialized>
         <run_address>0x13fff8</run_address>
         <size>0x8</size>
         <input_file_ref idref="fl-9"/>
      </object_component>
      <object_component id="oc-ec">
         <name>.cinit</name>
         <load_address>0x13fe94</load_address>
         <run_address>0x13fe94</run_address>
         <size>0x67</size>
         <input_file_ref idref="fl-d"/>
      </object_component>
      <object_component id="oc-112">
         <name>.cinit</name>
         <load_address>0x13fefb</load_address>
         <run_address>0x13fefb</run_address>
         <size>0xe</size>
         <input_file_ref idref="fl-1f"/>
      </object_component>
      <object_component id="oc-1c6">
         <name>.cinit:__lock</name>
         <load_address>0x13ff09</load_address>
         <run_address>0x13ff09</run_address>
         <size>0x5</size>
         <input_file_ref idref="fl-2b"/>
      </object_component>
      <object_component id="oc-1cb">
         <name>.cinit:__unlock</name>
         <load_address>0x13ff0e</load_address>
         <run_address>0x13ff0e</run_address>
         <size>0x5</size>
         <input_file_ref idref="fl-2b"/>
      </object_component>
      <object_component id="oc-10e">
         <name>.cinit</name>
         <load_address>0x13ff13</load_address>
         <run_address>0x13ff13</run_address>
         <size>0x4</size>
         <input_file_ref idref="fl-1e"/>
      </object_component>
      <object_component id="oc-1b4">
         <name>.text</name>
         <load_address>0x13e000</load_address>
         <run_address>0x13e000</run_address>
         <size>0x629</size>
         <input_file_ref idref="fl-d"/>
      </object_component>
      <object_component id="oc-1c9">
         <name>.text</name>
         <load_address>0x13e629</load_address>
         <run_address>0x13e629</run_address>
         <size>0x611</size>
         <input_file_ref idref="fl-36"/>
      </object_component>
      <object_component id="oc-1c4">
         <name>.text</name>
         <load_address>0x13ec3a</load_address>
         <run_address>0x13ec3a</run_address>
         <size>0x24a</size>
         <input_file_ref idref="fl-29"/>
      </object_component>
      <object_component id="oc-8a">
         <name>.text:retain</name>
         <load_address>0x13ee84</load_address>
         <run_address>0x13ee84</run_address>
         <size>0x1ae</size>
         <input_file_ref idref="fl-6"/>
      </object_component>
      <object_component id="oc-1ba">
         <name>.text</name>
         <load_address>0x13f032</load_address>
         <run_address>0x13f032</run_address>
         <size>0x11a</size>
         <input_file_ref idref="fl-c"/>
      </object_component>
      <object_component id="oc-1c1">
         <name>.text</name>
         <load_address>0x13f14c</load_address>
         <run_address>0x13f14c</run_address>
         <size>0x100</size>
         <input_file_ref idref="fl-2"/>
      </object_component>
      <object_component id="oc-1cf">
         <name>.text</name>
         <load_address>0x13f24c</load_address>
         <run_address>0x13f24c</run_address>
         <size>0xf0</size>
         <input_file_ref idref="fl-38"/>
      </object_component>
      <object_component id="oc-1ce">
         <name>.text</name>
         <load_address>0x13f33c</load_address>
         <run_address>0x13f33c</run_address>
         <size>0xbd</size>
         <input_file_ref idref="fl-39"/>
      </object_component>
      <object_component id="oc-1be">
         <name>.text</name>
         <load_address>0x13f3f9</load_address>
         <run_address>0x13f3f9</run_address>
         <size>0xa1</size>
         <input_file_ref idref="fl-7"/>
      </object_component>
      <object_component id="oc-15a">
         <name>.text</name>
         <load_address>0x13f49a</load_address>
         <run_address>0x13f49a</run_address>
         <size>0x9c</size>
         <input_file_ref idref="fl-2d"/>
      </object_component>
      <object_component id="oc-15f">
         <name>.text</name>
         <load_address>0x13f536</load_address>
         <run_address>0x13f536</run_address>
         <size>0x8b</size>
         <input_file_ref idref="fl-2e"/>
      </object_component>
      <object_component id="oc-164">
         <name>.text</name>
         <load_address>0x13f5c1</load_address>
         <run_address>0x13f5c1</run_address>
         <size>0x83</size>
         <input_file_ref idref="fl-2f"/>
      </object_component>
      <object_component id="oc-122">
         <name>.text</name>
         <load_address>0x13f644</load_address>
         <run_address>0x13f644</run_address>
         <size>0x83</size>
         <input_file_ref idref="fl-22"/>
      </object_component>
      <object_component id="oc-118">
         <name>.text</name>
         <load_address>0x13f6c7</load_address>
         <run_address>0x13f6c7</run_address>
         <size>0x78</size>
         <input_file_ref idref="fl-20"/>
      </object_component>
      <object_component id="oc-1c3">
         <name>.text</name>
         <load_address>0x13f73f</load_address>
         <run_address>0x13f73f</run_address>
         <size>0x73</size>
         <input_file_ref idref="fl-1d"/>
      </object_component>
      <object_component id="oc-1c2">
         <name>.text</name>
         <load_address>0x13f7b2</load_address>
         <run_address>0x13f7b2</run_address>
         <size>0x72</size>
         <input_file_ref idref="fl-5"/>
      </object_component>
      <object_component id="oc-f1">
         <name>.text:retain</name>
         <load_address>0x13f824</load_address>
         <run_address>0x13f824</run_address>
         <size>0x62</size>
         <input_file_ref idref="fl-d"/>
      </object_component>
      <object_component id="oc-1bd">
         <name>.text</name>
         <load_address>0x13f886</load_address>
         <run_address>0x13f886</run_address>
         <size>0x5e</size>
         <input_file_ref idref="fl-8"/>
      </object_component>
      <object_component id="oc-127">
         <name>.text</name>
         <load_address>0x13f8e4</load_address>
         <run_address>0x13f8e4</run_address>
         <size>0x5a</size>
         <input_file_ref idref="fl-23"/>
      </object_component>
      <object_component id="oc-f6">
         <name>.text</name>
         <load_address>0x13f93e</load_address>
         <run_address>0x13f93e</run_address>
         <size>0x54</size>
         <input_file_ref idref="fl-1a"/>
      </object_component>
      <object_component id="oc-1b6">
         <name>.text</name>
         <load_address>0x13f992</load_address>
         <run_address>0x13f992</run_address>
         <size>0x46</size>
         <input_file_ref idref="fl-1b"/>
      </object_component>
      <object_component id="oc-1bf">
         <name>.text</name>
         <load_address>0x13f9d8</load_address>
         <run_address>0x13f9d8</run_address>
         <size>0x2d</size>
         <input_file_ref idref="fl-a"/>
      </object_component>
      <object_component id="oc-19e">
         <name>.text</name>
         <load_address>0x13fa05</load_address>
         <run_address>0x13fa05</run_address>
         <size>0x2a</size>
         <input_file_ref idref="fl-3a"/>
      </object_component>
      <object_component id="oc-1b9">
         <name>.text</name>
         <load_address>0x13fa2f</load_address>
         <run_address>0x13fa2f</run_address>
         <size>0x29</size>
         <input_file_ref idref="fl-1f"/>
      </object_component>
      <object_component id="oc-131">
         <name>.text</name>
         <load_address>0x13fa58</load_address>
         <run_address>0x13fa58</run_address>
         <size>0x29</size>
         <input_file_ref idref="fl-25"/>
      </object_component>
      <object_component id="oc-182">
         <name>.text</name>
         <load_address>0x13fa81</load_address>
         <run_address>0x13fa81</run_address>
         <size>0x25</size>
         <input_file_ref idref="fl-35"/>
      </object_component>
      <object_component id="oc-1a3">
         <name>.text</name>
         <load_address>0x13faa6</load_address>
         <run_address>0x13faa6</run_address>
         <size>0x22</size>
         <input_file_ref idref="fl-3b"/>
      </object_component>
      <object_component id="oc-173">
         <name>.text</name>
         <load_address>0x13fac8</load_address>
         <run_address>0x13fac8</run_address>
         <size>0x21</size>
         <input_file_ref idref="fl-32"/>
      </object_component>
      <object_component id="oc-1c0">
         <name>.text</name>
         <load_address>0x13fae9</load_address>
         <run_address>0x13fae9</run_address>
         <size>0x20</size>
         <input_file_ref idref="fl-b"/>
      </object_component>
      <object_component id="oc-1d2">
         <name>.text</name>
         <load_address>0x13fb09</load_address>
         <run_address>0x13fb09</run_address>
         <size>0x20</size>
         <input_file_ref idref="fl-3d"/>
      </object_component>
      <object_component id="oc-178">
         <name>.text</name>
         <load_address>0x13fb29</load_address>
         <run_address>0x13fb29</run_address>
         <size>0x1f</size>
         <input_file_ref idref="fl-33"/>
      </object_component>
      <object_component id="oc-136">
         <name>.text</name>
         <load_address>0x13fb48</load_address>
         <run_address>0x13fb48</run_address>
         <size>0x1d</size>
         <input_file_ref idref="fl-26"/>
      </object_component>
      <object_component id="oc-1bb">
         <name>.text</name>
         <load_address>0x13fb65</load_address>
         <run_address>0x13fb65</run_address>
         <size>0x1d</size>
         <input_file_ref idref="fl-27"/>
      </object_component>
      <object_component id="oc-17d">
         <name>.text</name>
         <load_address>0x13fb82</load_address>
         <run_address>0x13fb82</run_address>
         <size>0x1c</size>
         <input_file_ref idref="fl-34"/>
      </object_component>
      <object_component id="oc-18d">
         <name>.text</name>
         <load_address>0x13fb9e</load_address>
         <run_address>0x13fb9e</run_address>
         <size>0x1c</size>
         <input_file_ref idref="fl-37"/>
      </object_component>
      <object_component id="oc-102">
         <name>.text</name>
         <load_address>0x13fbba</load_address>
         <run_address>0x13fbba</run_address>
         <size>0x1a</size>
         <input_file_ref idref="fl-1c"/>
      </object_component>
      <object_component id="oc-1b8">
         <name>.text</name>
         <load_address>0x13fbd4</load_address>
         <run_address>0x13fbd4</run_address>
         <size>0x19</size>
         <input_file_ref idref="fl-2c"/>
      </object_component>
      <object_component id="oc-1a8">
         <name>.text</name>
         <load_address>0x13fbed</load_address>
         <run_address>0x13fbed</run_address>
         <size>0x18</size>
         <input_file_ref idref="fl-3c"/>
      </object_component>
      <object_component id="oc-11d">
         <name>.text</name>
         <load_address>0x13fc05</load_address>
         <run_address>0x13fc05</run_address>
         <size>0x17</size>
         <input_file_ref idref="fl-21"/>
      </object_component>
      <object_component id="oc-16e">
         <name>.text</name>
         <load_address>0x13fc1c</load_address>
         <run_address>0x13fc1c</run_address>
         <size>0xe</size>
         <input_file_ref idref="fl-31"/>
      </object_component>
      <object_component id="oc-1ca">
         <name>.text</name>
         <load_address>0x13fc2a</load_address>
         <run_address>0x13fc2a</run_address>
         <size>0x9</size>
         <input_file_ref idref="fl-2b"/>
      </object_component>
      <object_component id="oc-169">
         <name>.text</name>
         <load_address>0x13fc33</load_address>
         <run_address>0x13fc33</run_address>
         <size>0x9</size>
         <input_file_ref idref="fl-30"/>
      </object_component>
      <object_component id="oc-12c">
         <name>.text</name>
         <load_address>0x13fc3c</load_address>
         <run_address>0x13fc3c</run_address>
         <size>0x5</size>
         <input_file_ref idref="fl-24"/>
      </object_component>
      <object_component id="oc-1b5">
         <name>.text</name>
         <load_address>0x13fc41</load_address>
         <run_address>0x13fc41</run_address>
         <size>0x2</size>
         <input_file_ref idref="fl-28"/>
      </object_component>
      <object_component id="oc-1b7">
         <name>.text</name>
         <load_address>0x13fc43</load_address>
         <run_address>0x13fc43</run_address>
         <size>0x1</size>
         <input_file_ref idref="fl-2a"/>
      </object_component>
      <object_component id="oc-74">
         <name>codestart</name>
         <load_address>0x13fff0</load_address>
         <run_address>0x13fff0</run_address>
         <size>0x2</size>
         <input_file_ref idref="fl-4"/>
      </object_component>
      <object_component id="oc-1bc">
         <name>ramfuncs</name>
         <load_address>0x138000</load_address>
         <run_address>0x8000</run_address>
         <size>0x66</size>
         <input_file_ref idref="fl-c"/>
      </object_component>
      <object_component id="oc-ef">
         <name>SHARERAMS0</name>
         <uninitialized>true</uninitialized>
         <run_address>0xc000</run_address>
         <size>0x1000</size>
         <input_file_ref idref="fl-d"/>
      </object_component>
      <object_component id="oc-f0">
         <name>SHARERAMS2</name>
         <uninitialized>true</uninitialized>
         <run_address>0xe000</run_address>
         <size>0x1000</size>
         <input_file_ref idref="fl-d"/>
      </object_component>
      <object_component id="oc-f7">
         <name>.stack</name>
         <uninitialized>true</uninitialized>
         <run_address>0xa2</run_address>
         <size>0x0</size>
         <input_file_ref idref="fl-1a"/>
      </object_component>
      <object_component id="oc-248">
         <name>.stack</name>
         <uninitialized>true</uninitialized>
         <run_address>0xa2</run_address>
         <size>0x0</size>
      </object_component>
      <object_component id="oc-84">
         <name>.ebss</name>
         <uninitialized>true</uninitialized>
         <run_address>0xa040</run_address>
         <size>0x18</size>
         <input_file_ref idref="fl-5"/>
      </object_component>
      <object_component id="oc-ed">
         <name>.ebss</name>
         <uninitialized>true</uninitialized>
         <run_address>0xa000</run_address>
         <size>0x3a</size>
         <input_file_ref idref="fl-d"/>
      </object_component>
      <object_component id="oc-10f">
         <name>.ebss</name>
         <uninitialized>true</uninitialized>
         <run_address>0xa05c</run_address>
         <size>0x1</size>
         <input_file_ref idref="fl-1e"/>
      </object_component>
      <object_component id="oc-113">
         <name>.ebss</name>
         <uninitialized>true</uninitialized>
         <run_address>0xa03a</run_address>
         <size>0x6</size>
         <input_file_ref idref="fl-1f"/>
      </object_component>
      <object_component id="oc-1d1">
         <name>.ebss:__unlock</name>
         <uninitialized>true</uninitialized>
         <run_address>0xa05a</run_address>
         <size>0x2</size>
         <input_file_ref idref="fl-2b"/>
      </object_component>
      <object_component id="oc-1c5">
         <name>.ebss:__lock</name>
         <uninitialized>true</uninitialized>
         <run_address>0xa058</run_address>
         <size>0x2</size>
         <input_file_ref idref="fl-2b"/>
      </object_component>
      <object_component id="oc-1c7">
         <name>.econst:_PieVectTableInit</name>
         <load_address>0x13fc44</load_address>
         <run_address>0x13fc44</run_address>
         <size>0x100</size>
         <input_file_ref idref="fl-b"/>
      </object_component>
      <object_component id="oc-1cd">
         <name>.econst:_ipio2</name>
         <load_address>0x13fd44</load_address>
         <run_address>0x13fd44</run_address>
         <size>0x84</size>
         <input_file_ref idref="fl-36"/>
      </object_component>
      <object_component id="oc-146">
         <name>.econst</name>
         <load_address>0x13fdc8</load_address>
         <run_address>0x13fdc8</run_address>
         <size>0x30</size>
         <input_file_ref idref="fl-29"/>
      </object_component>
      <object_component id="oc-188">
         <name>.econst</name>
         <load_address>0x13fdf8</load_address>
         <run_address>0x13fdf8</run_address>
         <size>0x2c</size>
         <input_file_ref idref="fl-36"/>
      </object_component>
      <object_component id="oc-1d0">
         <name>.econst:_PIo2</name>
         <load_address>0x13fe24</load_address>
         <run_address>0x13fe24</run_address>
         <size>0x20</size>
         <input_file_ref idref="fl-36"/>
      </object_component>
      <object_component id="oc-199">
         <name>.econst</name>
         <load_address>0x13fe44</load_address>
         <run_address>0x13fe44</run_address>
         <size>0x1c</size>
         <input_file_ref idref="fl-39"/>
      </object_component>
      <object_component id="oc-1c8">
         <name>.econst:_T</name>
         <load_address>0x13fe60</load_address>
         <run_address>0x13fe60</run_address>
         <size>0x18</size>
         <input_file_ref idref="fl-29"/>
      </object_component>
      <object_component id="oc-193">
         <name>.econst</name>
         <load_address>0x13fe78</load_address>
         <run_address>0x13fe78</run_address>
         <size>0xc</size>
         <input_file_ref idref="fl-38"/>
      </object_component>
      <object_component id="oc-ee">
         <name>.econst</name>
         <load_address>0x13fe84</load_address>
         <run_address>0x13fe84</run_address>
         <size>0x6</size>
         <input_file_ref idref="fl-d"/>
      </object_component>
      <object_component id="oc-1cc">
         <name>.econst:_init_jk</name>
         <load_address>0x13fe8a</load_address>
         <run_address>0x13fe8a</run_address>
         <size>0x4</size>
         <input_file_ref idref="fl-36"/>
      </object_component>
      <object_component id="oc-108">
         <name>.econst</name>
         <load_address>0x13fe8e</load_address>
         <run_address>0x13fe8e</run_address>
         <size>0x4</size>
         <input_file_ref idref="fl-1d"/>
      </object_component>
      <object_component id="oc-1b2">
         <name>IQmath</name>
         <load_address>0x13ff1c</load_address>
         <run_address>0x13ff1c</run_address>
         <size>0x47</size>
         <input_file_ref idref="fl-3e"/>
      </object_component>
      <object_component id="oc-1b3">
         <name>IQmathTables</name>
         <load_address>0x3fd8f8</load_address>
         <run_address>0x3fd8f8</run_address>
         <size>0xb50</size>
         <input_file_ref idref="fl-3f"/>
      </object_component>
      <object_component id="oc-f8">
         <name>.reset</name>
         <load_address>0x3fffc0</load_address>
         <run_address>0x3fffc0</run_address>
         <size>0x2</size>
         <input_file_ref idref="fl-1a"/>
      </object_component>
      <object_component id="oc-75">
         <name>.debug_info</name>
         <load_address>0x0</load_address>
         <run_address>0x0</run_address>
         <size>0x493a</size>
         <input_file_ref idref="fl-2"/>
      </object_component>
      <object_component id="oc-7a">
         <name>.debug_info</name>
         <load_address>0x493a</load_address>
         <run_address>0x493a</run_address>
         <size>0x11b1</size>
         <input_file_ref idref="fl-3"/>
      </object_component>
      <object_component id="oc-7f">
         <name>.debug_info</name>
         <load_address>0x5aeb</load_address>
         <run_address>0x5aeb</run_address>
         <size>0x1a7</size>
         <input_file_ref idref="fl-4"/>
      </object_component>
      <object_component id="oc-83">
         <name>.debug_info</name>
         <load_address>0x5c92</load_address>
         <run_address>0x5c92</run_address>
         <size>0xa6c</size>
         <input_file_ref idref="fl-5"/>
      </object_component>
      <object_component id="oc-89">
         <name>.debug_info</name>
         <load_address>0x66fe</load_address>
         <run_address>0x66fe</run_address>
         <size>0x4e67</size>
         <input_file_ref idref="fl-6"/>
      </object_component>
      <object_component id="oc-8f">
         <name>.debug_info</name>
         <load_address>0xb565</load_address>
         <run_address>0xb565</run_address>
         <size>0x247b</size>
         <input_file_ref idref="fl-7"/>
      </object_component>
      <object_component id="oc-94">
         <name>.debug_info</name>
         <load_address>0xd9e0</load_address>
         <run_address>0xd9e0</run_address>
         <size>0x1d02</size>
         <input_file_ref idref="fl-8"/>
      </object_component>
      <object_component id="oc-99">
         <name>.debug_info</name>
         <load_address>0xf6e2</load_address>
         <run_address>0xf6e2</run_address>
         <size>0x193a7</size>
         <input_file_ref idref="fl-9"/>
      </object_component>
      <object_component id="oc-dc">
         <name>.debug_info</name>
         <load_address>0x28a89</load_address>
         <run_address>0x28a89</run_address>
         <size>0xc16</size>
         <input_file_ref idref="fl-a"/>
      </object_component>
      <object_component id="oc-e1">
         <name>.debug_info</name>
         <load_address>0x2969f</load_address>
         <run_address>0x2969f</run_address>
         <size>0x2454</size>
         <input_file_ref idref="fl-b"/>
      </object_component>
      <object_component id="oc-e6">
         <name>.debug_info</name>
         <load_address>0x2baf3</load_address>
         <run_address>0x2baf3</run_address>
         <size>0x60cc</size>
         <input_file_ref idref="fl-c"/>
      </object_component>
      <object_component id="oc-eb">
         <name>.debug_info</name>
         <load_address>0x31bbf</load_address>
         <run_address>0x31bbf</run_address>
         <size>0x57e1</size>
         <input_file_ref idref="fl-d"/>
      </object_component>
      <object_component id="oc-f9">
         <name>.debug_info</name>
         <load_address>0x373a0</load_address>
         <run_address>0x373a0</run_address>
         <size>0x16c</size>
         <input_file_ref idref="fl-1a"/>
      </object_component>
      <object_component id="oc-fd">
         <name>.debug_info</name>
         <load_address>0x3750c</load_address>
         <run_address>0x3750c</run_address>
         <size>0x576</size>
         <input_file_ref idref="fl-1b"/>
      </object_component>
      <object_component id="oc-103">
         <name>.debug_info</name>
         <load_address>0x37a82</load_address>
         <run_address>0x37a82</run_address>
         <size>0x113</size>
         <input_file_ref idref="fl-1c"/>
      </object_component>
      <object_component id="oc-107">
         <name>.debug_info</name>
         <load_address>0x37b95</load_address>
         <run_address>0x37b95</run_address>
         <size>0x474</size>
         <input_file_ref idref="fl-1d"/>
      </object_component>
      <object_component id="oc-10d">
         <name>.debug_info</name>
         <load_address>0x38009</load_address>
         <run_address>0x38009</run_address>
         <size>0x1bc</size>
         <input_file_ref idref="fl-1e"/>
      </object_component>
      <object_component id="oc-111">
         <name>.debug_info</name>
         <load_address>0x381c5</load_address>
         <run_address>0x381c5</run_address>
         <size>0x4fa</size>
         <input_file_ref idref="fl-1f"/>
      </object_component>
      <object_component id="oc-119">
         <name>.debug_info</name>
         <load_address>0x386bf</load_address>
         <run_address>0x386bf</run_address>
         <size>0x10d</size>
         <input_file_ref idref="fl-20"/>
      </object_component>
      <object_component id="oc-11e">
         <name>.debug_info</name>
         <load_address>0x387cc</load_address>
         <run_address>0x387cc</run_address>
         <size>0x10d</size>
         <input_file_ref idref="fl-21"/>
      </object_component>
      <object_component id="oc-123">
         <name>.debug_info</name>
         <load_address>0x388d9</load_address>
         <run_address>0x388d9</run_address>
         <size>0x10d</size>
         <input_file_ref idref="fl-22"/>
      </object_component>
      <object_component id="oc-128">
         <name>.debug_info</name>
         <load_address>0x389e6</load_address>
         <run_address>0x389e6</run_address>
         <size>0x10d</size>
         <input_file_ref idref="fl-23"/>
      </object_component>
      <object_component id="oc-12d">
         <name>.debug_info</name>
         <load_address>0x38af3</load_address>
         <run_address>0x38af3</run_address>
         <size>0x10d</size>
         <input_file_ref idref="fl-24"/>
      </object_component>
      <object_component id="oc-132">
         <name>.debug_info</name>
         <load_address>0x38c00</load_address>
         <run_address>0x38c00</run_address>
         <size>0x119</size>
         <input_file_ref idref="fl-25"/>
      </object_component>
      <object_component id="oc-137">
         <name>.debug_info</name>
         <load_address>0x38d19</load_address>
         <run_address>0x38d19</run_address>
         <size>0x119</size>
         <input_file_ref idref="fl-26"/>
      </object_component>
      <object_component id="oc-13b">
         <name>.debug_info</name>
         <load_address>0x38e32</load_address>
         <run_address>0x38e32</run_address>
         <size>0x3be</size>
         <input_file_ref idref="fl-27"/>
      </object_component>
      <object_component id="oc-140">
         <name>.debug_info</name>
         <load_address>0x391f0</load_address>
         <run_address>0x391f0</run_address>
         <size>0x331</size>
         <input_file_ref idref="fl-28"/>
      </object_component>
      <object_component id="oc-145">
         <name>.debug_info</name>
         <load_address>0x39521</load_address>
         <run_address>0x39521</run_address>
         <size>0x850</size>
         <input_file_ref idref="fl-29"/>
      </object_component>
      <object_component id="oc-14b">
         <name>.debug_info</name>
         <load_address>0x39d71</load_address>
         <run_address>0x39d71</run_address>
         <size>0x32e</size>
         <input_file_ref idref="fl-2a"/>
      </object_component>
      <object_component id="oc-150">
         <name>.debug_info</name>
         <load_address>0x3a09f</load_address>
         <run_address>0x3a09f</run_address>
         <size>0x450</size>
         <input_file_ref idref="fl-2b"/>
      </object_component>
      <object_component id="oc-155">
         <name>.debug_info</name>
         <load_address>0x3a4ef</load_address>
         <run_address>0x3a4ef</run_address>
         <size>0x41d</size>
         <input_file_ref idref="fl-2c"/>
      </object_component>
      <object_component id="oc-15b">
         <name>.debug_info</name>
         <load_address>0x3a90c</load_address>
         <run_address>0x3a90c</run_address>
         <size>0x10d</size>
         <input_file_ref idref="fl-2d"/>
      </object_component>
      <object_component id="oc-160">
         <name>.debug_info</name>
         <load_address>0x3aa19</load_address>
         <run_address>0x3aa19</run_address>
         <size>0x10d</size>
         <input_file_ref idref="fl-2e"/>
      </object_component>
      <object_component id="oc-165">
         <name>.debug_info</name>
         <load_address>0x3ab26</load_address>
         <run_address>0x3ab26</run_address>
         <size>0x10d</size>
         <input_file_ref idref="fl-2f"/>
      </object_component>
      <object_component id="oc-16a">
         <name>.debug_info</name>
         <load_address>0x3ac33</load_address>
         <run_address>0x3ac33</run_address>
         <size>0x10d</size>
         <input_file_ref idref="fl-30"/>
      </object_component>
      <object_component id="oc-16f">
         <name>.debug_info</name>
         <load_address>0x3ad40</load_address>
         <run_address>0x3ad40</run_address>
         <size>0x11b</size>
         <input_file_ref idref="fl-31"/>
      </object_component>
      <object_component id="oc-174">
         <name>.debug_info</name>
         <load_address>0x3ae5b</load_address>
         <run_address>0x3ae5b</run_address>
         <size>0x110</size>
         <input_file_ref idref="fl-32"/>
      </object_component>
      <object_component id="oc-179">
         <name>.debug_info</name>
         <load_address>0x3af6b</load_address>
         <run_address>0x3af6b</run_address>
         <size>0x10d</size>
         <input_file_ref idref="fl-33"/>
      </object_component>
      <object_component id="oc-17e">
         <name>.debug_info</name>
         <load_address>0x3b078</load_address>
         <run_address>0x3b078</run_address>
         <size>0x110</size>
         <input_file_ref idref="fl-34"/>
      </object_component>
      <object_component id="oc-183">
         <name>.debug_info</name>
         <load_address>0x3b188</load_address>
         <run_address>0x3b188</run_address>
         <size>0x119</size>
         <input_file_ref idref="fl-35"/>
      </object_component>
      <object_component id="oc-187">
         <name>.debug_info</name>
         <load_address>0x3b2a1</load_address>
         <run_address>0x3b2a1</run_address>
         <size>0xa2e</size>
         <input_file_ref idref="fl-36"/>
      </object_component>
      <object_component id="oc-18e">
         <name>.debug_info</name>
         <load_address>0x3bccf</load_address>
         <run_address>0x3bccf</run_address>
         <size>0x111</size>
         <input_file_ref idref="fl-37"/>
      </object_component>
      <object_component id="oc-192">
         <name>.debug_info</name>
         <load_address>0x3bde0</load_address>
         <run_address>0x3bde0</run_address>
         <size>0x4cd</size>
         <input_file_ref idref="fl-38"/>
      </object_component>
      <object_component id="oc-198">
         <name>.debug_info</name>
         <load_address>0x3c2ad</load_address>
         <run_address>0x3c2ad</run_address>
         <size>0x531</size>
         <input_file_ref idref="fl-39"/>
      </object_component>
      <object_component id="oc-19f">
         <name>.debug_info</name>
         <load_address>0x3c7de</load_address>
         <run_address>0x3c7de</run_address>
         <size>0x119</size>
         <input_file_ref idref="fl-3a"/>
      </object_component>
      <object_component id="oc-1a4">
         <name>.debug_info</name>
         <load_address>0x3c8f7</load_address>
         <run_address>0x3c8f7</run_address>
         <size>0x13a</size>
         <input_file_ref idref="fl-3b"/>
      </object_component>
      <object_component id="oc-1a9">
         <name>.debug_info</name>
         <load_address>0x3ca31</load_address>
         <run_address>0x3ca31</run_address>
         <size>0x16f</size>
         <input_file_ref idref="fl-3c"/>
      </object_component>
      <object_component id="oc-1ad">
         <name>.debug_info</name>
         <load_address>0x3cba0</load_address>
         <run_address>0x3cba0</run_address>
         <size>0x413</size>
         <input_file_ref idref="fl-3d"/>
      </object_component>
      <object_component id="oc-249">
         <name>.debug_info</name>
         <load_address>0x3cfb3</load_address>
         <run_address>0x3cfb3</run_address>
         <size>0xd9</size>
      </object_component>
      <object_component id="oc-76">
         <name>.debug_frame</name>
         <load_address>0x0</load_address>
         <run_address>0x0</run_address>
         <size>0x122</size>
         <input_file_ref idref="fl-2"/>
      </object_component>
      <object_component id="oc-7b">
         <name>.debug_frame</name>
         <load_address>0x122</load_address>
         <run_address>0x122</run_address>
         <size>0x62</size>
         <input_file_ref idref="fl-3"/>
      </object_component>
      <object_component id="oc-85">
         <name>.debug_frame</name>
         <load_address>0x184</load_address>
         <run_address>0x184</run_address>
         <size>0x93</size>
         <input_file_ref idref="fl-5"/>
      </object_component>
      <object_component id="oc-8b">
         <name>.debug_frame</name>
         <load_address>0x217</load_address>
         <run_address>0x217</run_address>
         <size>0x770</size>
         <input_file_ref idref="fl-6"/>
      </object_component>
      <object_component id="oc-90">
         <name>.debug_frame</name>
         <load_address>0x987</load_address>
         <run_address>0x987</run_address>
         <size>0x173</size>
         <input_file_ref idref="fl-7"/>
      </object_component>
      <object_component id="oc-95">
         <name>.debug_frame</name>
         <load_address>0xafa</load_address>
         <run_address>0xafa</run_address>
         <size>0xcb</size>
         <input_file_ref idref="fl-8"/>
      </object_component>
      <object_component id="oc-dd">
         <name>.debug_frame</name>
         <load_address>0xbc5</load_address>
         <run_address>0xbc5</run_address>
         <size>0x8c</size>
         <input_file_ref idref="fl-a"/>
      </object_component>
      <object_component id="oc-e2">
         <name>.debug_frame</name>
         <load_address>0xc51</load_address>
         <run_address>0xc51</run_address>
         <size>0x7d</size>
         <input_file_ref idref="fl-b"/>
      </object_component>
      <object_component id="oc-e7">
         <name>.debug_frame</name>
         <load_address>0xcce</load_address>
         <run_address>0xcce</run_address>
         <size>0x16c</size>
         <input_file_ref idref="fl-c"/>
      </object_component>
      <object_component id="oc-f2">
         <name>.debug_frame</name>
         <load_address>0xe3a</load_address>
         <run_address>0xe3a</run_address>
         <size>0x220</size>
         <input_file_ref idref="fl-d"/>
      </object_component>
      <object_component id="oc-fe">
         <name>.debug_frame</name>
         <load_address>0x105a</load_address>
         <run_address>0x105a</run_address>
         <size>0x90</size>
         <input_file_ref idref="fl-1b"/>
      </object_component>
      <object_component id="oc-109">
         <name>.debug_frame</name>
         <load_address>0x10ea</load_address>
         <run_address>0x10ea</run_address>
         <size>0x87</size>
         <input_file_ref idref="fl-1d"/>
      </object_component>
      <object_component id="oc-114">
         <name>.debug_frame</name>
         <load_address>0x1171</load_address>
         <run_address>0x1171</run_address>
         <size>0x95</size>
         <input_file_ref idref="fl-1f"/>
      </object_component>
      <object_component id="oc-13c">
         <name>.debug_frame</name>
         <load_address>0x1206</load_address>
         <run_address>0x1206</run_address>
         <size>0x77</size>
         <input_file_ref idref="fl-27"/>
      </object_component>
      <object_component id="oc-141">
         <name>.debug_frame</name>
         <load_address>0x127d</load_address>
         <run_address>0x127d</run_address>
         <size>0x77</size>
         <input_file_ref idref="fl-28"/>
      </object_component>
      <object_component id="oc-147">
         <name>.debug_frame</name>
         <load_address>0x12f4</load_address>
         <run_address>0x12f4</run_address>
         <size>0xc8</size>
         <input_file_ref idref="fl-29"/>
      </object_component>
      <object_component id="oc-14c">
         <name>.debug_frame</name>
         <load_address>0x13bc</load_address>
         <run_address>0x13bc</run_address>
         <size>0x77</size>
         <input_file_ref idref="fl-2a"/>
      </object_component>
      <object_component id="oc-151">
         <name>.debug_frame</name>
         <load_address>0x1433</load_address>
         <run_address>0x1433</run_address>
         <size>0xa1</size>
         <input_file_ref idref="fl-2b"/>
      </object_component>
      <object_component id="oc-156">
         <name>.debug_frame</name>
         <load_address>0x14d4</load_address>
         <run_address>0x14d4</run_address>
         <size>0x77</size>
         <input_file_ref idref="fl-2c"/>
      </object_component>
      <object_component id="oc-189">
         <name>.debug_frame</name>
         <load_address>0x154b</load_address>
         <run_address>0x154b</run_address>
         <size>0x9b</size>
         <input_file_ref idref="fl-36"/>
      </object_component>
      <object_component id="oc-194">
         <name>.debug_frame</name>
         <load_address>0x15e6</load_address>
         <run_address>0x15e6</run_address>
         <size>0x99</size>
         <input_file_ref idref="fl-38"/>
      </object_component>
      <object_component id="oc-19a">
         <name>.debug_frame</name>
         <load_address>0x167f</load_address>
         <run_address>0x167f</run_address>
         <size>0x90</size>
         <input_file_ref idref="fl-39"/>
      </object_component>
      <object_component id="oc-1ae">
         <name>.debug_frame</name>
         <load_address>0x170f</load_address>
         <run_address>0x170f</run_address>
         <size>0x7d</size>
         <input_file_ref idref="fl-3d"/>
      </object_component>
      <object_component id="oc-77">
         <name>.debug_line</name>
         <load_address>0x0</load_address>
         <run_address>0x0</run_address>
         <size>0x19e</size>
         <input_file_ref idref="fl-2"/>
      </object_component>
      <object_component id="oc-7c">
         <name>.debug_line</name>
         <load_address>0x19e</load_address>
         <run_address>0x19e</run_address>
         <size>0x8e</size>
         <input_file_ref idref="fl-3"/>
      </object_component>
      <object_component id="oc-80">
         <name>.debug_line</name>
         <load_address>0x22c</load_address>
         <run_address>0x22c</run_address>
         <size>0x8f</size>
         <input_file_ref idref="fl-4"/>
      </object_component>
      <object_component id="oc-86">
         <name>.debug_line</name>
         <load_address>0x2bb</load_address>
         <run_address>0x2bb</run_address>
         <size>0xc7</size>
         <input_file_ref idref="fl-5"/>
      </object_component>
      <object_component id="oc-8c">
         <name>.debug_line</name>
         <load_address>0x382</load_address>
         <run_address>0x382</run_address>
         <size>0x825</size>
         <input_file_ref idref="fl-6"/>
      </object_component>
      <object_component id="oc-91">
         <name>.debug_line</name>
         <load_address>0xba7</load_address>
         <run_address>0xba7</run_address>
         <size>0x1d3</size>
         <input_file_ref idref="fl-7"/>
      </object_component>
      <object_component id="oc-96">
         <name>.debug_line</name>
         <load_address>0xd7a</load_address>
         <run_address>0xd7a</run_address>
         <size>0x104</size>
         <input_file_ref idref="fl-8"/>
      </object_component>
      <object_component id="oc-de">
         <name>.debug_line</name>
         <load_address>0xe7e</load_address>
         <run_address>0xe7e</run_address>
         <size>0xc4</size>
         <input_file_ref idref="fl-a"/>
      </object_component>
      <object_component id="oc-e3">
         <name>.debug_line</name>
         <load_address>0xf42</load_address>
         <run_address>0xf42</run_address>
         <size>0xa9</size>
         <input_file_ref idref="fl-b"/>
      </object_component>
      <object_component id="oc-e8">
         <name>.debug_line</name>
         <load_address>0xfeb</load_address>
         <run_address>0xfeb</run_address>
         <size>0x21d</size>
         <input_file_ref idref="fl-c"/>
      </object_component>
      <object_component id="oc-f3">
         <name>.debug_line</name>
         <load_address>0x1208</load_address>
         <run_address>0x1208</run_address>
         <size>0x2ca</size>
         <input_file_ref idref="fl-d"/>
      </object_component>
      <object_component id="oc-fa">
         <name>.debug_line</name>
         <load_address>0x14d2</load_address>
         <run_address>0x14d2</run_address>
         <size>0x7d</size>
         <input_file_ref idref="fl-1a"/>
      </object_component>
      <object_component id="oc-ff">
         <name>.debug_line</name>
         <load_address>0x154f</load_address>
         <run_address>0x154f</run_address>
         <size>0x64</size>
         <input_file_ref idref="fl-1b"/>
      </object_component>
      <object_component id="oc-104">
         <name>.debug_line</name>
         <load_address>0x15b3</load_address>
         <run_address>0x15b3</run_address>
         <size>0x50</size>
         <input_file_ref idref="fl-1c"/>
      </object_component>
      <object_component id="oc-10a">
         <name>.debug_line</name>
         <load_address>0x1603</load_address>
         <run_address>0x1603</run_address>
         <size>0xae</size>
         <input_file_ref idref="fl-1d"/>
      </object_component>
      <object_component id="oc-115">
         <name>.debug_line</name>
         <load_address>0x16b1</load_address>
         <run_address>0x16b1</run_address>
         <size>0x65</size>
         <input_file_ref idref="fl-1f"/>
      </object_component>
      <object_component id="oc-11a">
         <name>.debug_line</name>
         <load_address>0x1716</load_address>
         <run_address>0x1716</run_address>
         <size>0xa9</size>
         <input_file_ref idref="fl-20"/>
      </object_component>
      <object_component id="oc-11f">
         <name>.debug_line</name>
         <load_address>0x17bf</load_address>
         <run_address>0x17bf</run_address>
         <size>0x52</size>
         <input_file_ref idref="fl-21"/>
      </object_component>
      <object_component id="oc-124">
         <name>.debug_line</name>
         <load_address>0x1811</load_address>
         <run_address>0x1811</run_address>
         <size>0xab</size>
         <input_file_ref idref="fl-22"/>
      </object_component>
      <object_component id="oc-129">
         <name>.debug_line</name>
         <load_address>0x18bc</load_address>
         <run_address>0x18bc</run_address>
         <size>0x8d</size>
         <input_file_ref idref="fl-23"/>
      </object_component>
      <object_component id="oc-12e">
         <name>.debug_line</name>
         <load_address>0x1949</load_address>
         <run_address>0x1949</run_address>
         <size>0x41</size>
         <input_file_ref idref="fl-24"/>
      </object_component>
      <object_component id="oc-133">
         <name>.debug_line</name>
         <load_address>0x198a</load_address>
         <run_address>0x198a</run_address>
         <size>0x60</size>
         <input_file_ref idref="fl-25"/>
      </object_component>
      <object_component id="oc-138">
         <name>.debug_line</name>
         <load_address>0x19ea</load_address>
         <run_address>0x19ea</run_address>
         <size>0x56</size>
         <input_file_ref idref="fl-26"/>
      </object_component>
      <object_component id="oc-13d">
         <name>.debug_line</name>
         <load_address>0x1a40</load_address>
         <run_address>0x1a40</run_address>
         <size>0x62</size>
         <input_file_ref idref="fl-27"/>
      </object_component>
      <object_component id="oc-142">
         <name>.debug_line</name>
         <load_address>0x1aa2</load_address>
         <run_address>0x1aa2</run_address>
         <size>0x3e</size>
         <input_file_ref idref="fl-28"/>
      </object_component>
      <object_component id="oc-148">
         <name>.debug_line</name>
         <load_address>0x1ae0</load_address>
         <run_address>0x1ae0</run_address>
         <size>0x179</size>
         <input_file_ref idref="fl-29"/>
      </object_component>
      <object_component id="oc-14d">
         <name>.debug_line</name>
         <load_address>0x1c59</load_address>
         <run_address>0x1c59</run_address>
         <size>0x3a</size>
         <input_file_ref idref="fl-2a"/>
      </object_component>
      <object_component id="oc-152">
         <name>.debug_line</name>
         <load_address>0x1c93</load_address>
         <run_address>0x1c93</run_address>
         <size>0x5e</size>
         <input_file_ref idref="fl-2b"/>
      </object_component>
      <object_component id="oc-157">
         <name>.debug_line</name>
         <load_address>0x1cf1</load_address>
         <run_address>0x1cf1</run_address>
         <size>0x55</size>
         <input_file_ref idref="fl-2c"/>
      </object_component>
      <object_component id="oc-15c">
         <name>.debug_line</name>
         <load_address>0x1d46</load_address>
         <run_address>0x1d46</run_address>
         <size>0xc4</size>
         <input_file_ref idref="fl-2d"/>
      </object_component>
      <object_component id="oc-161">
         <name>.debug_line</name>
         <load_address>0x1e0a</load_address>
         <run_address>0x1e0a</run_address>
         <size>0xb3</size>
         <input_file_ref idref="fl-2e"/>
      </object_component>
      <object_component id="oc-166">
         <name>.debug_line</name>
         <load_address>0x1ebd</load_address>
         <run_address>0x1ebd</run_address>
         <size>0xa2</size>
         <input_file_ref idref="fl-2f"/>
      </object_component>
      <object_component id="oc-16b">
         <name>.debug_line</name>
         <load_address>0x1f5f</load_address>
         <run_address>0x1f5f</run_address>
         <size>0x45</size>
         <input_file_ref idref="fl-30"/>
      </object_component>
      <object_component id="oc-170">
         <name>.debug_line</name>
         <load_address>0x1fa4</load_address>
         <run_address>0x1fa4</run_address>
         <size>0x49</size>
         <input_file_ref idref="fl-31"/>
      </object_component>
      <object_component id="oc-175">
         <name>.debug_line</name>
         <load_address>0x1fed</load_address>
         <run_address>0x1fed</run_address>
         <size>0x5a</size>
         <input_file_ref idref="fl-32"/>
      </object_component>
      <object_component id="oc-17a">
         <name>.debug_line</name>
         <load_address>0x2047</load_address>
         <run_address>0x2047</run_address>
         <size>0x58</size>
         <input_file_ref idref="fl-33"/>
      </object_component>
      <object_component id="oc-17f">
         <name>.debug_line</name>
         <load_address>0x209f</load_address>
         <run_address>0x209f</run_address>
         <size>0x56</size>
         <input_file_ref idref="fl-34"/>
      </object_component>
      <object_component id="oc-184">
         <name>.debug_line</name>
         <load_address>0x20f5</load_address>
         <run_address>0x20f5</run_address>
         <size>0x5e</size>
         <input_file_ref idref="fl-35"/>
      </object_component>
      <object_component id="oc-18a">
         <name>.debug_line</name>
         <load_address>0x2153</load_address>
         <run_address>0x2153</run_address>
         <size>0x344</size>
         <input_file_ref idref="fl-36"/>
      </object_component>
      <object_component id="oc-18f">
         <name>.debug_line</name>
         <load_address>0x2497</load_address>
         <run_address>0x2497</run_address>
         <size>0x56</size>
         <input_file_ref idref="fl-37"/>
      </object_component>
      <object_component id="oc-195">
         <name>.debug_line</name>
         <load_address>0x24ed</load_address>
         <run_address>0x24ed</run_address>
         <size>0xba</size>
         <input_file_ref idref="fl-38"/>
      </object_component>
      <object_component id="oc-19b">
         <name>.debug_line</name>
         <load_address>0x25a7</load_address>
         <run_address>0x25a7</run_address>
         <size>0x78</size>
         <input_file_ref idref="fl-39"/>
      </object_component>
      <object_component id="oc-1a0">
         <name>.debug_line</name>
         <load_address>0x261f</load_address>
         <run_address>0x261f</run_address>
         <size>0x60</size>
         <input_file_ref idref="fl-3a"/>
      </object_component>
      <object_component id="oc-1a5">
         <name>.debug_line</name>
         <load_address>0x267f</load_address>
         <run_address>0x267f</run_address>
         <size>0x69</size>
         <input_file_ref idref="fl-3b"/>
      </object_component>
      <object_component id="oc-1aa">
         <name>.debug_line</name>
         <load_address>0x26e8</load_address>
         <run_address>0x26e8</run_address>
         <size>0x6c</size>
         <input_file_ref idref="fl-3c"/>
      </object_component>
      <object_component id="oc-1af">
         <name>.debug_line</name>
         <load_address>0x2754</load_address>
         <run_address>0x2754</run_address>
         <size>0x42</size>
         <input_file_ref idref="fl-3d"/>
      </object_component>
      <object_component id="oc-78">
         <name>.debug_abbrev</name>
         <load_address>0x0</load_address>
         <run_address>0x0</run_address>
         <size>0x106</size>
         <input_file_ref idref="fl-2"/>
      </object_component>
      <object_component id="oc-7d">
         <name>.debug_abbrev</name>
         <load_address>0x106</load_address>
         <run_address>0x106</run_address>
         <size>0x14b</size>
         <input_file_ref idref="fl-3"/>
      </object_component>
      <object_component id="oc-81">
         <name>.debug_abbrev</name>
         <load_address>0x251</load_address>
         <run_address>0x251</run_address>
         <size>0x21</size>
         <input_file_ref idref="fl-4"/>
      </object_component>
      <object_component id="oc-87">
         <name>.debug_abbrev</name>
         <load_address>0x272</load_address>
         <run_address>0x272</run_address>
         <size>0x10b</size>
         <input_file_ref idref="fl-5"/>
      </object_component>
      <object_component id="oc-8d">
         <name>.debug_abbrev</name>
         <load_address>0x37d</load_address>
         <run_address>0x37d</run_address>
         <size>0xde</size>
         <input_file_ref idref="fl-6"/>
      </object_component>
      <object_component id="oc-92">
         <name>.debug_abbrev</name>
         <load_address>0x45b</load_address>
         <run_address>0x45b</run_address>
         <size>0x138</size>
         <input_file_ref idref="fl-7"/>
      </object_component>
      <object_component id="oc-97">
         <name>.debug_abbrev</name>
         <load_address>0x593</load_address>
         <run_address>0x593</run_address>
         <size>0xea</size>
         <input_file_ref idref="fl-8"/>
      </object_component>
      <object_component id="oc-db">
         <name>.debug_abbrev</name>
         <load_address>0x67d</load_address>
         <run_address>0x67d</run_address>
         <size>0xc4</size>
         <input_file_ref idref="fl-9"/>
      </object_component>
      <object_component id="oc-df">
         <name>.debug_abbrev</name>
         <load_address>0x741</load_address>
         <run_address>0x741</run_address>
         <size>0xc8</size>
         <input_file_ref idref="fl-a"/>
      </object_component>
      <object_component id="oc-e4">
         <name>.debug_abbrev</name>
         <load_address>0x809</load_address>
         <run_address>0x809</run_address>
         <size>0x116</size>
         <input_file_ref idref="fl-b"/>
      </object_component>
      <object_component id="oc-e9">
         <name>.debug_abbrev</name>
         <load_address>0x91f</load_address>
         <run_address>0x91f</run_address>
         <size>0x1a4</size>
         <input_file_ref idref="fl-c"/>
      </object_component>
      <object_component id="oc-f4">
         <name>.debug_abbrev</name>
         <load_address>0xac3</load_address>
         <run_address>0xac3</run_address>
         <size>0x1d4</size>
         <input_file_ref idref="fl-d"/>
      </object_component>
      <object_component id="oc-fb">
         <name>.debug_abbrev</name>
         <load_address>0xc97</load_address>
         <run_address>0xc97</run_address>
         <size>0x46</size>
         <input_file_ref idref="fl-1a"/>
      </object_component>
      <object_component id="oc-100">
         <name>.debug_abbrev</name>
[...]
         <name>_theta</name>
         <value>0xa00e</value>
         <object_component_ref idref="oc-ed"/>
      </symbol>
      <symbol id="sm-368">
         <name>_Shared_Ram_dataWrite_c28</name>
         <value>0x13e410</value>
         <object_component_ref idref="oc-1b4"/>
      </symbol>
      <symbol id="sm-369">
         <name>_halfspeed</name>
         <value>0xa028</value>
         <object_component_ref idref="oc-ed"/>
      </symbol>
      <symbol id="sm-36a">
         <name>_ratio</name>
         <value>0xa004</value>
         <object_component_ref idref="oc-ed"/>
      </symbol>
      <symbol id="sm-36b">
         <name>_turn_left</name>
         <value>0x13e451</value>
         <object_component_ref idref="oc-1b4"/>
      </symbol>
      <symbol id="sm-36c">
         <name>_c28_r_w_array</name>
         <value>0xc000</value>
         <object_component_ref idref="oc-ef"/>
      </symbol>
      <symbol id="sm-36d">
         <name>_need_time</name>
         <value>0xa020</value>
         <object_component_ref idref="oc-ed"/>
      </symbol>
      <symbol id="sm-36e">
         <name>_testcount</name>
         <value>0xa001</value>
         <object_component_ref idref="oc-ed"/>
      </symbol>
      <symbol id="sm-36f">
         <name>_Shared_Ram_dataRead_c28</name>
         <value>0x13e414</value>
         <object_component_ref idref="oc-1b4"/>
      </symbol>
      <symbol id="sm-370">
         <name>_InverseKinematic</name>
         <value>0x13e123</value>
         <object_component_ref idref="oc-1b4"/>
      </symbol>
      <symbol id="sm-371">
         <name>_forward</name>
         <value>0xa014</value>
         <object_component_ref idref="oc-ed"/>
      </symbol>
      <symbol id="sm-372">
         <name>_y</name>
         <value>0xa01a</value>
         <object_component_ref idref="oc-ed"/>
      </symbol>
      <symbol id="sm-373">
         <name>_w</name>
         <value>0xa006</value>
         <object_component_ref idref="oc-ed"/>
      </symbol>
      <symbol id="sm-374">
         <name>_v</name>
         <value>0xa008</value>
         <object_component_ref idref="oc-ed"/>
      </symbol>
      <symbol id="sm-375">
         <name>_r</name>
         <value>0xa00a</value>
         <object_component_ref idref="oc-ed"/>
      </symbol>
      <symbol id="sm-376">
         <name>_l</name>
         <value>0xa00c</value>
         <object_component_ref idref="oc-ed"/>
      </symbol>
      <symbol id="sm-377">
         <name>_R</name>
         <value>0x13fe88</value>
         <object_component_ref idref="oc-ee"/>
      </symbol>
      <symbol id="sm-378">
         <name>_K</name>
         <value>0xa022</value>
         <object_component_ref idref="oc-ed"/>
      </symbol>
      <symbol id="sm-379">
         <name>_Yg</name>
         <value>0xa016</value>
         <object_component_ref idref="oc-ed"/>
      </symbol>
      <symbol id="sm-37a">
         <name>_distance</name>
         <value>0x13fe84</value>
         <object_component_ref idref="oc-ee"/>
      </symbol>
      <symbol id="sm-37b">
         <name>_Xg</name>
         <value>0xa01c</value>
         <object_component_ref idref="oc-ed"/>
      </symbol>
      <symbol id="sm-398">
         <name>_c_int00</name>
         <value>0x13f93e</value>
         <object_component_ref idref="oc-f6"/>
      </symbol>
      <symbol id="sm-399">
         <name>__stack</name>
         <value>0xa2</value>
         <object_component_ref idref="oc-f7"/>
      </symbol>
      <symbol id="sm-3af">
         <name>_copy_in</name>
         <value>0x13f992</value>
         <object_component_ref idref="oc-1b6"/>
      </symbol>
      <symbol id="sm-3be">
         <name>_ppcopy</name>
         <value>0x13fbba</value>
         <object_component_ref idref="oc-102"/>
      </symbol>
      <symbol id="sm-3bf">
         <name>_dpcopy</name>
         <value>0x13fbba</value>
         <object_component_ref idref="oc-102"/>
      </symbol>
      <symbol id="sm-3c0">
         <name>_pdcopy</name>
         <value>0x13fbba</value>
         <object_component_ref idref="oc-102"/>
      </symbol>
      <symbol id="sm-3c1">
         <name>_ddcopy</name>
         <value>0x13fbba</value>
         <object_component_ref idref="oc-102"/>
      </symbol>
      <symbol id="sm-3dd">
         <name>_sqrtf</name>
         <value>0x13f73f</value>
         <object_component_ref idref="oc-1c3"/>
      </symbol>
      <symbol id="sm-3de">
         <name>_sqrt</name>
         <value>0x13f73f</value>
         <object_component_ref idref="oc-1c3"/>
      </symbol>
      <symbol id="sm-3e9">
         <name>_errno</name>
         <value>0xa05c</value>
         <object_component_ref idref="oc-10f"/>
      </symbol>
      <symbol id="sm-3fe">
         <name>C$$EXIT</name>
         <value>0x13fa2f</value>
         <object_component_ref idref="oc-1b9"/>
      </symbol>
      <symbol id="sm-3ff">
         <name>_exit</name>
         <value>0x13fa31</value>
         <object_component_ref idref="oc-1b9"/>
      </symbol>
      <symbol id="sm-400">
         <name>___TI_cleanup_ptr</name>
         <value>0xa03c</value>
         <object_component_ref idref="oc-113"/>
      </symbol>
      <symbol id="sm-401">
         <name>___TI_enable_exit_profile_output</name>
         <value>0xa03a</value>
         <object_component_ref idref="oc-113"/>
      </symbol>
      <symbol id="sm-402">
         <name>_abort</name>
         <value>0x13fa2f</value>
         <object_component_ref idref="oc-1b9"/>
      </symbol>
      <symbol id="sm-403">
         <name>___TI_dtors_ptr</name>
         <value>0xa03e</value>
         <object_component_ref idref="oc-113"/>
      </symbol>
      <symbol id="sm-41d">
         <name>FS$$ADD</name>
         <value>0x13f6cc</value>
         <object_component_ref idref="oc-118"/>
      </symbol>
      <symbol id="sm-41e">
         <name>FS$$SUB</name>
         <value>0x13f6c7</value>
         <object_component_ref idref="oc-118"/>
      </symbol>
      <symbol id="sm-430">
         <name>FS$$CMP</name>
         <value>0x13fc05</value>
         <object_component_ref idref="oc-11d"/>
      </symbol>
      <symbol id="sm-441">
         <name>FS$$DIV</name>
         <value>0x13f644</value>
         <object_component_ref idref="oc-122"/>
      </symbol>
      <symbol id="sm-452">
         <name>FS$$MPY</name>
         <value>0x13f8e4</value>
         <object_component_ref idref="oc-127"/>
      </symbol>
      <symbol id="sm-45f">
         <name>FS$$NEG</name>
         <value>0x13fc3c</value>
         <object_component_ref idref="oc-12c"/>
      </symbol>
      <symbol id="sm-472">
         <name>FS$$TOL</name>
         <value>0x13fa58</value>
         <object_component_ref idref="oc-131"/>
      </symbol>
      <symbol id="sm-483">
         <name>FS$$TOU</name>
         <value>0x13fb48</value>
         <object_component_ref idref="oc-136"/>
      </symbol>
      <symbol id="sm-495">
         <name>_memcpy</name>
         <value>0x13fb65</value>
         <object_component_ref idref="oc-1bb"/>
      </symbol>
      <symbol id="sm-4a2">
         <name>__system_pre_init</name>
         <value>0x13fc41</value>
         <object_component_ref idref="oc-1b5"/>
      </symbol>
      <symbol id="sm-4de">
         <name>_tanf</name>
         <value>0x13ed0b</value>
         <object_component_ref idref="oc-1c4"/>
      </symbol>
      <symbol id="sm-4df">
         <name>_tan</name>
         <value>0x13ed0b</value>
         <object_component_ref idref="oc-1c4"/>
      </symbol>
      <symbol id="sm-4ec">
         <name>__system_post_cinit</name>
         <value>0x13fc43</value>
         <object_component_ref idref="oc-1b7"/>
      </symbol>
      <symbol id="sm-501">
         <name>__unlock</name>
         <value>0xa05a</value>
         <object_component_ref idref="oc-1d1"/>
      </symbol>
      <symbol id="sm-502">
         <name>__lock</name>
         <value>0xa058</value>
         <object_component_ref idref="oc-1c5"/>
      </symbol>
      <symbol id="sm-503">
         <name>__register_lock</name>
         <value>0x13fc2e</value>
         <object_component_ref idref="oc-1ca"/>
      </symbol>
      <symbol id="sm-504">
         <name>__nop</name>
         <value>0x13fc32</value>
         <object_component_ref idref="oc-1ca"/>
      </symbol>
      <symbol id="sm-505">
         <name>__register_unlock</name>
         <value>0x13fc2a</value>
         <object_component_ref idref="oc-1ca"/>
      </symbol>
      <symbol id="sm-515">
         <name>__args_main</name>
         <value>0x13fbd4</value>
         <object_component_ref idref="oc-1b8"/>
      </symbol>
      <symbol id="sm-530">
         <name>FD$$ADD</name>
         <value>0x13f49a</value>
         <object_component_ref idref="oc-15a"/>
      </symbol>
      <symbol id="sm-547">
         <name>FD$$DIV</name>
         <value>0x13f536</value>
         <object_component_ref idref="oc-15f"/>
      </symbol>
      <symbol id="sm-559">
         <name>FD$$MPY</name>
         <value>0x13f5c1</value>
         <object_component_ref idref="oc-164"/>
      </symbol>
      <symbol id="sm-566">
         <name>FD$$NEG</name>
         <value>0x13fc33</value>
         <object_component_ref idref="oc-169"/>
      </symbol>
      <symbol id="sm-572">
         <name>FD$$SUB</name>
         <value>0x13fc1c</value>
         <object_component_ref idref="oc-16e"/>
      </symbol>
      <symbol id="sm-582">
         <name>FD$$TOFS</name>
         <value>0x13fac8</value>
         <object_component_ref idref="oc-173"/>
      </symbol>
      <symbol id="sm-591">
         <name>FD$$TOL</name>
         <value>0x13fb29</value>
         <object_component_ref idref="oc-178"/>
      </symbol>
      <symbol id="sm-5a1">
         <name>FS$$TOFD</name>
         <value>0x13fb82</value>
         <object_component_ref idref="oc-17d"/>
      </symbol>
      <symbol id="sm-5b2">
         <name>FS$$TOI</name>
         <value>0x13fa81</value>
         <object_component_ref idref="oc-182"/>
      </symbol>
      <symbol id="sm-618">
         <name>___kernel_rem_pio2</name>
         <value>0x13e629</value>
         <object_component_ref idref="oc-1c9"/>
      </symbol>
      <symbol id="sm-628">
         <name>L$$TOFD</name>
         <value>0x13fb9e</value>
         <object_component_ref idref="oc-18d"/>
      </symbol>
      <symbol id="sm-648">
         <name>_floorl</name>
         <value>0x13f24c</value>
         <object_component_ref idref="oc-1cf"/>
      </symbol>
      <symbol id="sm-666">
         <name>_scalbnl</name>
         <value>0x13f33c</value>
         <object_component_ref idref="oc-1ce"/>
      </symbol>
      <symbol id="sm-667">
         <name>_ldexpl</name>
         <value>0x13f33c</value>
         <object_component_ref idref="oc-1ce"/>
      </symbol>
      <symbol id="sm-677">
         <name>FD$$CMP</name>
         <value>0x13fa05</value>
         <object_component_ref idref="oc-19e"/>
      </symbol>
      <symbol id="sm-685">
         <name>I$$MOD</name>
         <value>0x13fab7</value>
         <object_component_ref idref="oc-1a3"/>
      </symbol>
      <symbol id="sm-686">
         <name>I$$DIV</name>
         <value>0x13faa6</value>
         <object_component_ref idref="oc-1a3"/>
      </symbol>
      <symbol id="sm-692">
         <name>LL$$AND</name>
         <value>0x13fbed</value>
         <object_component_ref idref="oc-1a8"/>
      </symbol>
      <symbol id="sm-693">
         <name>LL$$OR</name>
         <value>0x13fbf5</value>
         <object_component_ref idref="oc-1a8"/>
      </symbol>
      <symbol id="sm-694">
         <name>LL$$XOR</name>
         <value>0x13fbfd</value>
         <object_component_ref idref="oc-1a8"/>
      </symbol>
      <symbol id="sm-6a2">
         <name>_copysignl</name>
         <value>0x13fb09</value>
         <object_component_ref idref="oc-1d2"/>
      </symbol>
      <symbol id="sm-6ad">
         <name>__IQ24div</name>
         <value>0x13ff1c</value>
         <object_component_ref idref="oc-1b2"/>
      </symbol>
      <symbol id="sm-6b1">
         <name>_IQ16mpyRndSatTable</name>
         <value>0x3fe388</value>
         <object_component_ref idref="oc-1b3"/>
      </symbol>
      <symbol id="sm-6b2">
         <name>_IQ24mpyRndSatTable</name>
         <value>0x3fe328</value>
         <object_component_ref idref="oc-1b3"/>
      </symbol>
      <symbol id="sm-6b3">
         <name>_IQ13mpyRndSatTable</name>
         <value>0x3fe3ac</value>
         <object_component_ref idref="oc-1b3"/>
      </symbol>
      <symbol id="sm-6b4">
         <name>_IQ21mpyRndSatTable</name>
         <value>0x3fe34c</value>
         <object_component_ref idref="oc-1b3"/>
      </symbol>
      <symbol id="sm-6b5">
         <name>_IQ10mpyRndSatTable</name>
         <value>0x3fe3d0</value>
         <object_component_ref idref="oc-1b3"/>
      </symbol>
      <symbol id="sm-6b6">
         <name>_IQdivTable</name>
         <value>0x3fde08</value>
         <object_component_ref idref="oc-1b3"/>
      </symbol>
      <symbol id="sm-6b7">
         <name>_IQ9mpyRndSatTable</name>
         <value>0x3fe3dc</value>
         <object_component_ref idref="oc-1b3"/>
      </symbol>
      <symbol id="sm-6b8">
         <name>_IQ6mpyRndSatTable</name>
         <value>0x3fe400</value>
         <object_component_ref idref="oc-1b3"/>
      </symbol>
      <symbol id="sm-6b9">
         <name>_IQatan2TableEnd</name>
         <value>0x3fe2e0</value>
         <object_component_ref idref="oc-1b3"/>
      </symbol>
      <symbol id="sm-6ba">
         <name>_IQdivTableEnd</name>
         <value>0x3fe00a</value>
         <object_component_ref idref="oc-1b3"/>
      </symbol>
      <symbol id="sm-6bb">
         <name>_IQ29mpyRndSatTable</name>
         <value>0x3fe2ec</value>
         <object_component_ref idref="oc-1b3"/>
      </symbol>
      <symbol id="sm-6bc">
         <name>_IQ3mpyRndSatTable</name>
         <value>0x3fe424</value>
         <object_component_ref idref="oc-1b3"/>
      </symbol>
      <symbol id="sm-6bd">
         <name>_IQ18mpyRndSatTable</name>
         <value>0x3fe370</value>
         <object_component_ref idref="oc-1b3"/>
      </symbol>
      <symbol id="sm-6be">
         <name>_IQ26mpyRndSatTable</name>
         <value>0x3fe310</value>
         <object_component_ref idref="oc-1b3"/>
      </symbol>
      <symbol id="sm-6bf">
         <name>_IQcosTableEnd</name>
         <value>0x3fddfa</value>
         <object_component_ref idref="oc-1b3"/>
      </symbol>
      <symbol id="sm-6c0">
         <name>_IQsinTableEnd</name>
         <value>0x3fdcf8</value>
         <object_component_ref idref="oc-1b3"/>
      </symbol>
      <symbol id="sm-6c1">
         <name>_IQ15mpyRndSatTable</name>
         <value>0x3fe394</value>
         <object_component_ref idref="oc-1b3"/>
      </symbol>
      <symbol id="sm-6c2">
         <name>_IQ23mpyRndSatTable</name>
         <value>0x3fe334</value>
         <object_component_ref idref="oc-1b3"/>
      </symbol>
      <symbol id="sm-6c3">
         <name>_IQ12mpyRndSatTable</name>
         <value>0x3fe3b8</value>
         <object_component_ref idref="oc-1b3"/>
      </symbol>
      <symbol id="sm-6c4">
         <name>_IQ20mpyRndSatTable</name>
         <value>0x3fe358</value>
         <object_component_ref idref="oc-1b3"/>
      </symbol>
      <symbol id="sm-6c5">
         <name>_IQisqrtTableEnd</name>
         <value>0x3fe11c</value>
         <object_component_ref idref="oc-1b3"/>
      </symbol>
      <symbol id="sm-6c6">
         <name>_IQ8mpyRndSatTable</name>
         <value>0x3fe3e8</value>
         <object_component_ref idref="oc-1b3"/>
      </symbol>
      <symbol id="sm-6c7">
         <name>_IQisqrtRoundSatTable</name>
         <value>0x3fe00a</value>
         <object_component_ref idref="oc-1b3"/>
      </symbol>
      <symbol id="sm-6c8">
         <name>_IQ5mpyRndSatTable</name>
         <value>0x3fe40c</value>
         <object_component_ref idref="oc-1b3"/>
      </symbol>
      <symbol id="sm-6c9">
         <name>_IQmpyRndSatTable</name>
         <value>0x3fe2e0</value>
         <object_component_ref idref="oc-1b3"/>
      </symbol>
      <symbol id="sm-6ca">
         <name>_IQ28mpyRndSatTable</name>
         <value>0x3fe2f8</value>
         <object_component_ref idref="oc-1b3"/>
      </symbol>
      <symbol id="sm-6cb">
         <name>_IQatan2Table</name>
         <value>0x3fe15a</value>
         <object_component_ref idref="oc-1b3"/>
      </symbol>
      <symbol id="sm-6cc">
         <name>_IQ2mpyRndSatTable</name>
         <value>0x3fe430</value>
         <object_component_ref idref="oc-1b3"/>
      </symbol>
      <symbol id="sm-6cd">
         <name>_IQatan2HalfPITable</name>
         <value>0x3fe11c</value>
         <object_component_ref idref="oc-1b3"/>
      </symbol>
      <symbol id="sm-6ce">
         <name>_IQ17mpyRndSatTable</name>
         <value>0x3fe37c</value>
         <object_component_ref idref="oc-1b3"/>
      </symbol>
      <symbol id="sm-6cf">
         <name>_IQ25mpyRndSatTable</name>
         <value>0x3fe31c</value>
         <object_component_ref idref="oc-1b3"/>
      </symbol>
      <symbol id="sm-6d0">
         <name>_IQsqrtTable</name>
         <value>0x3fe01a</value>
         <object_component_ref idref="oc-1b3"/>
      </symbol>
      <symbol id="sm-6d1">
         <name>_IQsqrtTableEnd</name>
         <value>0x3fe11c</value>
         <object_component_ref idref="oc-1b3"/>
      </symbol>
      <symbol id="sm-6d2">
         <name>_IQ14mpyRndSatTable</name>
         <value>0x3fe3a0</value>
         <object_component_ref idref="oc-1b3"/>
      </symbol>
      <symbol id="sm-6d3">
         <name>_IQ22mpyRndSatTable</name>
         <value>0x3fe340</value>
         <object_component_ref idref="oc-1b3"/>
      </symbol>
      <symbol id="sm-6d4">
         <name>_IQ30mpyRndSatTable</name>
         <value>0x3fe2e0</value>
         <object_component_ref idref="oc-1b3"/>
      </symbol>
      <symbol id="sm-6d5">
         <name>_IQsqrtRoundSatTable</name>
         <value>0x3fe00a</value>
         <object_component_ref idref="oc-1b3"/>
      </symbol>
      <symbol id="sm-6d6">
         <name>_IQ11mpyRndSatTable</name>
         <value>0x3fe3c4</value>
         <object_component_ref idref="oc-1b3"/>
      </symbol>
      <symbol id="sm-6d7">
         <name>_IQdivRoundSatTable</name>
         <value>0x3fddfa</value>
         <object_component_ref idref="oc-1b3"/>
      </symbol>
      <symbol id="sm-6d8">
         <name>_IQ7mpyRndSatTable</name>
         <value>0x3fe3f4</value>
         <object_component_ref idref="oc-1b3"/>
      </symbol>
      <symbol id="sm-6d9">
         <name>_IQcosTable</name>
         <value>0x3fd9f8</value>
         <object_component_ref idref="oc-1b3"/>
      </symbol>
      <symbol id="sm-6da">
         <name>_IQisqrtTable</name>
         <value>0x3fe01a</value>
         <object_component_ref idref="oc-1b3"/>
      </symbol>
      <symbol id="sm-6db">
         <name>_IQ4mpyRndSatTable</name>
         <value>0x3fe418</value>
         <object_component_ref idref="oc-1b3"/>
      </symbol>
      <symbol id="sm-6dc">
         <name>_IQ19mpyRndSatTable</name>
         <value>0x3fe364</value>
         <object_component_ref idref="oc-1b3"/>
      </symbol>
      <symbol id="sm-6dd">
         <name>_IQ27mpyRndSatTable</name>
         <value>0x3fe304</value>
         <object_component_ref idref="oc-1b3"/>
      </symbol>
      <symbol id="sm-6de">
         <name>_IQmpyRndSatTableEnd</name>
         <value>0x3fe448</value>
         <object_component_ref idref="oc-1b3"/>
      </symbol>
      <symbol id="sm-6df">
         <name>_IQ1mpyRndSatTable</name>
         <value>0x3fe43c</value>
         <object_component_ref idref="oc-1b3"/>
      </symbol>
      <symbol id="sm-6e0">
         <name>_IQsinTable</name>
         <value>0x3fd8f8</value>
         <object_component_ref idref="oc-1b3"/>
      </symbol>
   </symbol_table>
   <title>Link successful</title>
</link_info>
