<?xml version="1.0"?>
<link_info>
   <banner>TI ARM Linker PC v5.2.5</banner>
   <copyright>Copyright (c) 1996-2015 Texas Instruments Incorporated</copyright>
   <link_time>0x5d1a81d4</link_time>
   <link_errors>0x0</link_errors>
   <output_file>enet_uip.out</output_file>
   <entry_point>
      <name>_c_int00</name>
      <address>0x208b7d</address>
   </entry_point>
   <input_file_list>
      <input_file id="fl-2">
         <path>.\</path>
         <kind>object</kind>
         <file>enet_uip.obj</file>
         <name>enet_uip.obj</name>
      </input_file>
      <input_file id="fl-3">
         <path>.\</path>
         <kind>object</kind>
         <file>httpd.obj</file>
         <name>httpd.obj</name>
      </input_file>
      <input_file id="fl-4">
         <path>.\</path>
         <kind>object</kind>
         <file>set_pinout_f28m35x.obj</file>
         <name>set_pinout_f28m35x.obj</name>
      </input_file>
      <input_file id="fl-5">
         <path>.\</path>
         <kind>object</kind>
         <file>startup_ccs.obj</file>
         <name>startup_ccs.obj</name>
      </input_file>
      <input_file id="fl-6">
         <path>.\third_party\uip-1.0\apps\dhcpc\</path>
         <kind>object</kind>
         <file>dhcpc.obj</file>
         <name>dhcpc.obj</name>
      </input_file>
      <input_file id="fl-7">
         <path>.\third_party\uip-1.0\uip\</path>
         <kind>object</kind>
         <file>uip.obj</file>
         <name>uip.obj</name>
      </input_file>
      <input_file id="fl-8">
         <path>.\third_party\uip-1.0\uip\</path>
         <kind>object</kind>
         <file>uip_arp.obj</file>
         <name>uip_arp.obj</name>
      </input_file>
      <input_file id="fl-9">
         <path>.\third_party\uip-1.0\uip\</path>
         <kind>object</kind>
         <file>uip_timer.obj</file>
         <name>uip_timer.obj</name>
      </input_file>
      <input_file id="fl-a">
         <path>.\utils\</path>
         <kind>object</kind>
         <file>uartstdio.obj</file>
         <name>uartstdio.obj</name>
      </input_file>
      <input_file id="fl-b">
         <path>.\utils\</path>
         <kind>object</kind>
         <file>ustdlib.obj</file>
         <name>ustdlib.obj</name>
      </input_file>
      <input_file id="fl-11">
         <path>C:\ti\controlSUITE\device_support\f28m35x\v207\MWare\driverlib\ccs\Debug\</path>
         <kind>archive</kind>
         <file>driverlib.lib</file>
         <name>ethernet.obj</name>
      </input_file>
      <input_file id="fl-12">
         <path>C:\ti\controlSUITE\device_support\f28m35x\v207\MWare\driverlib\ccs\Debug\</path>
         <kind>archive</kind>
         <file>driverlib.lib</file>
         <name>flash.obj</name>
      </input_file>
      <input_file id="fl-13">
         <path>C:\ti\controlSUITE\device_support\f28m35x\v207\MWare\driverlib\ccs\Debug\</path>
         <kind>archive</kind>
         <file>driverlib.lib</file>
         <name>gpio.obj</name>
      </input_file>
      <input_file id="fl-14">
         <path>C:\ti\controlSUITE\device_support\f28m35x\v207\MWare\driverlib\ccs\Debug\</path>
         <kind>archive</kind>
         <file>driverlib.lib</file>
         <name>interrupt.obj</name>
      </input_file>
      <input_file id="fl-15">
         <path>C:\ti\controlSUITE\device_support\f28m35x\v207\MWare\driverlib\ccs\Debug\</path>
         <kind>archive</kind>
         <file>driverlib.lib</file>
         <name>ipc_util.obj</name>
      </input_file>
      <input_file id="fl-16">
         <path>C:\ti\controlSUITE\device_support\f28m35x\v207\MWare\driverlib\ccs\Debug\</path>
         <kind>archive</kind>
         <file>driverlib.lib</file>
         <name>ram.obj</name>
      </input_file>
      <input_file id="fl-17">
         <path>C:\ti\controlSUITE\device_support\f28m35x\v207\MWare\driverlib\ccs\Debug\</path>
         <kind>archive</kind>
         <file>driverlib.lib</file>
         <name>sysctl.obj</name>
      </input_file>
      <input_file id="fl-18">
         <path>C:\ti\controlSUITE\device_support\f28m35x\v207\MWare\driverlib\ccs\Debug\</path>
         <kind>archive</kind>
         <file>driverlib.lib</file>
         <name>systick.obj</name>
      </input_file>
      <input_file id="fl-19">
         <path>C:\ti\controlSUITE\device_support\f28m35x\v207\MWare\driverlib\ccs\Debug\</path>
         <kind>archive</kind>
         <file>driverlib.lib</file>
         <name>uart.obj</name>
      </input_file>
      <input_file id="fl-1a">
         <path>C:\ti\controlSUITE\device_support\f28m35x\v207\MWare\driverlib\ccs\Debug\</path>
         <kind>archive</kind>
         <file>driverlib.lib</file>
         <name>udma.obj</name>
      </input_file>
      <input_file id="fl-1b">
         <path>C:\ti\controlSUITE\device_support\f28m35x\v207\MWare\driverlib\ccs\Debug\</path>
         <kind>archive</kind>
         <file>driverlib.lib</file>
         <name>watchdog.obj</name>
      </input_file>
      <input_file id="fl-1c">
         <path>C:\ti\controlSUITE\device_support\f28m35x\v207\MWare\driverlib\ccs\Debug\</path>
         <kind>archive</kind>
         <file>driverlib.lib</file>
         <name>cpu.obj</name>
      </input_file>
      <input_file id="fl-1d">
         <path>C:\ti\controlSUITE\device_support\f28m35x\v207\MWare\driverlib\ccs\Debug\</path>
         <kind>archive</kind>
         <file>driverlib.lib</file>
         <name>ipc_lite.obj</name>
      </input_file>
      <input_file id="fl-1e">
         <path>C:\ti\ccsv6\tools\compiler\ti-cgt-arm_5.2.5\lib\</path>
         <kind>archive</kind>
         <file>rtsv7M3_T_le_eabi.lib</file>
         <name>atof.obj</name>
      </input_file>
      <input_file id="fl-1f">
         <path>C:\ti\ccsv6\tools\compiler\ti-cgt-arm_5.2.5\lib\</path>
         <kind>archive</kind>
         <file>rtsv7M3_T_le_eabi.lib</file>
         <name>boot.obj</name>
      </input_file>
      <input_file id="fl-20">
         <path>C:\ti\ccsv6\tools\compiler\ti-cgt-arm_5.2.5\lib\</path>
         <kind>archive</kind>
         <file>rtsv7M3_T_le_eabi.lib</file>
         <name>copy_decompress_none.obj</name>
      </input_file>
      <input_file id="fl-21">
         <path>C:\ti\ccsv6\tools\compiler\ti-cgt-arm_5.2.5\lib\</path>
         <kind>archive</kind>
         <file>rtsv7M3_T_le_eabi.lib</file>
         <name>copy_decompress_rle.obj</name>
      </input_file>
      <input_file id="fl-22">
         <path>C:\ti\ccsv6\tools\compiler\ti-cgt-arm_5.2.5\lib\</path>
         <kind>archive</kind>
         <file>rtsv7M3_T_le_eabi.lib</file>
         <name>copy_zero_init.obj</name>
      </input_file>
      <input_file id="fl-23">
         <path>C:\ti\ccsv6\tools\compiler\ti-cgt-arm_5.2.5\lib\</path>
         <kind>archive</kind>
         <file>rtsv7M3_T_le_eabi.lib</file>
         <name>exit.obj</name>
      </input_file>
      <input_file id="fl-24">
         <path>C:\ti\ccsv6\tools\compiler\ti-cgt-arm_5.2.5\lib\</path>
         <kind>archive</kind>
         <file>rtsv7M3_T_le_eabi.lib</file>
         <name>fd_tos_t2.obj</name>
      </input_file>
      <input_file id="fl-25">
         <path>C:\ti\ccsv6\tools\compiler\ti-cgt-arm_5.2.5\lib\</path>
         <kind>archive</kind>
         <file>rtsv7M3_T_le_eabi.lib</file>
         <name>fs_toi_t2.obj</name>
      </input_file>
      <input_file id="fl-26">
         <path>C:\ti\ccsv6\tools\compiler\ti-cgt-arm_5.2.5\lib\</path>
         <kind>archive</kind>
         <file>rtsv7M3_T_le_eabi.lib</file>
         <name>memcmp.obj</name>
      </input_file>
      <input_file id="fl-27">
         <path>C:\ti\ccsv6\tools\compiler\ti-cgt-arm_5.2.5\lib\</path>
         <kind>archive</kind>
         <file>rtsv7M3_T_le_eabi.lib</file>
         <name>memcpy_t2.obj</name>
      </input_file>
      <input_file id="fl-28">
         <path>C:\ti\ccsv6\tools\compiler\ti-cgt-arm_5.2.5\lib\</path>
         <kind>archive</kind>
         <file>rtsv7M3_T_le_eabi.lib</file>
         <name>memset_t2.obj</name>
      </input_file>
      <input_file id="fl-29">
         <path>C:\ti\ccsv6\tools\compiler\ti-cgt-arm_5.2.5\lib\</path>
         <kind>archive</kind>
         <file>rtsv7M3_T_le_eabi.lib</file>
         <name>pre_init.obj</name>
      </input_file>
      <input_file id="fl-2a">
         <path>C:\ti\ccsv6\tools\compiler\ti-cgt-arm_5.2.5\lib\</path>
         <kind>archive</kind>
         <file>rtsv7M3_T_le_eabi.lib</file>
         <name>printf.obj</name>
      </input_file>
      <input_file id="fl-2b">
         <path>C:\ti\ccsv6\tools\compiler\ti-cgt-arm_5.2.5\lib\</path>
         <kind>archive</kind>
         <file>rtsv7M3_T_le_eabi.lib</file>
         <name>stkdepth_vars.obj</name>
      </input_file>
      <input_file id="fl-2c">
         <path>C:\ti\ccsv6\tools\compiler\ti-cgt-arm_5.2.5\lib\</path>
         <kind>archive</kind>
         <file>rtsv7M3_T_le_eabi.lib</file>
         <name>strlen.obj</name>
      </input_file>
      <input_file id="fl-2d">
         <path>C:\ti\ccsv6\tools\compiler\ti-cgt-arm_5.2.5\lib\</path>
         <kind>archive</kind>
         <file>rtsv7M3_T_le_eabi.lib</file>
         <name>strncmp.obj</name>
      </input_file>
      <input_file id="fl-2e">
         <path>C:\ti\ccsv6\tools\compiler\ti-cgt-arm_5.2.5\lib\</path>
         <kind>archive</kind>
         <file>rtsv7M3_T_le_eabi.lib</file>
         <name>strncpy.obj</name>
      </input_file>
      <input_file id="fl-2f">
         <path>C:\ti\ccsv6\tools\compiler\ti-cgt-arm_5.2.5\lib\</path>
         <kind>archive</kind>
         <file>rtsv7M3_T_le_eabi.lib</file>
         <name>strtod.obj</name>
      </input_file>
      <input_file id="fl-30">
         <path>C:\ti\ccsv6\tools\compiler\ti-cgt-arm_5.2.5\lib\</path>
         <kind>archive</kind>
         <file>rtsv7M3_T_le_eabi.lib</file>
         <name>u_divt2.obj</name>
      </input_file>
      <input_file id="fl-31">
         <path>C:\ti\ccsv6\tools\compiler\ti-cgt-arm_5.2.5\lib\</path>
         <kind>archive</kind>
         <file>rtsv7M3_T_le_eabi.lib</file>
         <name>_lock.obj</name>
      </input_file>
      <input_file id="fl-32">
         <path>C:\ti\ccsv6\tools\compiler\ti-cgt-arm_5.2.5\lib\</path>
         <kind>archive</kind>
         <file>rtsv7M3_T_le_eabi.lib</file>
         <name>_printfi.obj</name>
      </input_file>
      <input_file id="fl-33">
         <path>C:\ti\ccsv6\tools\compiler\ti-cgt-arm_5.2.5\lib\</path>
         <kind>archive</kind>
         <file>rtsv7M3_T_le_eabi.lib</file>
         <name>args_main.obj</name>
      </input_file>
      <input_file id="fl-34">
         <path>C:\ti\ccsv6\tools\compiler\ti-cgt-arm_5.2.5\lib\</path>
         <kind>archive</kind>
         <file>rtsv7M3_T_le_eabi.lib</file>
         <name>atoi.obj</name>
      </input_file>
      <input_file id="fl-35">
         <path>C:\ti\ccsv6\tools\compiler\ti-cgt-arm_5.2.5\lib\</path>
         <kind>archive</kind>
         <file>rtsv7M3_T_le_eabi.lib</file>
         <name>autoinit.obj</name>
      </input_file>
      <input_file id="fl-36">
         <path>C:\ti\ccsv6\tools\compiler\ti-cgt-arm_5.2.5\lib\</path>
         <kind>archive</kind>
         <file>rtsv7M3_T_le_eabi.lib</file>
         <name>cpy_tbl.obj</name>
      </input_file>
      <input_file id="fl-37">
         <path>C:\ti\ccsv6\tools\compiler\ti-cgt-arm_5.2.5\lib\</path>
         <kind>archive</kind>
         <file>rtsv7M3_T_le_eabi.lib</file>
         <name>ctype.obj</name>
      </input_file>
      <input_file id="fl-38">
         <path>C:\ti\ccsv6\tools\compiler\ti-cgt-arm_5.2.5\lib\</path>
         <kind>archive</kind>
         <file>rtsv7M3_T_le_eabi.lib</file>
         <name>defs.obj</name>
      </input_file>
      <input_file id="fl-39">
         <path>C:\ti\ccsv6\tools\compiler\ti-cgt-arm_5.2.5\lib\</path>
         <kind>archive</kind>
         <file>rtsv7M3_T_le_eabi.lib</file>
         <name>errno.obj</name>
      </input_file>
      <input_file id="fl-3a">
         <path>C:\ti\ccsv6\tools\compiler\ti-cgt-arm_5.2.5\lib\</path>
         <kind>archive</kind>
         <file>rtsv7M3_T_le_eabi.lib</file>
         <name>fd_add_t2.obj</name>
      </input_file>
      <input_file id="fl-3b">
         <path>C:\ti\ccsv6\tools\compiler\ti-cgt-arm_5.2.5\lib\</path>
         <kind>archive</kind>
         <file>rtsv7M3_T_le_eabi.lib</file>
         <name>fd_cmp_t2.obj</name>
      </input_file>
      <input_file id="fl-3c">
         <path>C:\ti\ccsv6\tools\compiler\ti-cgt-arm_5.2.5\lib\</path>
         <kind>archive</kind>
         <file>rtsv7M3_T_le_eabi.lib</file>
         <name>fd_div_t2.obj</name>
      </input_file>
      <input_file id="fl-3d">
         <path>C:\ti\ccsv6\tools\compiler\ti-cgt-arm_5.2.5\lib\</path>
         <kind>archive</kind>
         <file>rtsv7M3_T_le_eabi.lib</file>
         <name>fd_mul_t2.obj</name>
      </input_file>
      <input_file id="fl-3e">
         <path>C:\ti\ccsv6\tools\compiler\ti-cgt-arm_5.2.5\lib\</path>
         <kind>archive</kind>
         <file>rtsv7M3_T_le_eabi.lib</file>
         <name>fd_toi_t2.obj</name>
      </input_file>
      <input_file id="fl-3f">
         <path>C:\ti\ccsv6\tools\compiler\ti-cgt-arm_5.2.5\lib\</path>
         <kind>archive</kind>
         <file>rtsv7M3_T_le_eabi.lib</file>
         <name>fputc.obj</name>
      </input_file>
      <input_file id="fl-40">
         <path>C:\ti\ccsv6\tools\compiler\ti-cgt-arm_5.2.5\lib\</path>
         <kind>archive</kind>
         <file>rtsv7M3_T_le_eabi.lib</file>
         <name>fputs.obj</name>
      </input_file>
      <input_file id="fl-41">
         <path>C:\ti\ccsv6\tools\compiler\ti-cgt-arm_5.2.5\lib\</path>
         <kind>archive</kind>
         <file>rtsv7M3_T_le_eabi.lib</file>
         <name>frexp.obj</name>
      </input_file>
      <input_file id="fl-42">
         <path>C:\ti\ccsv6\tools\compiler\ti-cgt-arm_5.2.5\lib\</path>
         <kind>archive</kind>
         <file>rtsv7M3_T_le_eabi.lib</file>
         <name>i_div0.obj</name>
      </input_file>
      <input_file id="fl-43">
         <path>C:\ti\ccsv6\tools\compiler\ti-cgt-arm_5.2.5\lib\</path>
         <kind>archive</kind>
         <file>rtsv7M3_T_le_eabi.lib</file>
         <name>i_tofd_t2.obj</name>
      </input_file>
      <input_file id="fl-44">
         <path>C:\ti\ccsv6\tools\compiler\ti-cgt-arm_5.2.5\lib\</path>
         <kind>archive</kind>
         <file>rtsv7M3_T_le_eabi.lib</file>
         <name>ldexp.obj</name>
      </input_file>
      <input_file id="fl-45">
         <path>C:\ti\ccsv6\tools\compiler\ti-cgt-arm_5.2.5\lib\</path>
         <kind>archive</kind>
         <file>rtsv7M3_T_le_eabi.lib</file>
         <name>lowlev.obj</name>
      </input_file>
      <input_file id="fl-46">
         <path>C:\ti\ccsv6\tools\compiler\ti-cgt-arm_5.2.5\lib\</path>
         <kind>archive</kind>
         <file>rtsv7M3_T_le_eabi.lib</file>
         <name>ltoa.obj</name>
      </input_file>
      <input_file id="fl-47">
         <path>C:\ti\ccsv6\tools\compiler\ti-cgt-arm_5.2.5\lib\</path>
         <kind>archive</kind>
         <file>rtsv7M3_T_le_eabi.lib</file>
         <name>memccpy.obj</name>
      </input_file>
      <input_file id="fl-48">
         <path>C:\ti\ccsv6\tools\compiler\ti-cgt-arm_5.2.5\lib\</path>
         <kind>archive</kind>
         <file>rtsv7M3_T_le_eabi.lib</file>
         <name>memchr.obj</name>
      </input_file>
      <input_file id="fl-49">
         <path>C:\ti\ccsv6\tools\compiler\ti-cgt-arm_5.2.5\lib\</path>
         <kind>archive</kind>
         <file>rtsv7M3_T_le_eabi.lib</file>
         <name>strchr.obj</name>
      </input_file>
      <input_file id="fl-4a">
         <path>C:\ti\ccsv6\tools\compiler\ti-cgt-arm_5.2.5\lib\</path>
         <kind>archive</kind>
         <file>rtsv7M3_T_le_eabi.lib</file>
         <name>strcmp.obj</name>
      </input_file>
      <input_file id="fl-4b">
         <path>C:\ti\ccsv6\tools\compiler\ti-cgt-arm_5.2.5\lib\</path>
         <kind>archive</kind>
         <file>rtsv7M3_T_le_eabi.lib</file>
         <name>trgdrv.obj</name>
      </input_file>
      <input_file id="fl-4c">
         <path>C:\ti\ccsv6\tools\compiler\ti-cgt-arm_5.2.5\lib\</path>
         <kind>archive</kind>
         <file>rtsv7M3_T_le_eabi.lib</file>
         <name>trgmsg.obj</name>
      </input_file>
      <input_file id="fl-4d">
         <path>C:\ti\ccsv6\tools\compiler\ti-cgt-arm_5.2.5\lib\</path>
         <kind>archive</kind>
         <file>rtsv7M3_T_le_eabi.lib</file>
         <name>ull_div_t2.obj</name>
      </input_file>
      <input_file id="fl-4e">
         <path>C:\ti\ccsv6\tools\compiler\ti-cgt-arm_5.2.5\lib\</path>
         <kind>archive</kind>
         <file>rtsv7M3_T_le_eabi.lib</file>
         <name>xdclass.obj</name>
      </input_file>
      <input_file id="fl-4f">
         <path>C:\ti\ccsv6\tools\compiler\ti-cgt-arm_5.2.5\lib\</path>
         <kind>archive</kind>
         <file>rtsv7M3_T_le_eabi.lib</file>
         <name>xdscale.obj</name>
      </input_file>
      <input_file id="fl-50">
         <path>C:\ti\ccsv6\tools\compiler\ti-cgt-arm_5.2.5\lib\</path>
         <kind>archive</kind>
         <file>rtsv7M3_T_le_eabi.lib</file>
         <name>xdunscal.obj</name>
      </input_file>
      <input_file id="fl-51">
         <path>C:\ti\ccsv6\tools\compiler\ti-cgt-arm_5.2.5\lib\</path>
         <kind>archive</kind>
         <file>rtsv7M3_T_le_eabi.lib</file>
         <name>xferaise.obj</name>
      </input_file>
      <input_file id="fl-52">
         <path>C:\ti\ccsv6\tools\compiler\ti-cgt-arm_5.2.5\lib\</path>
         <kind>archive</kind>
         <file>rtsv7M3_T_le_eabi.lib</file>
         <name>xvalues.obj</name>
      </input_file>
      <input_file id="fl-53">
         <path>C:\ti\ccsv6\tools\compiler\ti-cgt-arm_5.2.5\lib\</path>
         <kind>archive</kind>
         <file>rtsv7M3_T_le_eabi.lib</file>
         <name>_io_perm.obj</name>
      </input_file>
      <input_file id="fl-54">
         <path>C:\ti\ccsv6\tools\compiler\ti-cgt-arm_5.2.5\lib\</path>
         <kind>archive</kind>
         <file>rtsv7M3_T_le_eabi.lib</file>
         <name>feraiseexcept.obj</name>
      </input_file>
      <input_file id="fl-55">
         <path>C:\ti\ccsv6\tools\compiler\ti-cgt-arm_5.2.5\lib\</path>
         <kind>archive</kind>
         <file>rtsv7M3_T_le_eabi.lib</file>
         <name>fflush.obj</name>
      </input_file>
      <input_file id="fl-56">
         <path>C:\ti\ccsv6\tools\compiler\ti-cgt-arm_5.2.5\lib\</path>
         <kind>archive</kind>
         <file>rtsv7M3_T_le_eabi.lib</file>
         <name>fseek.obj</name>
      </input_file>
      <input_file id="fl-57">
         <path>C:\ti\ccsv6\tools\compiler\ti-cgt-arm_5.2.5\lib\</path>
         <kind>archive</kind>
         <file>rtsv7M3_T_le_eabi.lib</file>
         <name>raise.obj</name>
      </input_file>
      <input_file id="fl-58">
         <path>C:\ti\ccsv6\tools\compiler\ti-cgt-arm_5.2.5\lib\</path>
         <kind>archive</kind>
         <file>rtsv7M3_T_le_eabi.lib</file>
         <name>setvbuf.obj</name>
      </input_file>
      <input_file id="fl-59">
         <path>C:\ti\ccsv6\tools\compiler\ti-cgt-arm_5.2.5\lib\</path>
         <kind>archive</kind>
         <file>rtsv7M3_T_le_eabi.lib</file>
         <name>signal.obj</name>
      </input_file>
      <input_file id="fl-5a">
         <path>C:\ti\ccsv6\tools\compiler\ti-cgt-arm_5.2.5\lib\</path>
         <kind>archive</kind>
         <file>rtsv7M3_T_le_eabi.lib</file>
         <name>strcpy.obj</name>
      </input_file>
      <input_file id="fl-5b">
         <path>C:\ti\ccsv6\tools\compiler\ti-cgt-arm_5.2.5\lib\</path>
         <kind>archive</kind>
         <file>rtsv7M3_T_le_eabi.lib</file>
         <name>xdnorm.obj</name>
      </input_file>
      <input_file id="fl-5c">
         <path>C:\ti\ccsv6\tools\compiler\ti-cgt-arm_5.2.5\lib\</path>
         <kind>archive</kind>
         <file>rtsv7M3_T_le_eabi.lib</file>
         <name>fopen.obj</name>
      </input_file>
      <input_file id="fl-5d">
         <path>C:\ti\ccsv6\tools\compiler\ti-cgt-arm_5.2.5\lib\</path>
         <kind>archive</kind>
         <file>rtsv7M3_T_le_eabi.lib</file>
         <name>memory.obj</name>
      </input_file>
      <input_file id="fl-5e">
         <path>C:\ti\ccsv6\tools\compiler\ti-cgt-arm_5.2.5\lib\</path>
         <kind>archive</kind>
         <file>rtsv7M3_T_le_eabi.lib</file>
         <name>fclose.obj</name>
      </input_file>
      <input_file id="fl-5f">
         <path>C:\ti\ccsv6\tools\compiler\ti-cgt-arm_5.2.5\lib\</path>
         <kind>archive</kind>
         <file>rtsv7M3_T_le_eabi.lib</file>
         <name>remove.obj</name>
      </input_file>
   </input_file_list>
   <object_component_list>
      <object_component id="oc-27">
         <name>.intvecs</name>
         <load_address>0x200200</load_address>
         <run_address>0x200200</run_address>
         <size>0x1b0</size>
         <input_file_ref idref="fl-5"/>
      </object_component>
      <object_component id="oc-45">
         <name>.resetisr:ResetISR</name>
         <load_address>0x200030</load_address>
         <run_address>0x200030</run_address>
         <size>0x6</size>
         <input_file_ref idref="fl-5"/>
      </object_component>
      <object_component id="oc-153">
         <name>.text:uip_process</name>
         <load_address>0x200400</load_address>
         <run_address>0x200400</run_address>
         <size>0x1258</size>
         <input_file_ref idref="fl-7"/>
      </object_component>
      <object_component id="oc-279">
         <name>.text</name>
         <load_address>0x201658</load_address>
         <run_address>0x201658</run_address>
         <size>0x109a</size>
         <input_file_ref idref="fl-32"/>
      </object_component>
      <object_component id="oc-51">
         <name>.text:FaultISR</name>
         <load_address>0x2026f2</load_address>
         <run_address>0x2026f2</run_address>
         <size>0x2</size>
         <input_file_ref idref="fl-5"/>
      </object_component>
      <object_component id="oc-f9">
         <name>.text</name>
         <load_address>0x2026f4</load_address>
         <run_address>0x2026f4</run_address>
         <size>0xa58</size>
         <input_file_ref idref="fl-17"/>
      </object_component>
      <object_component id="oc-1e7">
         <name>.text</name>
         <load_address>0x20314c</load_address>
         <run_address>0x20314c</run_address>
         <size>0x584</size>
         <input_file_ref idref="fl-1d"/>
      </object_component>
      <object_component id="oc-cc">
         <name>.text:main</name>
         <load_address>0x2036d0</load_address>
         <run_address>0x2036d0</run_address>
         <size>0x55c</size>
         <input_file_ref idref="fl-2"/>
      </object_component>
      <object_component id="oc-117">
         <name>.text</name>
         <load_address>0x203c2c</load_address>
         <run_address>0x203c2c</run_address>
         <size>0x480</size>
         <input_file_ref idref="fl-13"/>
      </object_component>
      <object_component id="oc-301">
         <name>.text:uvsnprintf</name>
         <load_address>0x2040ac</load_address>
         <run_address>0x2040ac</run_address>
         <size>0x430</size>
         <input_file_ref idref="fl-b"/>
      </object_component>
      <object_component id="oc-532">
         <name>.text</name>
         <load_address>0x2044dc</load_address>
         <run_address>0x2044dc</run_address>
         <size>0x3dc</size>
         <input_file_ref idref="fl-5d"/>
      </object_component>
      <object_component id="oc-12f">
         <name>.text</name>
         <load_address>0x2048b8</load_address>
         <run_address>0x2048b8</run_address>
         <size>0x314</size>
         <input_file_ref idref="fl-11"/>
      </object_component>
      <object_component id="oc-361">
         <name>.text</name>
         <load_address>0x204bcc</load_address>
         <run_address>0x204bcc</run_address>
         <size>0x30c</size>
         <input_file_ref idref="fl-45"/>
      </object_component>
      <object_component id="oc-11d">
         <name>.text</name>
         <load_address>0x204ed8</load_address>
         <run_address>0x204ed8</run_address>
         <size>0x2fc</size>
         <input_file_ref idref="fl-1a"/>
      </object_component>
      <object_component id="oc-54d">
         <name>.text</name>
         <load_address>0x2051d4</load_address>
         <run_address>0x2051d4</run_address>
         <size>0x2d4</size>
         <input_file_ref idref="fl-4b"/>
      </object_component>
      <object_component id="oc-129">
         <name>.text</name>
         <load_address>0x2054a8</load_address>
         <run_address>0x2054a8</run_address>
         <size>0x2d0</size>
         <input_file_ref idref="fl-14"/>
      </object_component>
      <object_component id="oc-31c">
         <name>.text:httpd_parse_command_word</name>
         <load_address>0x205778</load_address>
         <run_address>0x205778</run_address>
         <size>0x2b4</size>
         <input_file_ref idref="fl-3"/>
      </object_component>
      <object_component id="oc-105">
         <name>.text</name>
         <load_address>0x205a2c</load_address>
         <run_address>0x205a2c</run_address>
         <size>0x23c</size>
         <input_file_ref idref="fl-15"/>
      </object_component>
      <object_component id="oc-4e4">
         <name>.text</name>
         <load_address>0x205c68</load_address>
         <run_address>0x205c68</run_address>
         <size>0x238</size>
         <input_file_ref idref="fl-2f"/>
      </object_component>
      <object_component id="oc-1f1">
         <name>.text:PortControlSet</name>
         <load_address>0x205ea0</load_address>
         <run_address>0x205ea0</run_address>
         <size>0x1fc</size>
         <input_file_ref idref="fl-4"/>
      </object_component>
      <object_component id="oc-16b">
         <name>.text:uip_arp_out</name>
         <load_address>0x20609c</load_address>
         <run_address>0x20609c</run_address>
         <size>0x1f8</size>
         <input_file_ref idref="fl-8"/>
      </object_component>
      <object_component id="oc-377">
         <name>.text</name>
         <load_address>0x206294</load_address>
         <run_address>0x206294</run_address>
         <size>0x1f4</size>
         <input_file_ref idref="fl-4d"/>
      </object_component>
      <object_component id="oc-538">
         <name>.text</name>
         <load_address>0x206488</load_address>
         <run_address>0x206488</run_address>
         <size>0x1c4</size>
         <input_file_ref idref="fl-5c"/>
      </object_component>
      <object_component id="oc-3a0">
         <name>.text</name>
         <load_address>0x20664c</load_address>
         <run_address>0x20664c</run_address>
         <size>0x1b6</size>
         <input_file_ref idref="fl-3a"/>
      </object_component>
      <object_component id="oc-57">
         <name>.text:IntDefaultHandler</name>
         <load_address>0x206802</load_address>
         <run_address>0x206802</run_address>
         <size>0x2</size>
         <input_file_ref idref="fl-5"/>
      </object_component>
      <object_component id="oc-233">
         <name>.text:httpd_appcall</name>
         <load_address>0x206804</load_address>
         <run_address>0x206804</run_address>
         <size>0x1b4</size>
         <input_file_ref idref="fl-3"/>
      </object_component>
      <object_component id="oc-334">
         <name>.text:handle_dhcp</name>
         <load_address>0x2069b8</load_address>
         <run_address>0x2069b8</run_address>
         <size>0x180</size>
         <input_file_ref idref="fl-6"/>
      </object_component>
      <object_component id="oc-14d">
         <name>.text:EthernetPacketGetDMA</name>
         <load_address>0x206b38</load_address>
         <run_address>0x206b38</run_address>
         <size>0x154</size>
         <input_file_ref idref="fl-2"/>
      </object_component>
      <object_component id="oc-2c5">
         <name>.text:uip_arp_update</name>
         <load_address>0x206c8c</load_address>
         <run_address>0x206c8c</run_address>
         <size>0x140</size>
         <input_file_ref idref="fl-8"/>
      </object_component>
      <object_component id="oc-386">
         <name>.text</name>
         <load_address>0x206dcc</load_address>
         <run_address>0x206dcc</run_address>
         <size>0x136</size>
         <input_file_ref idref="fl-3c"/>
      </object_component>
      <object_component id="oc-4b">
         <name>.text:NmiSR</name>
         <load_address>0x206f02</load_address>
         <run_address>0x206f02</run_address>
         <size>0x2</size>
         <input_file_ref idref="fl-5"/>
      </object_component>
      <object_component id="oc-273">
         <name>.text</name>
         <load_address>0x206f04</load_address>
         <run_address>0x206f04</run_address>
         <size>0x134</size>
         <input_file_ref idref="fl-40"/>
      </object_component>
      <object_component id="oc-189">
         <name>.text:uip_arp_arpin</name>
         <load_address>0x207038</load_address>
         <run_address>0x207038</run_address>
         <size>0x12c</size>
         <input_file_ref idref="fl-8"/>
      </object_component>
      <object_component id="oc-4a2">
         <name>.text</name>
         <load_address>0x207164</load_address>
         <run_address>0x207164</run_address>
         <size>0x110</size>
         <input_file_ref idref="fl-4f"/>
      </object_component>
      <object_component id="oc-ff">
         <name>.text</name>
         <load_address>0x207274</load_address>
         <run_address>0x207274</run_address>
         <size>0x108</size>
         <input_file_ref idref="fl-16"/>
      </object_component>
      <object_component id="oc-381">
         <name>.text</name>
         <load_address>0x20737c</load_address>
         <run_address>0x20737c</run_address>
         <size>0xfc</size>
         <input_file_ref idref="fl-3d"/>
      </object_component>
      <object_component id="oc-165">
         <name>.text:EthernetProcessCMD</name>
         <load_address>0x207478</load_address>
         <run_address>0x207478</run_address>
         <size>0xf0</size>
         <input_file_ref idref="fl-2"/>
      </object_component>
      <object_component id="oc-46a">
         <name>.text</name>
         <load_address>0x207568</load_address>
         <run_address>0x207568</run_address>
         <size>0xdc</size>
         <input_file_ref idref="fl-58"/>
      </object_component>
      <object_component id="oc-289">
         <name>.text:Shared_Ram_dataWrite_m3</name>
         <load_address>0x207644</load_address>
         <run_address>0x207644</run_address>
         <size>0xd8</size>
         <input_file_ref idref="fl-2"/>
      </object_component>
      <object_component id="oc-18f">
         <name>.text:EthernetIntHandler</name>
         <load_address>0x20771c</load_address>
         <run_address>0x20771c</run_address>
         <size>0xd0</size>
         <input_file_ref idref="fl-2"/>
      </object_component>
      <object_component id="oc-171">
         <name>.text:EthernetPacketPutDMA</name>
         <load_address>0x2077ec</load_address>
         <run_address>0x2077ec</run_address>
         <size>0xc8</size>
         <input_file_ref idref="fl-2"/>
      </object_component>
      <object_component id="oc-516">
         <name>.text:parse_options</name>
         <load_address>0x2078b4</load_address>
         <run_address>0x2078b4</run_address>
         <size>0xc8</size>
         <input_file_ref idref="fl-6"/>
      </object_component>
      <object_component id="oc-35b">
         <name>.text</name>
         <load_address>0x20797c</load_address>
         <run_address>0x20797c</run_address>
         <size>0xc8</size>
         <input_file_ref idref="fl-55"/>
      </object_component>
      <object_component id="oc-562">
         <name>.text</name>
         <load_address>0x207a44</load_address>
         <run_address>0x207a44</run_address>
         <size>0xbe</size>
         <input_file_ref idref="fl-5b"/>
      </object_component>
      <object_component id="oc-4da">
         <name>.text</name>
         <load_address>0x207b02</load_address>
         <run_address>0x207b02</run_address>
         <size>0x2</size>
         <input_file_ref idref="fl-42"/>
      </object_component>
      <object_component id="oc-4ed">
         <name>.text:create_msg</name>
         <load_address>0x207b04</load_address>
         <run_address>0x207b04</run_address>
         <size>0xb0</size>
         <input_file_ref idref="fl-6"/>
      </object_component>
      <object_component id="oc-1da">
         <name>.text</name>
         <load_address>0x207bb4</load_address>
         <run_address>0x207bb4</run_address>
         <size>0xac</size>
         <input_file_ref idref="fl-1b"/>
      </object_component>
      <object_component id="oc-355">
         <name>.text</name>
         <load_address>0x207c60</load_address>
         <run_address>0x207c60</run_address>
         <size>0xac</size>
         <input_file_ref idref="fl-53"/>
      </object_component>
      <object_component id="oc-25d">
         <name>.text:uip_add32</name>
         <load_address>0x207d0c</load_address>
         <run_address>0x207d0c</run_address>
         <size>0xa8</size>
         <input_file_ref idref="fl-7"/>
      </object_component>
      <object_component id="oc-33b">
         <name>.text:chksum</name>
         <load_address>0x207db4</load_address>
         <run_address>0x207db4</run_address>
         <size>0xa6</size>
         <input_file_ref idref="fl-7"/>
      </object_component>
      <object_component id="oc-60">
         <name>.text</name>
         <load_address>0x207e5a</load_address>
         <run_address>0x207e5a</run_address>
         <size>0x9c</size>
         <input_file_ref idref="fl-27"/>
      </object_component>
      <object_component id="oc-135">
         <name>.text:uip_init</name>
         <load_address>0x207ef8</load_address>
         <run_address>0x207ef8</run_address>
         <size>0x9c</size>
         <input_file_ref idref="fl-7"/>
      </object_component>
      <object_component id="oc-5b3">
         <name>.text</name>
         <load_address>0x207f94</load_address>
         <run_address>0x207f94</run_address>
         <size>0x98</size>
         <input_file_ref idref="fl-5e"/>
      </object_component>
      <object_component id="oc-26d">
         <name>.text</name>
         <load_address>0x20802c</load_address>
         <run_address>0x20802c</run_address>
         <size>0x98</size>
         <input_file_ref idref="fl-3f"/>
      </object_component>
      <object_component id="oc-37c">
         <name>.text:__aeabi_cdcmple</name>
         <load_address>0x2080c4</load_address>
         <run_address>0x2080c4</run_address>
         <size>0x86</size>
         <input_file_ref idref="fl-3b"/>
      </object_component>
      <object_component id="oc-38b">
         <name>.text:__aeabi_cdrcmple</name>
         <load_address>0x20814a</load_address>
         <run_address>0x20814a</run_address>
         <size>0x86</size>
         <input_file_ref idref="fl-3b"/>
      </object_component>
      <object_component id="oc-79">
         <name>.text</name>
         <load_address>0x2081d0</load_address>
         <run_address>0x2081d0</run_address>
         <size>0x7a</size>
         <input_file_ref idref="fl-28"/>
      </object_component>
      <object_component id="oc-123">
         <name>.text</name>
         <load_address>0x20824c</load_address>
         <run_address>0x20824c</run_address>
         <size>0x78</size>
         <input_file_ref idref="fl-18"/>
      </object_component>
      <object_component id="oc-15f">
         <name>.text</name>
         <load_address>0x2082c4</load_address>
         <run_address>0x2082c4</run_address>
         <size>0x70</size>
         <input_file_ref idref="fl-2a"/>
      </object_component>
      <object_component id="oc-34c">
         <name>.text:upper_layer_chksum</name>
         <load_address>0x208334</load_address>
         <run_address>0x208334</run_address>
         <size>0x70</size>
         <input_file_ref idref="fl-7"/>
      </object_component>
      <object_component id="oc-8b">
         <name>.text</name>
         <load_address>0x2083a4</load_address>
         <run_address>0x2083a4</run_address>
         <size>0x6c</size>
         <input_file_ref idref="fl-35"/>
      </object_component>
      <object_component id="oc-198">
         <name>.text:uip_arp_timer</name>
         <load_address>0x208410</load_address>
         <run_address>0x208410</run_address>
         <size>0x6c</size>
         <input_file_ref idref="fl-8"/>
      </object_component>
      <object_component id="oc-6c">
         <name>.text</name>
         <load_address>0x20847c</load_address>
         <run_address>0x20847c</run_address>
         <size>0x6a</size>
         <input_file_ref idref="fl-21"/>
      </object_component>
      <object_component id="oc-44b">
         <name>.text:parse_msg</name>
         <load_address>0x2084e8</load_address>
         <run_address>0x2084e8</run_address>
         <size>0x68</size>
         <input_file_ref idref="fl-6"/>
      </object_component>
      <object_component id="oc-5c0">
         <name>.text</name>
         <load_address>0x208550</load_address>
         <run_address>0x208550</run_address>
         <size>0x68</size>
         <input_file_ref idref="fl-4c"/>
      </object_component>
      <object_component id="oc-49a">
         <name>.text</name>
         <load_address>0x2085b8</load_address>
         <run_address>0x2085b8</run_address>
         <size>0x66</size>
         <input_file_ref idref="fl-50"/>
      </object_component>
      <object_component id="oc-111">
         <name>.text:PinoutSet</name>
         <load_address>0x208620</load_address>
         <run_address>0x208620</run_address>
         <size>0x64</size>
         <input_file_ref idref="fl-4"/>
      </object_component>
      <object_component id="oc-464">
         <name>.text</name>
         <load_address>0x208684</load_address>
         <run_address>0x208684</run_address>
         <size>0x64</size>
         <input_file_ref idref="fl-56"/>
      </object_component>
      <object_component id="oc-457">
         <name>.text:dhcpc_configured</name>
         <load_address>0x2086e8</load_address>
         <run_address>0x2086e8</run_address>
         <size>0x58</size>
         <input_file_ref idref="fl-2"/>
      </object_component>
      <object_component id="oc-395">
         <name>.text</name>
         <load_address>0x208740</load_address>
         <run_address>0x208740</run_address>
         <size>0x56</size>
         <input_file_ref idref="fl-46"/>
      </object_component>
      <object_component id="oc-256">
         <name>.text:uip_add_rcv_nxt</name>
         <load_address>0x208798</load_address>
         <run_address>0x208798</run_address>
         <size>0x54</size>
         <input_file_ref idref="fl-7"/>
      </object_component>
      <object_component id="oc-227">
         <name>.text:uip_listen</name>
         <load_address>0x2087ec</load_address>
         <run_address>0x2087ec</run_address>
         <size>0x50</size>
         <input_file_ref idref="fl-7"/>
      </object_component>
      <object_component id="oc-3c3">
         <name>.text</name>
         <load_address>0x20883c</load_address>
         <run_address>0x20883c</run_address>
         <size>0x4c</size>
         <input_file_ref idref="fl-34"/>
      </object_component>
      <object_component id="oc-c4">
         <name>.text</name>
         <load_address>0x208888</load_address>
         <run_address>0x208888</run_address>
         <size>0x4c</size>
         <input_file_ref idref="fl-36"/>
      </object_component>
      <object_component id="oc-390">
         <name>.text</name>
         <load_address>0x2088d4</load_address>
         <run_address>0x2088d4</run_address>
         <size>0x48</size>
         <input_file_ref idref="fl-3e"/>
      </object_component>
      <object_component id="oc-427">
         <name>.text</name>
         <load_address>0x20891c</load_address>
         <run_address>0x20891c</run_address>
         <size>0x48</size>
         <input_file_ref idref="fl-24"/>
      </object_component>
      <object_component id="oc-451">
         <name>.text:send_request</name>
         <load_address>0x208964</load_address>
         <run_address>0x208964</run_address>
         <size>0x48</size>
         <input_file_ref idref="fl-6"/>
      </object_component>
      <object_component id="oc-3ab">
         <name>.text</name>
         <load_address>0x2089ac</load_address>
         <run_address>0x2089ac</run_address>
         <size>0x46</size>
         <input_file_ref idref="fl-44"/>
      </object_component>
      <object_component id="oc-13b">
         <name>.text:ShowIPAddress</name>
         <load_address>0x2089f4</load_address>
         <run_address>0x2089f4</run_address>
         <size>0x44</size>
         <input_file_ref idref="fl-2"/>
      </object_component>
      <object_component id="oc-97">
         <name>.text</name>
         <load_address>0x208a38</load_address>
         <run_address>0x208a38</run_address>
         <size>0x44</size>
         <input_file_ref idref="fl-23"/>
      </object_component>
      <object_component id="oc-60a">
         <name>.text</name>
         <load_address>0x208a7c</load_address>
         <run_address>0x208a7c</run_address>
         <size>0x40</size>
         <input_file_ref idref="fl-59"/>
      </object_component>
      <object_component id="oc-410">
         <name>.text</name>
         <load_address>0x208abc</load_address>
         <run_address>0x208abc</run_address>
         <size>0x40</size>
         <input_file_ref idref="fl-30"/>
      </object_component>
      <object_component id="oc-439">
         <name>.text:send_discover</name>
         <load_address>0x208afc</load_address>
         <run_address>0x208afc</run_address>
         <size>0x40</size>
         <input_file_ref idref="fl-6"/>
      </object_component>
      <object_component id="oc-4f9">
         <name>.text:add_req_options</name>
         <load_address>0x208b3c</load_address>
         <run_address>0x208b3c</run_address>
         <size>0x3e</size>
         <input_file_ref idref="fl-6"/>
      </object_component>
      <object_component id="oc-3c">
         <name>.text</name>
         <load_address>0x208b7c</load_address>
         <run_address>0x208b7c</run_address>
         <size>0x3c</size>
         <input_file_ref idref="fl-1f"/>
      </object_component>
      <object_component id="oc-3e4">
         <name>.text</name>
         <load_address>0x208bb8</load_address>
         <run_address>0x208bb8</run_address>
         <size>0x38</size>
         <input_file_ref idref="fl-25"/>
      </object_component>
      <object_component id="oc-316">
         <name>.text:uip_send</name>
         <load_address>0x208bf0</load_address>
         <run_address>0x208bf0</run_address>
         <size>0x38</size>
         <input_file_ref idref="fl-7"/>
      </object_component>
      <object_component id="oc-159">
         <name>.text:httpd_get_command</name>
         <load_address>0x208c28</load_address>
         <run_address>0x208c28</run_address>
         <size>0x34</size>
         <input_file_ref idref="fl-3"/>
      </object_component>
      <object_component id="oc-571">
         <name>.text</name>
         <load_address>0x208c5c</load_address>
         <run_address>0x208c5c</run_address>
         <size>0x34</size>
         <input_file_ref idref="fl-54"/>
      </object_component>
      <object_component id="oc-220">
         <name>.text:usprintf</name>
         <load_address>0x208c90</load_address>
         <run_address>0x208c90</run_address>
         <size>0x32</size>
         <input_file_ref idref="fl-b"/>
      </object_component>
      <object_component id="oc-4f3">
         <name>.text:add_msg_type</name>
         <load_address>0x208cc2</load_address>
         <run_address>0x208cc2</run_address>
         <size>0x30</size>
         <input_file_ref idref="fl-6"/>
      </object_component>
      <object_component id="oc-526">
         <name>.text:add_req_ipaddr</name>
         <load_address>0x208cf4</load_address>
         <run_address>0x208cf4</run_address>
         <size>0x30</size>
         <input_file_ref idref="fl-6"/>
      </object_component>
      <object_component id="oc-520">
         <name>.text:add_server_id</name>
         <load_address>0x208d24</load_address>
         <run_address>0x208d24</run_address>
         <size>0x30</size>
         <input_file_ref idref="fl-6"/>
      </object_component>
      <object_component id="oc-40a">
         <name>.text</name>
         <load_address>0x208d54</load_address>
         <run_address>0x208d54</run_address>
         <size>0x30</size>
         <input_file_ref idref="fl-2e"/>
      </object_component>
      <object_component id="oc-4a8">
         <name>.text</name>
         <load_address>0x208d84</load_address>
         <run_address>0x208d84</run_address>
         <size>0x30</size>
         <input_file_ref idref="fl-51"/>
      </object_component>
      <object_component id="oc-23f">
         <name>.text:uip_ipchksum</name>
         <load_address>0x208db4</load_address>
         <run_address>0x208db4</run_address>
         <size>0x30</size>
         <input_file_ref idref="fl-7"/>
      </object_component>
      <object_component id="oc-39b">
         <name>.text</name>
         <load_address>0x208de4</load_address>
         <run_address>0x208de4</run_address>
         <size>0x2e</size>
         <input_file_ref idref="fl-43"/>
      </object_component>
      <object_component id="oc-5e2">
         <name>.text</name>
         <load_address>0x208e12</load_address>
         <run_address>0x208e12</run_address>
         <size>0x2e</size>
         <input_file_ref idref="fl-57"/>
      </object_component>
      <object_component id="oc-183">
         <name>.text:SysTickIntHandler</name>
         <load_address>0x208e40</load_address>
         <run_address>0x208e40</run_address>
         <size>0x2c</size>
         <input_file_ref idref="fl-2"/>
      </object_component>
      <object_component id="oc-3b7">
         <name>.text</name>
         <load_address>0x208e6c</load_address>
         <run_address>0x208e6c</run_address>
         <size>0x2a</size>
         <input_file_ref idref="fl-4e"/>
      </object_component>
      <object_component id="oc-3a5">
         <name>.text</name>
         <load_address>0x208e96</load_address>
         <run_address>0x208e96</run_address>
         <size>0x22</size>
         <input_file_ref idref="fl-41"/>
      </object_component>
      <object_component id="oc-510">
         <name>.text</name>
         <load_address>0x208eb8</load_address>
         <run_address>0x208eb8</run_address>
         <size>0x22</size>
         <input_file_ref idref="fl-26"/>
      </object_component>
      <object_component id="oc-36f">
         <name>.text</name>
         <load_address>0x208eda</load_address>
         <run_address>0x208eda</run_address>
         <size>0x20</size>
         <input_file_ref idref="fl-48"/>
      </object_component>
      <object_component id="oc-445">
         <name>.text:timer_expired</name>
         <load_address>0x208efa</load_address>
         <run_address>0x208efa</run_address>
         <size>0x1e</size>
         <input_file_ref idref="fl-9"/>
      </object_component>
      <object_component id="oc-341">
         <name>.text:htons</name>
         <load_address>0x208f18</load_address>
         <run_address>0x208f18</run_address>
         <size>0x1c</size>
         <input_file_ref idref="fl-7"/>
      </object_component>
      <object_component id="oc-3bd">
         <name>.text</name>
         <load_address>0x208f34</load_address>
         <run_address>0x208f34</run_address>
         <size>0x1a</size>
         <input_file_ref idref="fl-47"/>
      </object_component>
      <object_component id="oc-91">
         <name>.text</name>
         <load_address>0x208f50</load_address>
         <run_address>0x208f50</run_address>
         <size>0x18</size>
         <input_file_ref idref="fl-33"/>
      </object_component>
      <object_component id="oc-477">
         <name>.text</name>
         <load_address>0x208f68</load_address>
         <run_address>0x208f68</run_address>
         <size>0x18</size>
         <input_file_ref idref="fl-4a"/>
      </object_component>
      <object_component id="oc-4ff">
         <name>.text:add_end</name>
         <load_address>0x208f80</load_address>
         <run_address>0x208f80</run_address>
         <size>0x16</size>
         <input_file_ref idref="fl-6"/>
      </object_component>
      <object_component id="oc-3b1">
         <name>.text</name>
         <load_address>0x208f96</load_address>
         <run_address>0x208f96</run_address>
         <size>0x16</size>
         <input_file_ref idref="fl-49"/>
      </object_component>
      <object_component id="oc-5c6">
         <name>.text</name>
         <load_address>0x208fac</load_address>
         <run_address>0x208fac</run_address>
         <size>0x16</size>
         <input_file_ref idref="fl-5a"/>
      </object_component>
      <object_component id="oc-43f">
         <name>.text:timer_set</name>
         <load_address>0x208fc2</load_address>
         <run_address>0x208fc2</run_address>
         <size>0x16</size>
         <input_file_ref idref="fl-9"/>
      </object_component>
      <object_component id="oc-1ba">
         <name>.text</name>
         <load_address>0x208fd8</load_address>
         <run_address>0x208fd8</run_address>
         <size>0x14</size>
         <input_file_ref idref="fl-31"/>
      </object_component>
      <object_component id="oc-369">
         <name>.text</name>
         <load_address>0x208fec</load_address>
         <run_address>0x208fec</run_address>
         <size>0x14</size>
         <input_file_ref idref="fl-2c"/>
      </object_component>
      <object_component id="oc-2a">
         <name>.text:decompress:none</name>
         <load_address>0x209000</load_address>
         <run_address>0x209000</run_address>
         <size>0xe</size>
         <input_file_ref idref="fl-20"/>
      </object_component>
      <object_component id="oc-208">
         <name>.text:CPUcpsid</name>
         <load_address>0x20900e</load_address>
         <run_address>0x20900e</run_address>
         <size>0xc</size>
         <input_file_ref idref="fl-1c"/>
      </object_component>
      <object_component id="oc-201">
         <name>.text:CPUcpsie</name>
         <load_address>0x20901a</load_address>
         <run_address>0x20901a</run_address>
         <size>0xc</size>
         <input_file_ref idref="fl-1c"/>
      </object_component>
      <object_component id="oc-507">
         <name>.text:clock_time</name>
         <load_address>0x209028</load_address>
         <run_address>0x209028</run_address>
         <size>0xc</size>
         <input_file_ref idref="fl-2"/>
      </object_component>
      <object_component id="oc-36">
         <name>.text:decompress:ZI</name>
         <load_address>0x209034</load_address>
         <run_address>0x209034</run_address>
         <size>0xc</size>
         <input_file_ref idref="fl-22"/>
      </object_component>
      <object_component id="oc-147">
         <name>.text:httpd_clear_command</name>
         <load_address>0x209040</load_address>
         <run_address>0x209040</run_address>
         <size>0xc</size>
         <input_file_ref idref="fl-3"/>
      </object_component>
      <object_component id="oc-141">
         <name>.text:httpd_init</name>
         <load_address>0x20904c</load_address>
         <run_address>0x20904c</run_address>
         <size>0xc</size>
         <input_file_ref idref="fl-3"/>
      </object_component>
      <object_component id="oc-250">
         <name>.text:uip_tcpchksum</name>
         <load_address>0x209058</load_address>
         <run_address>0x209058</run_address>
         <size>0xa</size>
         <input_file_ref idref="fl-7"/>
      </object_component>
      <object_component id="oc-239">
         <name>.text:dhcpc_appcall</name>
         <load_address>0x209062</load_address>
         <run_address>0x209062</run_address>
         <size>0x8</size>
         <input_file_ref idref="fl-6"/>
      </object_component>
      <object_component id="oc-1d6">
         <name>.text:SysCtlDelay</name>
         <load_address>0x20906c</load_address>
         <run_address>0x20906c</run_address>
         <size>0x6</size>
         <input_file_ref idref="fl-17"/>
      </object_component>
      <object_component id="oc-30">
         <name>.text:decompress:rle24</name>
         <load_address>0x209072</load_address>
         <run_address>0x209072</run_address>
         <size>0x6</size>
         <input_file_ref idref="fl-21"/>
      </object_component>
      <object_component id="oc-421">
         <name>.text</name>
         <load_address>0x209078</load_address>
         <run_address>0x209078</run_address>
         <size>0x6</size>
         <input_file_ref idref="fl-1e"/>
      </object_component>
      <object_component id="oc-1cf">
         <name>.text:CPUwfi</name>
         <load_address>0x20907e</load_address>
         <run_address>0x20907e</run_address>
         <size>0x4</size>
         <input_file_ref idref="fl-1c"/>
      </object_component>
      <object_component id="oc-85">
         <name>.text</name>
         <load_address>0x209082</load_address>
         <run_address>0x209082</run_address>
         <size>0x4</size>
         <input_file_ref idref="fl-29"/>
      </object_component>
      <object_component id="oc-675">
         <name>.tramp.FlashInit.1</name>
         <load_address>0x209088</load_address>
         <run_address>0x209088</run_address>
         <size>0x8</size>
         <input_file_ref idref="fl-12"/>
      </object_component>
      <object_component id="oc-326">
         <name>.const:.string:default_page_buf1of3</name>
         <load_address>0x209090</load_address>
         <run_address>0x209090</run_address>
         <size>0x365</size>
         <input_file_ref idref="fl-3"/>
      </object_component>
      <object_component id="oc-32c">
         <name>.const:.string:default_page_buf2of3</name>
         <load_address>0x2093f5</load_address>
         <run_address>0x2093f5</run_address>
         <size>0x2f1</size>
         <input_file_ref idref="fl-3"/>
      </object_component>
      <object_component id="oc-329">
         <name>.const:.string:page_not_found</name>
         <load_address>0x2096e6</load_address>
         <run_address>0x2096e6</run_address>
         <size>0x115</size>
         <input_file_ref idref="fl-3"/>
      </object_component>
      <object_component id="oc-4b6">
         <name>.const:.string:_ctypes_</name>
         <load_address>0x2097fb</load_address>
         <run_address>0x2097fb</run_address>
         <size>0x101</size>
         <input_file_ref idref="fl-37"/>
      </object_component>
      <object_component id="oc-58b">
         <name>.const</name>
         <load_address>0x209900</load_address>
         <run_address>0x209900</run_address>
         <size>0x98</size>
         <input_file_ref idref="fl-2f"/>
      </object_component>
      <object_component id="oc-1f8">
         <name>.const:g_pulGPIOBaseAddrs</name>
         <load_address>0x209998</load_address>
         <run_address>0x209998</run_address>
         <size>0x88</size>
         <input_file_ref idref="fl-13"/>
      </object_component>
      <object_component id="oc-215">
         <name>.const:g_pulRegs</name>
         <load_address>0x209a20</load_address>
         <run_address>0x209a20</run_address>
         <size>0x70</size>
         <input_file_ref idref="fl-14"/>
      </object_component>
      <object_component id="oc-32f">
         <name>.const:.string:default_page_buf3of3</name>
         <load_address>0x209a90</load_address>
         <run_address>0x209a90</run_address>
         <size>0x67</size>
         <input_file_ref idref="fl-3"/>
      </object_component>
      <object_component id="oc-1d7">
         <name>.const</name>
         <load_address>0x209af8</load_address>
         <run_address>0x209af8</run_address>
         <size>0x64</size>
         <input_file_ref idref="fl-17"/>
      </object_component>
      <object_component id="oc-212">
         <name>.const</name>
         <load_address>0x209b5c</load_address>
         <run_address>0x209b5c</run_address>
         <size>0x20</size>
         <input_file_ref idref="fl-14"/>
      </object_component>
      <object_component id="oc-415">
         <name>.const</name>
         <load_address>0x209b7c</load_address>
         <run_address>0x209b7c</run_address>
         <size>0x1c</size>
         <input_file_ref idref="fl-b"/>
      </object_component>
      <object_component id="oc-4e1">
         <name>.const:.string</name>
         <load_address>0x209b98</load_address>
         <run_address>0x209b98</run_address>
         <size>0x12</size>
         <input_file_ref idref="fl-b"/>
      </object_component>
      <object_component id="oc-29a">
         <name>.const</name>
         <load_address>0x209baa</load_address>
         <run_address>0x209baa</run_address>
         <size>0xa</size>
         <input_file_ref idref="fl-8"/>
      </object_component>
      <object_component id="oc-51c">
         <name>.const:.string</name>
         <load_address>0x209bb4</load_address>
         <run_address>0x209bb4</run_address>
         <size>0x8</size>
         <input_file_ref idref="fl-6"/>
      </object_component>
      <object_component id="oc-24d">
         <name>.const</name>
         <load_address>0x209bbc</load_address>
         <run_address>0x209bbc</run_address>
         <size>0x8</size>
         <input_file_ref idref="fl-7"/>
      </object_component>
      <object_component id="oc-670">
         <name>.cinit..data.load</name>
         <load_address>0x209c88</load_address>
         <run_address>0x209c88</run_address>
         <size>0xb3</size>
      </object_component>
      <object_component id="oc-66d">
         <name>__TI_handler_table</name>
         <load_address>0x209d3c</load_address>
         <run_address>0x209d3c</run_address>
         <size>0xc</size>
      </object_component>
      <object_component id="oc-67a">
         <name>.cinit..bss.1.load</name>
         <load_address>0x209d48</load_address>
         <run_address>0x209d48</run_address>
         <size>0x8</size>
      </object_component>
      <object_component id="oc-67b">
         <name>.cinit..bss.2.load</name>
         <load_address>0x209d50</load_address>
         <run_address>0x209d50</run_address>
         <size>0x8</size>
      </object_component>
      <object_component id="oc-66f">
         <name>.cinit..vtable.load</name>
         <load_address>0x209d58</load_address>
         <run_address>0x209d58</run_address>
         <size>0x8</size>
      </object_component>
      <object_component id="oc-672">
         <name>.cinit.SHARERAMS2.load</name>
         <load_address>0x209d60</load_address>
         <run_address>0x209d60</run_address>
         <size>0x8</size>
      </object_component>
      <object_component id="oc-66e">
         <name>__TI_cinit_table</name>
         <load_address>0x209d68</load_address>
         <run_address>0x209d68</run_address>
         <size>0x28</size>
      </object_component>
      <object_component id="oc-20f">
         <name>.vtable</name>
         <uninitialized>true</uninitialized>
         <run_address>0x20000000</run_address>
         <size>0x258</size>
         <input_file_ref idref="fl-14"/>
      </object_component>
      <object_component id="oc-42">
         <name>.sysmem</name>
         <uninitialized>true</uninitialized>
         <run_address>0x20000318</run_address>
         <size>0x8</size>
         <input_file_ref idref="fl-5d"/>
      </object_component>
      <object_component id="oc-674">
         <name>.sysmem</name>
         <uninitialized>true</uninitialized>
         <run_address>0x20000318</run_address>
         <size>0x0</size>
      </object_component>
      <object_component id="oc-41">
         <name>.stack</name>
         <uninitialized>true</uninitialized>
         <run_address>0x20005880</run_address>
         <size>0x0</size>
         <input_file_ref idref="fl-1f"/>
      </object_component>
      <object_component id="oc-673">
         <name>.stack</name>
         <uninitialized>true</uninitialized>
         <run_address>0x20005880</run_address>
         <size>0x0</size>
      </object_component>
      <object_component id="oc-63b">
         <name>.TI.crctab:AppCrc</name>
         <load_address>0x260000</load_address>
         <run_address>0x260000</run_address>
         <size>0x68</size>
      </object_component>
      <object_component id="oc-10b">
         <name>ramfuncs</name>
         <load_address>0x209bc8</load_address>
         <run_address>0x20000258</run_address>
         <size>0xbc</size>
         <input_file_ref idref="fl-12"/>
      </object_component>
      <object_component id="oc-3e9">
         <name>SHARERAMS2</name>
         <uninitialized>true</uninitialized>
         <run_address>0x2000c000</run_address>
         <size>0x2000</size>
         <input_file_ref idref="fl-2"/>
      </object_component>
      <object_component id="oc-17d">
         <name>.bss:ucUIPBuffer</name>
         <uninitialized>true</uninitialized>
         <run_address>0x20004c00</run_address>
         <size>0x644</size>
         <input_file_ref idref="fl-2"/>
      </object_component>
      <object_component id="oc-5ff">
         <name>.bss:__CIOBUF_</name>
         <uninitialized>true</uninitialized>
         <run_address>0x20005244</run_address>
         <size>0x120</size>
         <input_file_ref idref="fl-4c"/>
      </object_component>
      <object_component id="oc-1aa">
         <name>.bss:uip_udp_conns</name>
         <uninitialized>true</uninitialized>
         <run_address>0x20005364</run_address>
         <size>0x100</size>
         <input_file_ref idref="fl-7"/>
      </object_component>
      <object_component id="oc-5f8">
         <name>.bss:__TI_tmpnams</name>
         <uninitialized>true</uninitialized>
         <run_address>0x20005464</run_address>
         <size>0xa0</size>
         <input_file_ref idref="fl-38"/>
      </object_component>
      <object_component id="oc-2a2">
         <name>.bss:arp_table</name>
         <uninitialized>true</uninitialized>
         <run_address>0x20005504</run_address>
         <size>0x60</size>
         <input_file_ref idref="fl-8"/>
      </object_component>
      <object_component id="oc-1a6">
         <name>.bss:uip_conns</name>
         <uninitialized>true</uninitialized>
         <run_address>0x20005564</run_address>
         <size>0x40</size>
         <input_file_ref idref="fl-7"/>
      </object_component>
      <object_component id="oc-45d">
         <name>.bss:s</name>
         <uninitialized>true</uninitialized>
         <run_address>0x200055a4</run_address>
         <size>0x34</size>
         <input_file_ref idref="fl-6"/>
      </object_component>
      <object_component id="oc-24a">
         <name>.bss:uip_stat</name>
         <uninitialized>true</uninitialized>
         <run_address>0x200055d8</run_address>
         <size>0x34</size>
         <input_file_ref idref="fl-7"/>
      </object_component>
      <object_component id="oc-2a7">
         <name>.common:buffer</name>
         <uninitialized>true</uninitialized>
         <run_address>0x2000560c</run_address>
         <size>0x8</size>
      </object_component>
      <object_component id="oc-5cc">
         <name>.common:parmbuf</name>
         <uninitialized>true</uninitialized>
         <run_address>0x20005614</run_address>
         <size>0x8</size>
      </object_component>
      <object_component id="oc-332">
         <name>.common:response_to_client</name>
         <uninitialized>true</uninitialized>
         <run_address>0x2000561c</run_address>
         <size>0x8</size>
      </object_component>
      <object_component id="oc-21d">
         <name>.common:uip_listenports</name>
         <uninitialized>true</uninitialized>
         <run_address>0x20005624</run_address>
         <size>0x8</size>
      </object_component>
      <object_component id="oc-42c">
         <name>.common:url_data</name>
         <uninitialized>true</uninitialized>
         <run_address>0x2000562c</run_address>
         <size>0x8</size>
      </object_component>
      <object_component id="oc-19f">
         <name>.common:sTempAddr$1</name>
         <uninitialized>true</uninitialized>
         <run_address>0x20005634</run_address>
         <size>0x6</size>
      </object_component>
      <object_component id="oc-265">
         <name>.common:ipid</name>
         <uninitialized>true</uninitialized>
         <run_address>0x2000563a</run_address>
         <size>0x2</size>
      </object_component>
      <object_component id="oc-22e">
         <name>.common:command</name>
         <uninitialized>true</uninitialized>
         <run_address>0x2000563c</run_address>
         <size>0x4</size>
      </object_component>
      <object_component id="oc-295">
         <name>.common:degree_cmd</name>
         <uninitialized>true</uninitialized>
         <run_address>0x20005640</run_address>
         <size>0x4</size>
      </object_component>
      <object_component id="oc-1a3">
         <name>.common:g_ulFlags</name>
         <uninitialized>true</uninitialized>
         <run_address>0x20005644</run_address>
         <size>0x4</size>
      </object_component>
      <object_component id="oc-293">
         <name>.common:grip_cmd</name>
         <uninitialized>true</uninitialized>
         <run_address>0x20005648</run_address>
         <size>0x4</size>
      </object_component>
      <object_component id="oc-322">
         <name>.common:hs</name>
         <uninitialized>true</uninitialized>
         <run_address>0x2000564c</run_address>
         <size>0x4</size>
      </object_component>
      <object_component id="oc-298">
         <name>.common:inverse_the_cmd</name>
         <uninitialized>true</uninitialized>
         <run_address>0x20005650</run_address>
         <size>0x4</size>
      </object_component>
      <object_component id="oc-296">
         <name>.common:inverse_x_cmd</name>
         <uninitialized>true</uninitialized>
         <run_address>0x20005654</run_address>
         <size>0x4</size>
      </object_component>
      <object_component id="oc-297">
         <name>.common:inverse_y_cmd</name>
         <uninitialized>true</uninitialized>
         <run_address>0x20005658</run_address>
         <size>0x4</size>
      </object_component>
      <object_component id="oc-29d">
         <name>.common:ipaddr</name>
         <uninitialized>true</uninitialized>
         <run_address>0x2000565c</run_address>
         <size>0x4</size>
      </object_component>
      <object_component id="oc-248">
         <name>.common:iss</name>
         <uninitialized>true</uninitialized>
         <run_address>0x20005660</run_address>
         <size>0x4</size>
      </object_component>
      <object_component id="oc-291">
         <name>.common:left_cmd</name>
         <uninitialized>true</uninitialized>
         <run_address>0x20005664</run_address>
         <size>0x4</size>
      </object_component>
      <object_component id="oc-294">
         <name>.common:magnitude_cmd</name>
         <uninitialized>true</uninitialized>
         <run_address>0x20005668</run_address>
         <size>0x4</size>
      </object_component>
      <object_component id="oc-290">
         <name>.common:omega_cmd</name>
         <uninitialized>true</uninitialized>
         <run_address>0x2000566c</run_address>
         <size>0x4</size>
      </object_component>
      <object_component id="oc-292">
         <name>.common:right_cmd</name>
         <uninitialized>true</uninitialized>
         <run_address>0x20005670</run_address>
         <size>0x4</size>
      </object_component>
      <object_component id="oc-42d">
         <name>.common:selected</name>
         <uninitialized>true</uninitialized>
         <run_address>0x20005674</run_address>
         <size>0x4</size>
      </object_component>
      <object_component id="oc-264">
         <name>.common:uip_acc32</name>
         <uninitialized>true</uninitialized>
         <run_address>0x20005678</run_address>
         <size>0x4</size>
      </object_component>
      <object_component id="oc-246">
         <name>.common:uip_appdata</name>
         <uninitialized>true</uninitialized>
         <run_address>0x2000567c</run_address>
         <size>0x4</size>
      </object_component>
      <object_component id="oc-17a">
         <name>.common:uip_buf</name>
         <uninitialized>true</uninitialized>
         <run_address>0x20005680</run_address>
         <size>0x4</size>
      </object_component>
      <object_component id="oc-1a5">
         <name>.common:uip_conn</name>
         <uninitialized>true</uninitialized>
         <run_address>0x20005684</run_address>
         <size>0x4</size>
      </object_component>
      <object_component id="oc-2a0">
         <name>.common:uip_draddr</name>
         <uninitialized>true</uninitialized>
         <run_address>0x20005688</run_address>
         <size>0x4</size>
      </object_component>
      <object_component id="oc-195">
         <name>.common:uip_hostaddr</name>
         <uninitialized>true</uninitialized>
         <run_address>0x2000568c</run_address>
         <size>0x4</size>
      </object_component>
      <object_component id="oc-19e">
         <name>.common:uip_netmask</name>
         <uninitialized>true</uninitialized>
         <run_address>0x20005690</run_address>
         <size>0x4</size>
      </object_component>
      <object_component id="oc-245">
         <name>.common:uip_sappdata</name>
         <uninitialized>true</uninitialized>
         <run_address>0x20005694</run_address>
         <size>0x4</size>
      </object_component>
      <object_component id="oc-1a9">
         <name>.common:uip_udp_conn</name>
         <uninitialized>true</uninitialized>
         <run_address>0x20005698</run_address>
         <size>0x4</size>
      </object_component>
      <object_component id="oc-28f">
         <name>.common:velocity_cmd</name>
         <uninitialized>true</uninitialized>
         <run_address>0x2000569c</run_address>
         <size>0x4</size>
      </object_component>
      <object_component id="oc-21e">
         <name>.common:lastport</name>
         <uninitialized>true</uninitialized>
         <run_address>0x200056a0</run_address>
         <size>0x2</size>
      </object_component>
      <object_component id="oc-25c">
         <name>.common:tmp16</name>
         <uninitialized>true</uninitialized>
         <run_address>0x200056a2</run_address>
         <size>0x2</size>
      </object_component>
      <object_component id="oc-1a4">
         <name>.common:uip_len</name>
         <uninitialized>true</uninitialized>
         <run_address>0x200056a4</run_address>
         <size>0x2</size>
      </object_component>
      <object_component id="oc-249">
         <name>.common:uip_slen</name>
         <uninitialized>true</uninitialized>
         <run_address>0x200056a6</run_address>
         <size>0x2</size>
      </object_component>
      <object_component id="oc-2cf">
         <name>.common:arptime</name>
         <uninitialized>true</uninitialized>
         <run_address>0x200056a8</run_address>
         <size>0x1</size>
      </object_component>
      <object_component id="oc-21c">
         <name>.common:c</name>
         <uninitialized>true</uninitialized>
         <run_address>0x200056a9</run_address>
         <size>0x1</size>
      </object_component>
      <object_component id="oc-403">
         <name>.common:c</name>
         <uninitialized>true</uninitialized>
         <run_address>0x200056aa</run_address>
         <size>0x1</size>
      </object_component>
      <object_component id="oc-2a1">
         <name>.common:i</name>
         <uninitialized>true</uninitialized>
         <run_address>0x200056ab</run_address>
         <size>0x1</size>
      </object_component>
      <object_component id="oc-263">
         <name>.common:opt</name>
         <uninitialized>true</uninitialized>
         <run_address>0x200056ac</run_address>
         <size>0x1</size>
      </object_component>
      <object_component id="oc-402">
         <name>.common:tmpage</name>
         <uninitialized>true</uninitialized>
         <run_address>0x200056ad</run_address>
         <size>0x1</size>
      </object_component>
      <object_component id="oc-247">
         <name>.common:uip_flags</name>
         <uninitialized>true</uninitialized>
         <run_address>0x200056ae</run_address>
         <size>0x1</size>
      </object_component>
      <object_component id="oc-180">
         <name>.bss:g_sDMAControlTable</name>
         <uninitialized>true</uninitialized>
         <run_address>0x20005800</run_address>
         <size>0x80</size>
         <input_file_ref idref="fl-2"/>
      </object_component>
      <object_component id="oc-177">
         <name>.data</name>
         <load_address>0x20005f70</load_address>
         <run_address>0x20005f70</run_address>
         <size>0x14</size>
         <input_file_ref idref="fl-2"/>
      </object_component>
      <object_component id="oc-323">
         <name>.data</name>
         <load_address>0x20005fb8</load_address>
         <run_address>0x20005fb8</run_address>
         <size>0x6</size>
         <input_file_ref idref="fl-3"/>
      </object_component>
      <object_component id="oc-1a0">
         <name>.data</name>
         <load_address>0x20005fbe</load_address>
         <run_address>0x20005fbe</run_address>
         <size>0x6</size>
         <input_file_ref idref="fl-7"/>
      </object_component>
      <object_component id="oc-d7">
         <name>.data</name>
         <load_address>0x20005fa8</load_address>
         <run_address>0x20005fa8</run_address>
         <size>0x8</size>
         <input_file_ref idref="fl-23"/>
      </object_component>
      <object_component id="oc-9d">
         <name>.data</name>
         <load_address>0x20005fcc</load_address>
         <run_address>0x20005fcc</run_address>
         <size>0x4</size>
         <input_file_ref idref="fl-2b"/>
      </object_component>
      <object_component id="oc-d4">
         <name>.data</name>
         <load_address>0x20005fa0</load_address>
         <run_address>0x20005fa0</run_address>
         <size>0x8</size>
         <input_file_ref idref="fl-31"/>
      </object_component>
      <object_component id="oc-27f">
         <name>.data:_ftable</name>
         <load_address>0x20005c80</load_address>
         <run_address>0x20005c80</run_address>
         <size>0xf0</size>
         <input_file_ref idref="fl-38"/>
      </object_component>
      <object_component id="oc-472">
         <name>.data</name>
         <load_address>0x20005f84</load_address>
         <run_address>0x20005f84</run_address>
         <size>0x10</size>
         <input_file_ref idref="fl-38"/>
      </object_component>
      <object_component id="oc-577">
         <name>.data</name>
         <load_address>0x20005fc4</load_address>
         <run_address>0x20005fc4</run_address>
         <size>0x4</size>
         <input_file_ref idref="fl-39"/>
      </object_component>
      <object_component id="oc-47d">
         <name>.data</name>
         <load_address>0x20005d70</load_address>
         <run_address>0x20005d70</run_address>
         <size>0xd0</size>
         <input_file_ref idref="fl-45"/>
      </object_component>
      <object_component id="oc-56c">
         <name>.data</name>
         <load_address>0x20005ef0</load_address>
         <run_address>0x20005ef0</run_address>
         <size>0x80</size>
         <input_file_ref idref="fl-52"/>
      </object_component>
      <object_component id="oc-5e8">
         <name>.data</name>
         <load_address>0x20005fb0</load_address>
         <run_address>0x20005fb0</run_address>
         <size>0x8</size>
         <input_file_ref idref="fl-54"/>
      </object_component>
      <object_component id="oc-625">
         <name>.data:sigtable</name>
         <load_address>0x20005e40</load_address>
         <run_address>0x20005e40</run_address>
         <size>0xb0</size>
         <input_file_ref idref="fl-59"/>
      </object_component>
      <object_component id="oc-5b9">
         <name>.data</name>
         <load_address>0x20005fc8</load_address>
         <run_address>0x20005fc8</run_address>
         <size>0x4</size>
         <input_file_ref idref="fl-5c"/>
      </object_component>
      <object_component id="oc-5af">
         <name>.data</name>
         <load_address>0x20005f94</load_address>
         <run_address>0x20005f94</run_address>
         <size>0xc</size>
         <input_file_ref idref="fl-5d"/>
      </object_component>
      <object_component id="oc-17b">
         <name>.debug_info</name>
         <load_address>0x0</load_address>
         <run_address>0x0</run_address>
         <size>0xfa2</size>
         <input_file_ref idref="fl-2"/>
      </object_component>
      <object_component id="oc-3ea">
         <name>.debug_info</name>
         <load_address>0xfa2</load_address>
         <run_address>0xfa2</run_address>
         <size>0x15b</size>
         <input_file_ref idref="fl-2"/>
      </object_component>
      <object_component id="oc-17e">
         <name>.debug_info</name>
         <load_address>0x10fd</load_address>
         <run_address>0x10fd</run_address>
         <size>0x159</size>
         <input_file_ref idref="fl-2"/>
      </object_component>
      <object_component id="oc-178">
         <name>.debug_info</name>
         <load_address>0x1256</load_address>
         <run_address>0x1256</run_address>
         <size>0x1c9</size>
         <input_file_ref idref="fl-2"/>
      </object_component>
      <object_component id="oc-181">
         <name>.debug_info</name>
         <load_address>0x141f</load_address>
         <run_address>0x141f</run_address>
         <size>0x167</size>
         <input_file_ref idref="fl-2"/>
      </object_component>
      <object_component id="oc-184">
         <name>.debug_info</name>
         <load_address>0x1586</load_address>
         <run_address>0x1586</run_address>
         <size>0x23a</size>
         <input_file_ref idref="fl-2"/>
      </object_component>
      <object_component id="oc-13c">
         <name>.debug_info</name>
         <load_address>0x17c0</load_address>
         <run_address>0x17c0</run_address>
         <size>0x28a</size>
         <input_file_ref idref="fl-2"/>
      </object_component>
      <object_component id="oc-508">
         <name>.debug_info</name>
         <load_address>0x1a4a</load_address>
         <run_address>0x1a4a</run_address>
         <size>0x230</size>
         <input_file_ref idref="fl-2"/>
      </object_component>
      <object_component id="oc-190">
         <name>.debug_info</name>
         <load_address>0x1c7a</load_address>
         <run_address>0x1c7a</run_address>
         <size>0x2cc</size>
         <input_file_ref idref="fl-2"/>
      </object_component>
      <object_component id="oc-458">
         <name>.debug_info</name>
         <load_address>0x1f46</load_address>
         <run_address>0x1f46</run_address>
         <size>0x263</size>
         <input_file_ref idref="fl-2"/>
      </object_component>
      <object_component id="oc-14e">
         <name>.debug_info</name>
         <load_address>0x21a9</load_address>
         <run_address>0x21a9</run_address>
         <size>0x3ea</size>
         <input_file_ref idref="fl-2"/>
      </object_component>
      <object_component id="oc-172">
         <name>.debug_info</name>
         <load_address>0x2593</load_address>
         <run_address>0x2593</run_address>
         <size>0x35d</size>
         <input_file_ref idref="fl-2"/>
      </object_component>
      <object_component id="oc-166">
         <name>.debug_info</name>
         <load_address>0x28f0</load_address>
[...]
         <value>0x208bb9</value>
         <object_component_ref idref="oc-3e4"/>
      </symbol>
      <symbol id="sm-b77">
         <name>memcmp</name>
         <value>0x208eb9</value>
         <object_component_ref idref="oc-510"/>
      </symbol>
      <symbol id="sm-b92">
         <name>memcpy</name>
         <value>0x207e5b</value>
         <object_component_ref idref="oc-60"/>
      </symbol>
      <symbol id="sm-b93">
         <name>__aeabi_memcpy</name>
         <value>0x207e5b</value>
         <object_component_ref idref="oc-60"/>
      </symbol>
      <symbol id="sm-b94">
         <name>__aeabi_memcpy8</name>
         <value>0x207e5b</value>
         <object_component_ref idref="oc-60"/>
      </symbol>
      <symbol id="sm-b95">
         <name>__aeabi_memcpy4</name>
         <value>0x207e5b</value>
         <object_component_ref idref="oc-60"/>
      </symbol>
      <symbol id="sm-ba4">
         <name>__aeabi_memset</name>
         <value>0x2081d3</value>
         <object_component_ref idref="oc-79"/>
      </symbol>
      <symbol id="sm-ba5">
         <name>memset</name>
         <value>0x2081d9</value>
         <object_component_ref idref="oc-79"/>
      </symbol>
      <symbol id="sm-ba6">
         <name>__aeabi_memset8</name>
         <value>0x2081d3</value>
         <object_component_ref idref="oc-79"/>
      </symbol>
      <symbol id="sm-ba7">
         <name>__aeabi_memset4</name>
         <value>0x2081d3</value>
         <object_component_ref idref="oc-79"/>
      </symbol>
      <symbol id="sm-ba8">
         <name>__aeabi_memclr8</name>
         <value>0x2081d1</value>
         <object_component_ref idref="oc-79"/>
      </symbol>
      <symbol id="sm-ba9">
         <name>__aeabi_memclr4</name>
         <value>0x2081d1</value>
         <object_component_ref idref="oc-79"/>
      </symbol>
      <symbol id="sm-baa">
         <name>__aeabi_memclr</name>
         <value>0x2081d1</value>
         <object_component_ref idref="oc-79"/>
      </symbol>
      <symbol id="sm-bb4">
         <name>_system_pre_init</name>
         <value>0x209083</value>
         <object_component_ref idref="oc-85"/>
      </symbol>
      <symbol id="sm-bd2">
         <name>printf</name>
         <value>0x2082cd</value>
         <object_component_ref idref="oc-15f"/>
      </symbol>
      <symbol id="sm-bda">
         <name>main_func_sp</name>
         <value>0x20005fcc</value>
         <object_component_ref idref="oc-9d"/>
      </symbol>
      <symbol id="sm-be8">
         <name>strlen</name>
         <value>0x208fed</value>
         <object_component_ref idref="oc-369"/>
      </symbol>
      <symbol id="sm-bf9">
         <name>strncpy</name>
         <value>0x208d55</value>
         <object_component_ref idref="oc-40a"/>
      </symbol>
      <symbol id="sm-c38">
         <name>strtold</name>
         <value>0x205c69</value>
         <object_component_ref idref="oc-4e4"/>
      </symbol>
      <symbol id="sm-c39">
         <name>strtod</name>
         <value>0x205c69</value>
         <object_component_ref idref="oc-4e4"/>
      </symbol>
      <symbol id="sm-c4b">
         <name>__aeabi_uidivmod</name>
         <value>0x208abd</value>
         <object_component_ref idref="oc-410"/>
      </symbol>
      <symbol id="sm-c4c">
         <name>__aeabi_uidiv</name>
         <value>0x208abd</value>
         <object_component_ref idref="oc-410"/>
      </symbol>
      <symbol id="sm-c65">
         <name>_nop</name>
         <value>0x208fe7</value>
         <object_component_ref idref="oc-1ba"/>
      </symbol>
      <symbol id="sm-c66">
         <name>_lock</name>
         <value>0x20005fa0</value>
         <object_component_ref idref="oc-d4"/>
      </symbol>
      <symbol id="sm-c67">
         <name>_unlock</name>
         <value>0x20005fa4</value>
         <object_component_ref idref="oc-d4"/>
      </symbol>
      <symbol id="sm-c68">
         <name>_register_lock</name>
         <value>0x208fdf</value>
         <object_component_ref idref="oc-1ba"/>
      </symbol>
      <symbol id="sm-c69">
         <name>_register_unlock</name>
         <value>0x208fd9</value>
         <object_component_ref idref="oc-1ba"/>
      </symbol>
      <symbol id="sm-d73">
         <name>__TI_printfi</name>
         <value>0x2023ed</value>
         <object_component_ref idref="oc-279"/>
      </symbol>
      <symbol id="sm-d88">
         <name>_args_main</name>
         <value>0x208f51</value>
         <object_component_ref idref="oc-91"/>
      </symbol>
      <symbol id="sm-d9e">
         <name>atoi</name>
         <value>0x20883d</value>
         <object_component_ref idref="oc-3c3"/>
      </symbol>
      <symbol id="sm-dc4">
         <name>__TI_auto_init</name>
         <value>0x2083a5</value>
         <object_component_ref idref="oc-8b"/>
      </symbol>
      <symbol id="sm-dde">
         <name>copy_in</name>
         <value>0x208889</value>
         <object_component_ref idref="oc-c4"/>
      </symbol>
      <symbol id="sm-de9">
         <name>_ctypes_</name>
         <value>0x2097fb</value>
         <object_component_ref idref="oc-4b6"/>
      </symbol>
      <symbol id="sm-e02">
         <name>__aeabi_stdout</name>
         <value>0x20005f8c</value>
         <object_component_ref idref="oc-472"/>
      </symbol>
      <symbol id="sm-e03">
         <name>__TI_tmpnams</name>
         <value>0x20005464</value>
         <object_component_ref idref="oc-5f8"/>
      </symbol>
      <symbol id="sm-e04">
         <name>__aeabi_stderr</name>
         <value>0x20005f90</value>
         <object_component_ref idref="oc-472"/>
      </symbol>
      <symbol id="sm-e05">
         <name>__aeabi_stdin</name>
         <value>0x20005f88</value>
         <object_component_ref idref="oc-472"/>
      </symbol>
      <symbol id="sm-e06">
         <name>_ftable</name>
         <value>0x20005c80</value>
         <object_component_ref idref="oc-27f"/>
      </symbol>
      <symbol id="sm-e07">
         <name>__TI_ft_end</name>
         <value>0x20005f84</value>
         <object_component_ref idref="oc-472"/>
      </symbol>
      <symbol id="sm-e0f">
         <name>_Errno</name>
         <value>0x20005fc4</value>
         <object_component_ref idref="oc-577"/>
      </symbol>
      <symbol id="sm-e33">
         <name>__aeabi_dsub</name>
         <value>0x20664d</value>
         <object_component_ref idref="oc-3a0"/>
      </symbol>
      <symbol id="sm-e34">
         <name>__aeabi_dadd</name>
         <value>0x206657</value>
         <object_component_ref idref="oc-3a0"/>
      </symbol>
      <symbol id="sm-e5b">
         <name>__aeabi_cdcmpeq</name>
         <value>0x2080c5</value>
         <object_component_ref idref="oc-37c"/>
      </symbol>
      <symbol id="sm-e5c">
         <name>__aeabi_cdcmple</name>
         <value>0x2080c5</value>
         <object_component_ref idref="oc-37c"/>
      </symbol>
      <symbol id="sm-e5d">
         <name>__aeabi_cdrcmple</name>
         <value>0x20814b</value>
         <object_component_ref idref="oc-38b"/>
      </symbol>
      <symbol id="sm-e7d">
         <name>__aeabi_ddiv</name>
         <value>0x206dcd</value>
         <object_component_ref idref="oc-386"/>
      </symbol>
      <symbol id="sm-e94">
         <name>__aeabi_dmul</name>
         <value>0x20737d</value>
         <object_component_ref idref="oc-381"/>
      </symbol>
      <symbol id="sm-ea2">
         <name>__aeabi_d2iz</name>
         <value>0x2088d5</value>
         <object_component_ref idref="oc-390"/>
      </symbol>
      <symbol id="sm-eb9">
         <name>putc</name>
         <value>0x20802d</value>
         <object_component_ref idref="oc-26d"/>
      </symbol>
      <symbol id="sm-eba">
         <name>fputc</name>
         <value>0x20802d</value>
         <object_component_ref idref="oc-26d"/>
      </symbol>
      <symbol id="sm-ebb">
         <name>putchar</name>
         <value>0x2080b1</value>
         <object_component_ref idref="oc-26d"/>
      </symbol>
      <symbol id="sm-edd">
         <name>puts</name>
         <value>0x20700f</value>
         <object_component_ref idref="oc-273"/>
      </symbol>
      <symbol id="sm-ede">
         <name>fputs</name>
         <value>0x206f05</value>
         <object_component_ref idref="oc-273"/>
      </symbol>
      <symbol id="sm-eeb">
         <name>frexp</name>
         <value>0x208e97</value>
         <object_component_ref idref="oc-3a5"/>
      </symbol>
      <symbol id="sm-ef5">
         <name>__aeabi_idiv0</name>
         <value>0x207b03</value>
         <object_component_ref idref="oc-4da"/>
      </symbol>
      <symbol id="sm-f01">
         <name>__aeabi_i2d</name>
         <value>0x208de5</value>
         <object_component_ref idref="oc-39b"/>
      </symbol>
      <symbol id="sm-f12">
         <name>ldexp</name>
         <value>0x2089ad</value>
         <object_component_ref idref="oc-3ab"/>
      </symbol>
      <symbol id="sm-f64">
         <name>open</name>
         <value>0x204d0b</value>
         <object_component_ref idref="oc-361"/>
      </symbol>
      <symbol id="sm-f65">
         <name>add_device</name>
         <value>0x204e2d</value>
         <object_component_ref idref="oc-361"/>
      </symbol>
      <symbol id="sm-f66">
         <name>remove_device</name>
         <value>0x204cbf</value>
         <object_component_ref idref="oc-361"/>
      </symbol>
      <symbol id="sm-f67">
         <name>lseek</name>
         <value>0x204db9</value>
         <object_component_ref idref="oc-361"/>
      </symbol>
      <symbol id="sm-f68">
         <name>read</name>
         <value>0x204ce7</value>
         <object_component_ref idref="oc-361"/>
      </symbol>
      <symbol id="sm-f69">
         <name>rename</name>
         <value>0x204c81</value>
         <object_component_ref idref="oc-361"/>
      </symbol>
      <symbol id="sm-f6a">
         <name>write</name>
         <value>0x204bcd</value>
         <object_component_ref idref="oc-361"/>
      </symbol>
      <symbol id="sm-f6b">
         <name>close</name>
         <value>0x204ddd</value>
         <object_component_ref idref="oc-361"/>
      </symbol>
      <symbol id="sm-f6c">
         <name>unlink</name>
         <value>0x204c5d</value>
         <object_component_ref idref="oc-361"/>
      </symbol>
      <symbol id="sm-f7b">
         <name>ltoa</name>
         <value>0x208741</value>
         <object_component_ref idref="oc-395"/>
      </symbol>
      <symbol id="sm-f8b">
         <name>memccpy</name>
         <value>0x208f35</value>
         <object_component_ref idref="oc-3bd"/>
      </symbol>
      <symbol id="sm-f9b">
         <name>memchr</name>
         <value>0x208edb</value>
         <object_component_ref idref="oc-36f"/>
      </symbol>
      <symbol id="sm-fab">
         <name>strchr</name>
         <value>0x208f97</value>
         <object_component_ref idref="oc-3b1"/>
      </symbol>
      <symbol id="sm-fba">
         <name>strcmp</name>
         <value>0x208f69</value>
         <object_component_ref idref="oc-477"/>
      </symbol>
      <symbol id="sm-fdb">
         <name>HOSTgetenv</name>
         <value>0x2053eb</value>
         <object_component_ref idref="oc-54d"/>
      </symbol>
      <symbol id="sm-fdc">
         <name>HOSTrename</name>
         <value>0x205293</value>
         <object_component_ref idref="oc-54d"/>
      </symbol>
      <symbol id="sm-fdd">
         <name>HOSTclose</name>
         <value>0x205429</value>
         <object_component_ref idref="oc-54d"/>
      </symbol>
      <symbol id="sm-fde">
         <name>HOSTunlink</name>
         <value>0x205221</value>
         <object_component_ref idref="oc-54d"/>
      </symbol>
      <symbol id="sm-fdf">
         <name>HOSTlseek</name>
         <value>0x20538f</value>
         <object_component_ref idref="oc-54d"/>
      </symbol>
      <symbol id="sm-fe0">
         <name>HOSTopen</name>
         <value>0x20533d</value>
         <object_component_ref idref="oc-54d"/>
      </symbol>
      <symbol id="sm-fe1">
         <name>HOSTclock</name>
         <value>0x205461</value>
         <object_component_ref idref="oc-54d"/>
      </symbol>
      <symbol id="sm-fe2">
         <name>HOSTwrite</name>
         <value>0x2051d5</value>
         <object_component_ref idref="oc-54d"/>
      </symbol>
      <symbol id="sm-fe3">
         <name>HOSTread</name>
         <value>0x2052f1</value>
         <object_component_ref idref="oc-54d"/>
      </symbol>
      <symbol id="sm-fe4">
         <name>HOSTtime</name>
         <value>0x205259</value>
         <object_component_ref idref="oc-54d"/>
      </symbol>
      <symbol id="sm-fff">
         <name>__TI_readmsg</name>
         <value>0x208583</value>
         <object_component_ref idref="oc-5c0"/>
      </symbol>
      <symbol id="sm-1000">
         <name>C$$IO$$</name>
         <value>0x20857f</value>
         <object_component_ref idref="oc-5c0"/>
      </symbol>
      <symbol id="sm-1001">
         <name>__CIOBUF_</name>
         <value>0x20005244</value>
         <object_component_ref idref="oc-5ff"/>
      </symbol>
      <symbol id="sm-1002">
         <name>__TI_writemsg</name>
         <value>0x208551</value>
         <object_component_ref idref="oc-5c0"/>
      </symbol>
      <symbol id="sm-102c">
         <name>__aeabi_uldivmod</name>
         <value>0x206295</value>
         <object_component_ref idref="oc-377"/>
      </symbol>
      <symbol id="sm-103a">
         <name>_Dclass</name>
         <value>0x208e6d</value>
         <object_component_ref idref="oc-3b7"/>
      </symbol>
      <symbol id="sm-105b">
         <name>_Dscale</name>
         <value>0x207165</value>
         <object_component_ref idref="oc-4a2"/>
      </symbol>
      <symbol id="sm-106f">
         <name>_Dunscale</name>
         <value>0x2085b9</value>
         <object_component_ref idref="oc-49a"/>
      </symbol>
      <symbol id="sm-107e">
         <name>_Feraise</name>
         <value>0x208d85</value>
         <object_component_ref idref="oc-4a8"/>
      </symbol>
      <symbol id="sm-108e">
         <name>_Rteps</name>
         <value>0x20005f50</value>
         <object_component_ref idref="oc-56c"/>
      </symbol>
      <symbol id="sm-108f">
         <name>_Zero</name>
         <value>0x20005f68</value>
         <object_component_ref idref="oc-56c"/>
      </symbol>
      <symbol id="sm-1090">
         <name>_Hugeval</name>
         <value>0x20005f10</value>
         <object_component_ref idref="oc-56c"/>
      </symbol>
      <symbol id="sm-1091">
         <name>_Snan</name>
         <value>0x20005f40</value>
         <object_component_ref idref="oc-56c"/>
      </symbol>
      <symbol id="sm-1092">
         <name>_Nan</name>
         <value>0x20005f30</value>
         <object_component_ref idref="oc-56c"/>
      </symbol>
      <symbol id="sm-1093">
         <name>_Inf</name>
         <value>0x20005f20</value>
         <object_component_ref idref="oc-56c"/>
      </symbol>
      <symbol id="sm-1094">
         <name>_Xbig</name>
         <value>0x20005f60</value>
         <object_component_ref idref="oc-56c"/>
      </symbol>
      <symbol id="sm-1095">
         <name>_Eps</name>
         <value>0x20005f00</value>
         <object_component_ref idref="oc-56c"/>
      </symbol>
      <symbol id="sm-1096">
         <name>_Denorm</name>
         <value>0x20005ef0</value>
         <object_component_ref idref="oc-56c"/>
      </symbol>
      <symbol id="sm-10b4">
         <name>__TI_wrt_ok</name>
         <value>0x207c61</value>
         <object_component_ref idref="oc-355"/>
      </symbol>
      <symbol id="sm-10b5">
         <name>__TI_rd_ok</name>
         <value>0x207cc3</value>
         <object_component_ref idref="oc-355"/>
      </symbol>
      <symbol id="sm-10d3">
         <name>feraiseexcept</name>
         <value>0x208c5d</value>
         <object_component_ref idref="oc-571"/>
      </symbol>
      <symbol id="sm-10d4">
         <name>_Tls_setup__Fenv</name>
         <value>0x20005fb4</value>
         <object_component_ref idref="oc-5e8"/>
      </symbol>
      <symbol id="sm-10d5">
         <name>_Fenv</name>
         <value>0x20005fb0</value>
         <object_component_ref idref="oc-5e8"/>
      </symbol>
      <symbol id="sm-10ef">
         <name>__TI_doflush</name>
         <value>0x20797d</value>
         <object_component_ref idref="oc-35b"/>
      </symbol>
      <symbol id="sm-10f0">
         <name>fflush</name>
         <value>0x2079c9</value>
         <object_component_ref idref="oc-35b"/>
      </symbol>
      <symbol id="sm-1102">
         <name>fseek</name>
         <value>0x208685</value>
         <object_component_ref idref="oc-464"/>
      </symbol>
      <symbol id="sm-1116">
         <name>raise</name>
         <value>0x208e13</value>
         <object_component_ref idref="oc-5e2"/>
      </symbol>
      <symbol id="sm-1132">
         <name>setvbuf</name>
         <value>0x207569</value>
         <object_component_ref idref="oc-46a"/>
      </symbol>
      <symbol id="sm-114c">
         <name>signal</name>
         <value>0x208a7d</value>
         <object_component_ref idref="oc-60a"/>
      </symbol>
      <symbol id="sm-115a">
         <name>strcpy</name>
         <value>0x208fad</value>
         <object_component_ref idref="oc-5c6"/>
      </symbol>
      <symbol id="sm-116f">
         <name>_Dnorm</name>
         <value>0x207a45</value>
         <object_component_ref idref="oc-562"/>
      </symbol>
      <symbol id="sm-11a6">
         <name>__TI_cleanup</name>
         <value>0x206551</value>
         <object_component_ref idref="oc-538"/>
      </symbol>
      <symbol id="sm-11a7">
         <name>freopen</name>
         <value>0x20657d</value>
         <object_component_ref idref="oc-538"/>
      </symbol>
      <symbol id="sm-11a8">
         <name>fopen</name>
         <value>0x2065a7</value>
         <object_component_ref idref="oc-538"/>
      </symbol>
      <symbol id="sm-121a">
         <name>_sys_memory</name>
         <value>0x20000318</value>
         <object_component_ref idref="oc-42"/>
      </symbol>
      <symbol id="sm-121b">
         <name>free</name>
         <value>0x2045d3</value>
         <object_component_ref idref="oc-532"/>
      </symbol>
      <symbol id="sm-121c">
         <name>realloc</name>
         <value>0x204695</value>
         <object_component_ref idref="oc-532"/>
      </symbol>
      <symbol id="sm-121d">
         <name>memalign</name>
         <value>0x2047a1</value>
         <object_component_ref idref="oc-532"/>
      </symbol>
      <symbol id="sm-121e">
         <name>calloc</name>
         <value>0x204885</value>
         <object_component_ref idref="oc-532"/>
      </symbol>
      <symbol id="sm-121f">
         <name>malloc</name>
         <value>0x20456b</value>
         <object_component_ref idref="oc-532"/>
      </symbol>
      <symbol id="sm-1220">
         <name>minit</name>
         <value>0x2044dd</value>
         <object_component_ref idref="oc-532"/>
      </symbol>
      <symbol id="sm-1236">
         <name>__TI_closefile</name>
         <value>0x207f95</value>
         <object_component_ref idref="oc-5b3"/>
      </symbol>
      <symbol id="sm-1237">
         <name>fclose</name>
         <value>0x207ffb</value>
         <object_component_ref idref="oc-5b3"/>
      </symbol>
      <symbol id="sm-1239">
         <name>__TI_static_base__</name>
         <value>0x209c88</value>
      </symbol>
      <symbol id="sm-123e">
         <name>SHT$$INIT_ARRAY$$Limit</name>
         <value>0x0</value>
      </symbol>
      <symbol id="sm-123f">
         <name>SHT$$INIT_ARRAY$$Base</name>
         <value>0x0</value>
      </symbol>
      <symbol id="sm-1240">
         <name>SysCtlSleep</name>
         <value>0x20907f</value>
      </symbol>
      <symbol id="sm-1241">
         <name>remove</name>
         <value>0x204c5d</value>
      </symbol>
   </symbol_table>
   <title>Link successful</title>
</link_info>
